
> zardonic-industrial@1.0.0 test
> NODE_OPTIONS='--disable-warning=DEP0169' vitest run


[1m[46m RUN [49m[22m [36mv4.1.2 [39m[90m/app[39m

[90mstderr[2m | src/test/configurable-security.test.ts[2m > [22m[2mCanary Alerts API: GET /api/canary-alerts[2m > [22m[2mreturns alerts from KV
[22m[39mCanary alerts API error: TypeError: kv.lrange is not a function
    at handler [90m(/app/[39mapi/canary-alerts.ts:59:26[90m)[39m
[90m    at processTicksAndRejections (node:internal/process/task_queues:103:5)[39m
    at [90m/app/[39msrc/test/configurable-security.test.ts:181:5

[90mstderr[2m | src/test/configurable-security.test.ts[2m > [22m[2mCanary Alerts API: GET /api/canary-alerts[2m > [22m[2mreturns empty array when no alerts exist
[22m[39mCanary alerts API error: TypeError: kv.lrange is not a function
    at handler [90m(/app/[39mapi/canary-alerts.ts:59:26[90m)[39m
[90m    at processTicksAndRejections (node:internal/process/task_queues:103:5)[39m
    at [90m/app/[39msrc/test/configurable-security.test.ts:193:5

[90mstderr[2m | src/test/configurable-security.test.ts[2m > [22m[2mCanary Alerts API: GET /api/canary-alerts[2m > [22m[2mhandles KV errors gracefully
[22m[39mCanary alerts API error: TypeError: kv.lrange is not a function
    at handler [90m(/app/[39mapi/canary-alerts.ts:59:26[90m)[39m
[90m    at processTicksAndRejections (node:internal/process/task_queues:103:5)[39m
    at [90m/app/[39msrc/test/configurable-security.test.ts:200:5

[90mstderr[2m | src/test/terminal-api.test.ts
[22m[39m[Upstash Redis] The 'url' property is missing or undefined in your Redis config.
[Upstash Redis] The 'token' property is missing or undefined in your Redis config.

[90mstderr[2m | src/test/terminal-api.test.ts[2m > [22m[2mTerminal API handler[2m > [22m[2mreturns matching command output
[22m[39m[Upstash Redis] Redis client was initialized without url or token. Failed to execute command.

[90mstderr[2m | src/test/use-kv.test.ts[2m > [22m[2museKV[2m > [22m[2mreturns undefined initially and then the default value when API returns nothing
[22m[39mAn update to TestComponent inside a test was not wrapped in act(...).

When testing, code that causes React state updates should be wrapped into act(...):

act(() => {
  /* fire events that update state */
});
/* assert on the output */

This ensures that you're testing the behavior the user would see in the browser. Learn more at https://react.dev/link/wrap-tests-with-act

 [31m❯[39m src/test/use-kv.test.ts [2m([22m[2m13 tests[22m[2m | [22m[31m3 failed[39m[2m)[22m[33m 1734[2mms[22m[39m
[31m     [31m×[31m returns undefined initially and then the default value when API returns nothing[39m[32m 47[2mms[22m[39m
     [32m✓[39m returns value from API when available[32m 57[2mms[22m[39m
     [32m✓[39m uses default value when API fails[32m 56[2mms[22m[39m
     [32m✓[39m updateValue changes state immediately[32m 57[2mms[22m[39m
     [32m✓[39m updateValue with updater function receives current value[32m 57[2mms[22m[39m
     [32m✓[39m does not POST to KV before initial load completes[32m 56[2mms[22m[39m
[31m     [31m×[31m sends x-session-token and credentials on authenticated POST[39m[33m 1068[2mms[22m[39m
[31m     [31m×[31m does not POST when no admin token is present[39m[32m 58[2mms[22m[39m
     [32m✓[39m handles non-200 GET response gracefully[32m 55[2mms[22m[39m
     [32m✓[39m loads from localStorage when API returns null[32m 55[2mms[22m[39m
     [32m✓[39m loads from localStorage when API fails[32m 54[2mms[22m[39m
     [32m✓[39m saves to localStorage immediately on update[32m 55[2mms[22m[39m
     [32m✓[39m syncs localStorage with API data on successful fetch[32m 54[2mms[22m[39m
 [31m❯[39m src/test/configurable-security.test.ts [2m([22m[2m20 tests[22m[2m | [22m[31m2 failed[39m[2m)[22m[33m 3272[2mms[22m[39m
     [32m✓[39m uses default thresholds when no custom thresholds provided[32m 3[2mms[22m[39m
     [32m✓[39m uses custom thresholds when provided[32m 1[2mms[22m[39m
     [32m✓[39m returns defaults when no settings in KV[32m 1[2mms[22m[39m
     [32m✓[39m returns custom thresholds from KV settings[32m 0[2mms[22m[39m
     [32m✓[39m falls back to defaults on KV error[32m 1[2mms[22m[39m
     [32m✓[39m returns defaults when no settings in KV[32m 1[2mms[22m[39m
     [32m✓[39m returns custom points from KV settings[32m 1[2mms[22m[39m
     [32m✓[39m falls back to defaults on KV error[32m 0[2mms[22m[39m
     [32m✓[39m returns 405 for non-GET methods[32m 3[2mms[22m[39m
[31m     [31m×[31m returns alerts from KV[39m[32m 20[2mms[22m[39m
[31m     [31m×[31m returns empty array when no alerts exist[39m[32m 3[2mms[22m[39m
     [32m✓[39m handles KV errors gracefully[32m 1[2mms[22m[39m
     [32m✓[39m returns 200 for OPTIONS (CORS preflight)[32m 0[2mms[22m[39m
     [33m[2m✓[22m[39m DEFAULT_SETTINGS includes threat level thresholds [33m 3176[2mms[22m[39m
     [32m✓[39m DEFAULT_SETTINGS includes threat reason points[32m 1[2mms[22m[39m
     [32m✓[39m DEFAULT_SETTINGS includes alert channel configuration[32m 0[2mms[22m[39m
     [32m✓[39m all new settings are JSON-serializable[32m 0[2mms[22m[39m
     [32m✓[39m has translations for threat thresholds[32m 53[2mms[22m[39m
     [32m✓[39m has translations for reason points[32m 0[2mms[22m[39m
     [32m✓[39m has translations for alert channels[32m 0[2mms[22m[39m
 [31m❯[39m src/test/auth-security.test.ts [2m([22m[2m6 tests[22m[2m | [22m[31m6 failed[39m[2m)[22m[33m 306[2mms[22m[39m
[31m     [31m×[31m rejects password change without currentPassword even with valid session[39m[32m 14[2mms[22m[39m
[31m     [31m×[31m rejects password change with wrong currentPassword[39m[32m 78[2mms[22m[39m
[31m     [31m×[31m invalidates all sessions and creates new one after password change[39m[32m 67[2mms[22m[39m
[31m     [31m×[31m sets session with 4-hour TTL on login[39m[32m 70[2mms[22m[39m
[31m     [31m×[31m stores fingerprint when creating session[39m[32m 72[2mms[22m[39m
[31m     [31m×[31m rejects session with mismatched fingerprint (different User-Agent)[39m[32m 2[2mms[22m[39m
[90mstderr[2m | src/test/terminal-api.test.ts[2m > [22m[2mTerminal API handler[2m > [22m[2mreturns matching command output
[22m[39mTerminal API error: TypeError: Failed to parse URL from /pipeline
[90m    at node:internal/deps/undici/undici:14902:13[39m
    at HttpClient.request [90m(file:///app/[39mnode_modules/[4m@upstash/redis[24m/chunk-IH7W44G6.mjs:170:15[90m)[39m
    at Pipeline.exec [90m(file:///app/[39mnode_modules/[4m@upstash/redis[24m/chunk-IH7W44G6.mjs:3057:17[90m)[39m
    at AutoPipelineExecutor.withAutoPipeline [90m(file:///app/[39mnode_modules/[4m@upstash/redis[24m/chunk-IH7W44G6.mjs:4000:21[90m)[39m
    at handler [90m(/app/[39mapi/terminal.ts:84:22[90m)[39m
    at [90m/app/[39msrc/test/terminal-api.test.ts:84:5
    at [90mfile:///app/[39mnode_modules/[4m@vitest/runner[24m/dist/chunk-artifact.js:1893:20 {
  [cause]: TypeError: Invalid URL
  [90m    at new URL (node:internal/url:818:25)[39m
      at new URL [90m(file:///app/[39mnode_modules/[4mvitest[24m/dist/chunks/index.DC7d2Pf8.js:557:2[90m)[39m
  [90m    at new Request (node:internal/deps/undici/undici:9776:25)[39m
  [90m    at fetch (node:internal/deps/undici/undici:10505:25)[39m
  [90m    at fetch (node:internal/deps/undici/undici:14900:10)[39m
  [90m    at fetch (node:internal/bootstrap/web/exposed-window-or-worker:75:12)[39m
      at HttpClient.request [90m(file:///app/[39mnode_modules/[4m@upstash/redis[24m/chunk-IH7W44G6.mjs:170:21[90m)[39m
      at Pipeline.exec [90m(file:///app/[39mnode_modules/[4m@upstash/redis[24m/chunk-IH7W44G6.mjs:3057:17[90m)[39m
      at AutoPipelineExecutor.withAutoPipeline [90m(file:///app/[39mnode_modules/[4m@upstash/redis[24m/chunk-IH7W44G6.mjs:4000:21[90m)[39m
      at handler [90m(/app/[39mapi/terminal.ts:84:22[90m)[39m {
    code: [32m'ERR_INVALID_URL'[39m,
    input: [32m'/pipeline'[39m
  }
}

[90mstderr[2m | src/test/terminal-api.test.ts[2m > [22m[2mTerminal API handler[2m > [22m[2mreturns file info when command has fileUrl
[22m[39m[Upstash Redis] Redis client was initialized without url or token. Failed to execute command.

 [31m❯[39m src/test/auth-api.test.ts [2m([22m[2m36 tests[22m[2m | [22m[31m29 failed[39m[2m)[22m[32m 255[2mms[22m[39m
[31m     [31m×[31m extracts token from zd-session cookie[39m[32m 12[2mms[22m[39m
[31m     [31m×[31m extracts token from cookie with other cookies before it[39m[32m 2[2mms[22m[39m
     [32m✓[39m returns null when cookie not present[32m 1[2mms[22m[39m
     [32m✓[39m returns null when zd-session is absent from cookies[32m 0[2mms[22m[39m
     [32m✓[39m produces scrypt:<salt>:<key> format[32m 67[2mms[22m[39m
     [32m✓[39m produces a unique salt on each call[32m 133[2mms[22m[39m
     [32m✓[39m OPTIONS returns 200[32m 2[2mms[22m[39m
     [32m✓[39m returns 503 when KV not configured[32m 1[2mms[22m[39m
[31m       [31m×[31m returns authenticated:false + needsSetup:true when no password set[39m[32m 6[2mms[22m[39m
[31m       [31m×[31m returns needsSetup:false when password is stored[39m[32m 2[2mms[22m[39m
[31m       [31m×[31m returns totpEnabled:true when TOTP secret stored[39m[32m 1[2mms[22m[39m
[31m       [31m×[31m returns setupTokenRequired:true when ADMIN_SETUP_TOKEN env is set[39m[32m 1[2mms[22m[39m
[31m       [31m×[31m sets password and returns success[39m[32m 2[2mms[22m[39m
[31m       [31m×[31m returns 409 if password already configured[39m[32m 1[2mms[22m[39m
[31m       [31m×[31m returns 403 if setup token is wrong[39m[32m 1[2mms[22m[39m
[31m       [31m×[31m returns 400 for password too short[39m[32m 1[2mms[22m[39m
[31m       [31m×[31m returns success on valid SHA-256 password[39m[32m 1[2mms[22m[39m
[31m       [31m×[31m returns 401 on invalid password[39m[32m 1[2mms[22m[39m
[31m       [31m×[31m returns 401 when no password hash is stored[39m[32m 1[2mms[22m[39m
[31m       [31m×[31m returns 403 totpRequired when TOTP enabled but no code provided[39m[32m 1[2mms[22m[39m
[31m       [31m×[31m returns 403 on invalid TOTP code[39m[32m 1[2mms[22m[39m
[31m       [31m×[31m succeeds with correct TOTP code 123456[39m[32m 1[2mms[22m[39m
[31m       [31m×[31m returns 400 for missing body[39m[32m 1[2mms[22m[39m
[31m       [31m×[31m returns 400 for empty body object[39m[32m 1[2mms[22m[39m
[31m       [31m×[31m returns 401 when not authenticated[39m[32m 1[2mms[22m[39m
       [32m✓[39m returns 403 when currentPassword is wrong[32m 1[2mms[22m[39m
[31m       [31m×[31m returns 401 when not authenticated[39m[32m 1[2mms[22m[39m
[31m       [31m×[31m returns TOTP URI and secret when authenticated and no existing TOTP[39m[32m 1[2mms[22m[39m
[31m       [31m×[31m returns 409 when TOTP already configured[39m[32m 1[2mms[22m[39m
[31m       [31m×[31m returns 401 when not authenticated[39m[32m 1[2mms[22m[39m
[31m       [31m×[31m returns 400 when no pending TOTP enrollment[39m[32m 1[2mms[22m[39m
[31m       [31m×[31m returns 403 on wrong TOTP code during verify[39m[32m 2[2mms[22m[39m
[31m       [31m×[31m enables TOTP on correct code[39m[32m 1[2mms[22m[39m
[31m       [31m×[31m clears session cookie and deletes session from Redis[39m[32m 1[2mms[22m[39m
[31m       [31m×[31m still returns success when no session cookie[39m[32m 1[2mms[22m[39m
[31m     [31m×[31m returns 405 for unsupported methods[39m[32m 1[2mms[22m[39m
 [31m❯[39m src/test/drive-download.test.ts [2m([22m[2m7 tests[22m[2m | [22m[31m3 failed[39m[2m)[22m[32m 257[2mms[22m[39m
     [32m✓[39m rejects non-GET methods with 405[32m 5[2mms[22m[39m
     [32m✓[39m returns 400 for missing fileId[32m 3[2mms[22m[39m
     [32m✓[39m returns 400 for invalid fileId format[32m 1[2mms[22m[39m
     [32m✓[39m stops if rate limited[32m 1[2mms[22m[39m
[31m     [31m×[31m redirects to Google Drive download URL with 307 status[39m[32m 99[2mms[22m[39m
[31m     [31m×[31m properly encodes fileId in redirect URL[39m[32m 125[2mms[22m[39m
[31m     [31m×[31m always redirects regardless of file size[39m[32m 21[2mms[22m[39m
 [31m❯[39m src/test/attacker-profile-api.test.ts [2m([22m[2m12 tests[22m[2m | [22m[31m9 failed[39m[2m)[22m[32m 34[2mms[22m[39m
     [32m✓[39m OPTIONS returns 200[32m 5[2mms[22m[39m
     [32m✓[39m returns 503 when KV not configured[32m 1[2mms[22m[39m
     [32m✓[39m returns 403 without valid session[32m 1[2mms[22m[39m
[31m       [31m×[31m returns 404 when profile not found[39m[32m 10[2mms[22m[39m
[31m       [31m×[31m returns profile with behavioral patterns when found[39m[32m 4[2mms[22m[39m
[31m       [31m×[31m returns empty profiles list when none exist[39m[32m 2[2mms[22m[39m
[31m       [31m×[31m returns paginated profiles[39m[32m 1[2mms[22m[39m
[31m       [31m×[31m returns 400 for limit > 100[39m[32m 1[2mms[22m[39m
[31m       [31m×[31m returns 400 when hashedIp is missing[39m[32m 2[2mms[22m[39m
[31m       [31m×[31m deletes the profile successfully[39m[32m 2[2mms[22m[39m
[31m       [31m×[31m returns 400 for hashedIp too short[39m[32m 1[2mms[22m[39m
[31m     [31m×[31m returns 405 for unsupported methods[39m[32m 1[2mms[22m[39m
 [31m❯[39m src/test/auth-setup-totp.test.ts [2m([22m[2m14 tests[22m[2m | [22m[31m14 failed[39m[2m)[22m[32m 174[2mms[22m[39m
[31m     [31m×[31m allows setup without token when ADMIN_SETUP_TOKEN is not configured[39m[32m 15[2mms[22m[39m
[31m     [31m×[31m rejects setup without token when ADMIN_SETUP_TOKEN is configured[39m[32m 2[2mms[22m[39m
[31m     [31m×[31m rejects setup with wrong token when ADMIN_SETUP_TOKEN is configured[39m[32m 2[2mms[22m[39m
[31m     [31m×[31m allows setup with correct token when ADMIN_SETUP_TOKEN is configured[39m[32m 2[2mms[22m[39m
[31m     [31m×[31m reports setupTokenRequired in GET response when ADMIN_SETUP_TOKEN is set[39m[32m 3[2mms[22m[39m
[31m     [31m×[31m reports setupTokenRequired=false in GET response when ADMIN_SETUP_TOKEN is not set[39m[32m 1[2mms[22m[39m
[31m     [31m×[31m reports totpEnabled=false when no TOTP secret stored[39m[32m 1[2mms[22m[39m
[31m     [31m×[31m reports totpEnabled=true when TOTP secret is stored[39m[32m 1[2mms[22m[39m
[31m     [31m×[31m totp-setup requires authentication[39m[32m 2[2mms[22m[39m
[31m     [31m×[31m totp-setup returns TOTP URI and secret when authenticated[39m[32m 2[2mms[22m[39m
[31m     [31m×[31m totp-setup rejects when TOTP is already configured[39m[32m 1[2mms[22m[39m
[31m     [31m×[31m login requires TOTP code when TOTP is enabled[39m[32m 71[2mms[22m[39m
[31m     [31m×[31m login succeeds without TOTP code when TOTP is not enabled[39m[32m 67[2mms[22m[39m
[31m     [31m×[31m totp-disable requires password and valid TOTP code[39m[32m 2[2mms[22m[39m
 [31m❯[39m src/test/analytics-api.test.ts [2m([22m[2m14 tests[22m[2m | [22m[31m12 failed[39m[2m)[22m[32m 35[2mms[22m[39m
     [32m✓[39m OPTIONS returns 200[32m 5[2mms[22m[39m
       [32m✓[39m should return 503 when Redis is not configured[32m 3[2mms[22m[39m
[31m       [31m×[31m should return empty analytics snapshot when no data[39m[32m 10[2mms[22m[39m
[31m       [31m×[31m should return snapshot when data exists[39m[32m 3[2mms[22m[39m
[31m       [31m×[31m should require session for GET[39m[32m 1[2mms[22m[39m
[31m       [31m×[31m should return heatmap data for type=heatmap[39m[32m 2[2mms[22m[39m
[31m       [31m×[31m should record a page_view event[39m[32m 2[2mms[22m[39m
[31m       [31m×[31m should record a section_view event[39m[32m 1[2mms[22m[39m
[31m       [31m×[31m should reject invalid event type[39m[32m 1[2mms[22m[39m
[31m       [31m×[31m should reject missing body[39m[32m 1[2mms[22m[39m
[31m       [31m×[31m should reject excessively large body (>4096 bytes)[39m[32m 1[2mms[22m[39m
[31m       [31m×[31m should require session for DELETE[39m[32m 1[2mms[22m[39m
[31m       [31m×[31m should delete analytics data with valid session[39m[32m 1[2mms[22m[39m
[31m     [31m×[31m should return 405 for unsupported methods[39m[32m 1[2mms[22m[39m
[90mstderr[2m | src/test/denied-handler.test.ts[2m > [22m[2mDenied handler: robots.txt access violation response[2m > [22m[2mreturns 403 with HTML content
[22m[39m[SECURITY:SCANNER_DETECTED] {"id":"4dd2e7a1e0f0cc5c","timestamp":"2026-04-07T08:41:46.272Z","event":"SCANNER_DETECTED","severity":"high","hashedIp":"hashed-ip-test","userAgent":"TestBot/1.0","method":"GET","url":"/api/denied","countermeasure":"SCANNER_IDENTIFIED","details":{"toolName":"Unknown Bot","category":"UNKNOWN_BOT","confidence":"medium","threatMultiplier":1.5,"signals":["MISSING_ACCEPT_LANGUAGE","MISSING_ACCEPT"]}}

[90mstderr[2m | src/test/denied-handler.test.ts[2m > [22m[2mDenied handler: robots.txt access violation response[2m > [22m[2mreturns 403 with HTML content
[22m[39m[SECURITY:ACCESS_VIOLATION] {"id":"e3bf3f4d995528fb","timestamp":"2026-04-07T08:41:46.272Z","event":"ACCESS_VIOLATION","severity":"warn","hashedIp":"hashed-ip-test","userAgent":"TestBot/1.0","method":"GET","url":"/admin/login","countermeasure":"TARPITTED","threatScore":5,"threatLevel":"WARN","details":{"scannerMultiplier":1.5}}

[90mstderr[2m | src/test/denied-handler.test.ts[2m > [22m[2mDenied handler: robots.txt access violation response[2m > [22m[2mflags the requesting IP as an attacker
[22m[39m[SECURITY:SCANNER_DETECTED] {"id":"0fcf5ef148316013","timestamp":"2026-04-07T08:41:46.293Z","event":"SCANNER_DETECTED","severity":"high","hashedIp":"hashed-ip-test","userAgent":"","method":"GET","url":"/api/denied","countermeasure":"SCANNER_IDENTIFIED","details":{"toolName":"Unknown Bot","category":"UNKNOWN_BOT","confidence":"high","threatMultiplier":1.5,"signals":["MISSING_ACCEPT_LANGUAGE","MISSING_ACCEPT","MISSING_USER_AGENT"]}}

[90mstderr[2m | src/test/denied-handler.test.ts[2m > [22m[2mDenied handler: robots.txt access violation response[2m > [22m[2mflags the requesting IP as an attacker
[22m[39m[SECURITY:ACCESS_VIOLATION] {"id":"748864fc70e40a5b","timestamp":"2026-04-07T08:41:46.293Z","event":"ACCESS_VIOLATION","severity":"warn","hashedIp":"hashed-ip-test","userAgent":"","method":"GET","url":"/wp-admin/","countermeasure":"TARPITTED","threatScore":5,"threatLevel":"WARN","details":{"scannerMultiplier":1.5}}

[90mstderr[2m | src/test/denied-handler.test.ts[2m > [22m[2mDenied handler: robots.txt access violation response[2m > [22m[2mpersists the violation alert to KV
[22m[39m[SECURITY:SCANNER_DETECTED] {"id":"0f163ddfe1d4df69","timestamp":"2026-04-07T08:41:46.298Z","event":"SCANNER_DETECTED","severity":"high","hashedIp":"hashed-ip-test","userAgent":"Scanner/2.0","method":"GET","url":"/api/denied","countermeasure":"SCANNER_IDENTIFIED","details":{"toolName":"Unknown Bot","category":"UNKNOWN_BOT","confidence":"medium","threatMultiplier":1.5,"signals":["MISSING_ACCEPT_LANGUAGE","MISSING_ACCEPT"]}}

[90mstderr[2m | src/test/denied-handler.test.ts[2m > [22m[2mDenied handler: robots.txt access violation response[2m > [22m[2mpersists the violation alert to KV
[22m[39m[SECURITY:ACCESS_VIOLATION] {"id":"f44015d5045d3847","timestamp":"2026-04-07T08:41:46.298Z","event":"ACCESS_VIOLATION","severity":"warn","hashedIp":"hashed-ip-test","userAgent":"Scanner/2.0","method":"GET","url":"/backup/db","countermeasure":"TARPITTED","threatScore":5,"threatLevel":"WARN","details":{"scannerMultiplier":1.5}}

[90mstderr[2m | src/test/denied-handler.test.ts[2m > [22m[2mDenied handler: robots.txt access violation response[2m > [22m[2minjects entropy headers into the response
[22m[39m[SECURITY:SCANNER_DETECTED] {"id":"4f05b94d5ffc24fe","timestamp":"2026-04-07T08:41:46.302Z","event":"SCANNER_DETECTED","severity":"high","hashedIp":"hashed-ip-test","userAgent":"","method":"GET","url":"/api/denied","countermeasure":"SCANNER_IDENTIFIED","details":{"toolName":"Unknown Bot","category":"UNKNOWN_BOT","confidence":"high","threatMultiplier":1.5,"signals":["MISSING_ACCEPT_LANGUAGE","MISSING_ACCEPT","MISSING_USER_AGENT"]}}

[90mstderr[2m | src/test/denied-handler.test.ts[2m > [22m[2mDenied handler: robots.txt access violation response[2m > [22m[2minjects entropy headers into the response
[22m[39m[SECURITY:ACCESS_VIOLATION] {"id":"9bcca80a3b4f50a3","timestamp":"2026-04-07T08:41:46.302Z","event":"ACCESS_VIOLATION","severity":"warn","hashedIp":"hashed-ip-test","userAgent":"","method":"GET","url":"/api/denied","countermeasure":"TARPITTED","threatScore":5,"threatLevel":"WARN","details":{"scannerMultiplier":1.5}}

[90mstderr[2m | src/test/denied-handler.test.ts[2m > [22m[2mDenied handler: robots.txt access violation response[2m > [22m[2mincludes navigation links in response for crawler recursion
[22m[39m[SECURITY:SCANNER_DETECTED] {"id":"46cdb0384dcd4860","timestamp":"2026-04-07T08:41:46.306Z","event":"SCANNER_DETECTED","severity":"high","hashedIp":"hashed-ip-test","userAgent":"","method":"GET","url":"/api/denied","countermeasure":"SCANNER_IDENTIFIED","details":{"toolName":"Unknown Bot","category":"UNKNOWN_BOT","confidence":"high","threatMultiplier":1.5,"signals":["MISSING_ACCEPT_LANGUAGE","MISSING_ACCEPT","MISSING_USER_AGENT"]}}

[90mstderr[2m | src/test/denied-handler.test.ts[2m > [22m[2mDenied handler: robots.txt access violation response[2m > [22m[2mincludes navigation links in response for crawler recursion
[22m[39m[SECURITY:ACCESS_VIOLATION] {"id":"2a2ae3428115793d","timestamp":"2026-04-07T08:41:46.306Z","event":"ACCESS_VIOLATION","severity":"warn","hashedIp":"hashed-ip-test","userAgent":"","method":"GET","url":"/config/","countermeasure":"TARPITTED","threatScore":5,"threatLevel":"WARN","details":{"scannerMultiplier":1.5}}

[90mstderr[2m | src/test/denied-handler.test.ts[2m > [22m[2mDenied handler: robots.txt access violation response[2m > [22m[2mdoes not throw when KV persistence fails
[22m[39m[SECURITY:SCANNER_DETECTED] {"id":"c93ab4c337123684","timestamp":"2026-04-07T08:41:46.310Z","event":"SCANNER_DETECTED","severity":"high","hashedIp":"hashed-ip-test","userAgent":"","method":"GET","url":"/api/denied","countermeasure":"SCANNER_IDENTIFIED","details":{"toolName":"Unknown Bot","category":"UNKNOWN_BOT","confidence":"high","threatMultiplier":1.5,"signals":["MISSING_ACCEPT_LANGUAGE","MISSING_ACCEPT","MISSING_USER_AGENT"]}}

[90mstderr[2m | src/test/denied-handler.test.ts[2m > [22m[2mDenied handler: robots.txt access violation response[2m > [22m[2mdoes not throw when KV persistence fails
[22m[39m[SECURITY:ACCESS_VIOLATION] {"id":"e68ccf5a65ee7f9d","timestamp":"2026-04-07T08:41:46.310Z","event":"ACCESS_VIOLATION","severity":"warn","hashedIp":"hashed-ip-test","userAgent":"","method":"GET","url":"/debug/","countermeasure":"TARPITTED","threatScore":5,"threatLevel":"WARN","details":{"scannerMultiplier":1.5}}

 [31m❯[39m src/test/denied-handler.test.ts [2m([22m[2m7 tests[22m[2m | [22m[31m1 failed[39m[2m)[22m[32m 63[2mms[22m[39m
     [32m✓[39m returns 403 with HTML content[32m 22[2mms[22m[39m
     [32m✓[39m flags the requesting IP as an attacker[32m 5[2mms[22m[39m
     [32m✓[39m persists the violation alert to KV[32m 4[2mms[22m[39m
     [32m✓[39m injects entropy headers into the response[32m 4[2mms[22m[39m
     [32m✓[39m includes navigation links in response for crawler recursion[32m 4[2mms[22m[39m
     [32m✓[39m does not throw when KV persistence fails[32m 10[2mms[22m[39m
[31m     [31m×[31m uses _src query param as the reported path[39m[32m 11[2mms[22m[39m
[90mstderr[2m | src/test/security.test.ts[2m > [22m[2mSecurity: KV API key validation[2m > [22m[2mrejects GET with overly long key
[22m[39mKV not configured: Missing KV_REST_API_URL or KV_REST_API_TOKEN environment variables

[90mstderr[2m | src/test/security.test.ts[2m > [22m[2mSecurity: KV API key validation[2m > [22m[2mrejects GET with key containing newline characters
[22m[39mKV not configured: Missing KV_REST_API_URL or KV_REST_API_TOKEN environment variables

[90mstderr[2m | src/test/security.test.ts[2m > [22m[2mSecurity: KV API key validation[2m > [22m[2mrejects GET with key containing carriage return
[22m[39mKV not configured: Missing KV_REST_API_URL or KV_REST_API_TOKEN environment variables

[90mstderr[2m | src/test/security.test.ts[2m > [22m[2mSecurity: KV API key validation[2m > [22m[2mrejects GET with key containing null byte
[22m[39mKV not configured: Missing KV_REST_API_URL or KV_REST_API_TOKEN environment variables

[90mstderr[2m | src/test/security.test.ts[2m > [22m[2mSecurity: KV API key validation[2m > [22m[2mrejects POST with overly long key
[22m[39mKV not configured: Missing KV_REST_API_URL or KV_REST_API_TOKEN environment variables

[90mstderr[2m | src/test/security.test.ts[2m > [22m[2mSecurity: KV API key validation[2m > [22m[2mrejects POST with key containing newline
[22m[39mKV not configured: Missing KV_REST_API_URL or KV_REST_API_TOKEN environment variables

[90mstderr[2m | src/test/security.test.ts[2m > [22m[2mSecurity: KV API key validation[2m > [22m[2mrejects POST writes to analytics key prefix
[22m[39mKV not configured: Missing KV_REST_API_URL or KV_REST_API_TOKEN environment variables

[90mstderr[2m | src/test/security.test.ts[2m > [22m[2mSecurity: KV API key validation[2m > [22m[2mrejects POST writes to heatmap key prefix
[22m[39mKV not configured: Missing KV_REST_API_URL or KV_REST_API_TOKEN environment variables

[90mstderr[2m | src/test/security.test.ts[2m > [22m[2mSecurity: KV API key validation[2m > [22m[2mrejects POST writes to image cache key prefix
[22m[39mKV not configured: Missing KV_REST_API_URL or KV_REST_API_TOKEN environment variables

[90mstderr[2m | src/test/security.test.ts[2m > [22m[2mSecurity: KV API key validation[2m > [22m[2mallows POST writes to legitimate keys
[22m[39mKV not configured: Missing KV_REST_API_URL or KV_REST_API_TOKEN environment variables

[90mstderr[2m | src/test/security.test.ts[2m > [22m[2mSecurity: Honeytoken detection[2m > [22m[2mreturns 403 with taunting message when accessing a honeytoken key via GET
[22m[39mKV not configured: Missing KV_REST_API_URL or KV_REST_API_TOKEN environment variables

[90mstderr[2m | src/test/security.test.ts[2m > [22m[2mSecurity: Honeytoken detection[2m > [22m[2mreturns 403 with taunting message when writing to a honeytoken key via POST
[22m[39mKV not configured: Missing KV_REST_API_URL or KV_REST_API_TOKEN environment variables

[90mstderr[2m | src/test/security.test.ts[2m > [22m[2mSecurity: Entropy injection for flagged attackers[2m > [22m[2minjects entropy headers and defense headers when the request comes from a flagged attacker
[22m[39mKV not configured: Missing KV_REST_API_URL or KV_REST_API_TOKEN environment variables

[90mstderr[2m | src/test/security.test.ts[2m > [22m[2mSecurity: Entropy injection for flagged attackers[2m > [22m[2mdoes not inject entropy headers for normal requests
[22m[39mKV not configured: Missing KV_REST_API_URL or KV_REST_API_TOKEN environment variables

 [31m❯[39m src/test/security.test.ts [2m([22m[2m56 tests[22m[2m | [22m[31m13 failed[39m[2m)[22m[32m 61[2mms[22m[39m
     [32m✓[39m handles different length strings without early return on length[32m 3[2mms[22m[39m
     [32m✓[39m returns true for identical strings of various lengths[32m 1[2mms[22m[39m
     [32m✓[39m returns false when one string is empty[32m 0[2mms[22m[39m
     [32m✓[39m returns false for non-string inputs[32m 1[2mms[22m[39m
[31m     [31m×[31m rejects GET with overly long key[39m[32m 17[2mms[22m[39m
[31m     [31m×[31m rejects GET with key containing newline characters[39m[32m 2[2mms[22m[39m
[31m     [31m×[31m rejects GET with key containing carriage return[39m[32m 2[2mms[22m[39m
[31m     [31m×[31m rejects GET with key containing null byte[39m[32m 1[2mms[22m[39m
[31m     [31m×[31m rejects POST with overly long key[39m[32m 2[2mms[22m[39m
[31m     [31m×[31m rejects POST with key containing newline[39m[32m 2[2mms[22m[39m
[31m     [31m×[31m rejects POST writes to analytics key prefix[39m[32m 1[2mms[22m[39m
[31m     [31m×[31m rejects POST writes to heatmap key prefix[39m[32m 1[2mms[22m[39m
[31m     [31m×[31m rejects POST writes to image cache key prefix[39m[32m 2[2mms[22m[39m
[31m     [31m×[31m allows POST writes to legitimate keys[39m[32m 3[2mms[22m[39m
     [32m✓[39m validates videoId format (only 11 alphanumeric chars with - and _)[32m 0[2mms[22m[39m
     [32m✓[39m validates that folderId only contains safe characters[32m 0[2mms[22m[39m
     [32m✓[39m blocks localhost[32m 0[2mms[22m[39m
     [32m✓[39m blocks 127.x.x.x addresses[32m 0[2mms[22m[39m
     [32m✓[39m blocks private 10.x.x.x addresses[32m 0[2mms[22m[39m
     [32m✓[39m blocks private 192.168.x.x addresses[32m 0[2mms[22m[39m
     [32m✓[39m blocks private 172.16-31.x.x addresses[32m 0[2mms[22m[39m
     [32m✓[39m blocks link-local 169.254.x.x[32m 0[2mms[22m[39m
     [32m✓[39m blocks IPv6 loopback [::1][32m 0[2mms[22m[39m
     [32m✓[39m blocks IPv6 mapped IPv4 [::ffff:127.0.0.1][32m 0[2mms[22m[39m
     [32m✓[39m blocks IPv6 link-local [fe80::][32m 0[2mms[22m[39m
     [32m✓[39m blocks IPv6 unique local [fc/fd][32m 0[2mms[22m[39m
     [32m✓[39m blocks metadata.google.internal[32m 0[2mms[22m[39m
     [32m✓[39m blocks hex IP notation[32m 0[2mms[22m[39m
     [32m✓[39m blocks octal IP notation[32m 0[2mms[22m[39m
     [32m✓[39m blocks decimal integer IP (2130706433 = 127.0.0.1)[32m 0[2mms[22m[39m
     [32m✓[39m blocks hostnames without dots (internal names)[32m 0[2mms[22m[39m
     [32m✓[39m allows legitimate external hosts[32m 0[2mms[22m[39m
     [32m✓[39m identifies all honeytoken keys[32m 1[2mms[22m[39m
     [32m✓[39m does not flag legitimate keys as honeytokens[32m 0[2mms[22m[39m
[31m     [31m×[31m returns 403 with taunting message when accessing a honeytoken key via GET[39m[32m 1[2mms[22m[39m
[31m     [31m×[31m returns 403 with taunting message when writing to a honeytoken key via POST[39m[32m 1[2mms[22m[39m
[31m     [31m×[31m injects entropy headers and defense headers when the request comes from a flagged attacker[39m[32m 2[2mms[22m[39m
     [32m✓[39m does not inject entropy headers for normal requests[32m 1[2mms[22m[39m
       [32m✓[39m accepts valid keys[32m 1[2mms[22m[39m
       [32m✓[39m rejects empty string[32m 1[2mms[22m[39m
       [32m✓[39m rejects keys longer than 200 chars[32m 1[2mms[22m[39m
       [32m✓[39m rejects keys with newlines[32m 0[2mms[22m[39m
       [32m✓[39m rejects keys with carriage return[32m 0[2mms[22m[39m
       [32m✓[39m rejects keys with null bytes[32m 0[2mms[22m[39m
       [32m✓[39m accepts valid email[32m 1[2mms[22m[39m
       [32m✓[39m rejects missing email[32m 0[2mms[22m[39m
       [32m✓[39m rejects invalid email format[32m 0[2mms[22m[39m
       [32m✓[39m rejects email that is just spaces[32m 0[2mms[22m[39m
       [32m✓[39m rejects overly long email[32m 0[2mms[22m[39m
       [32m✓[39m accepts valid page_view event[32m 1[2mms[22m[39m
       [32m✓[39m accepts valid event with full meta[32m 1[2mms[22m[39m
       [32m✓[39m rejects invalid event type[32m 0[2mms[22m[39m
       [32m✓[39m rejects missing type[32m 0[2mms[22m[39m
       [32m✓[39m validates heatmap coordinates are in range[32m 1[2mms[22m[39m
       [32m✓[39m returns { success: true, data } for valid input[32m 0[2mms[22m[39m
       [32m✓[39m returns { success: false, error } for invalid input[32m 0[2mms[22m[39m
[90mstderr[2m | src/test/terminal-api.test.ts[2m > [22m[2mTerminal API handler[2m > [22m[2mreturns file info when command has fileUrl
[22m[39mTerminal API error: TypeError: Failed to parse URL from /pipeline
[90m    at node:internal/deps/undici/undici:14902:13[39m
    at HttpClient.request [90m(file:///app/[39mnode_modules/[4m@upstash/redis[24m/chunk-IH7W44G6.mjs:170:15[90m)[39m
    at Pipeline.exec [90m(file:///app/[39mnode_modules/[4m@upstash/redis[24m/chunk-IH7W44G6.mjs:3057:17[90m)[39m
    at AutoPipelineExecutor.withAutoPipeline [90m(file:///app/[39mnode_modules/[4m@upstash/redis[24m/chunk-IH7W44G6.mjs:4000:21[90m)[39m
    at handler [90m(/app/[39mapi/terminal.ts:84:22[90m)[39m
    at [90m/app/[39msrc/test/terminal-api.test.ts:96:5
    at [90mfile:///app/[39mnode_modules/[4m@vitest/runner[24m/dist/chunk-artifact.js:1893:20 {
  [cause]: TypeError: Invalid URL
  [90m    at new URL (node:internal/url:818:25)[39m
      at new URL [90m(file:///app/[39mnode_modules/[4mvitest[24m/dist/chunks/index.DC7d2Pf8.js:557:2[90m)[39m
  [90m    at new Request (node:internal/deps/undici/undici:9776:25)[39m
  [90m    at fetch (node:internal/deps/undici/undici:10505:25)[39m
  [90m    at fetch (node:internal/deps/undici/undici:14900:10)[39m
  [90m    at fetch (node:internal/bootstrap/web/exposed-window-or-worker:75:12)[39m
      at HttpClient.request [90m(file:///app/[39mnode_modules/[4m@upstash/redis[24m/chunk-IH7W44G6.mjs:170:21[90m)[39m
      at Pipeline.exec [90m(file:///app/[39mnode_modules/[4m@upstash/redis[24m/chunk-IH7W44G6.mjs:3057:17[90m)[39m
      at AutoPipelineExecutor.withAutoPipeline [90m(file:///app/[39mnode_modules/[4m@upstash/redis[24m/chunk-IH7W44G6.mjs:4000:21[90m)[39m
      at handler [90m(/app/[39mapi/terminal.ts:84:22[90m)[39m {
    code: [32m'ERR_INVALID_URL'[39m,
    input: [32m'/pipeline'[39m
  }
}

[90mstderr[2m | src/test/terminal-api.test.ts[2m > [22m[2mTerminal API handler[2m > [22m[2mreturns found: false for unknown command
[22m[39m[Upstash Redis] Redis client was initialized without url or token. Failed to execute command.

 [31m❯[39m src/test/schemas.test.ts [2m([22m[2m88 tests[22m[2m | [22m[31m24 failed[39m[2m)[22m[32m 53[2mms[22m[39m
     [32m✓[39m returns success + data on valid input[32m 4[2mms[22m[39m
     [32m✓[39m returns success:false + error string on invalid input[32m 1[2mms[22m[39m
     [32m✓[39m returns error for completely wrong type[32m 1[2mms[22m[39m
     [32m✓[39m accepts normal key[32m 0[2mms[22m[39m
     [32m✓[39m rejects empty key[32m 0[2mms[22m[39m
     [32m✓[39m rejects key exceeding 200 chars[32m 0[2mms[22m[39m
     [32m✓[39m rejects key with newline[32m 1[2mms[22m[39m
     [32m✓[39m rejects key with carriage return[32m 0[2mms[22m[39m
     [32m✓[39m rejects key with null byte[32m 1[2mms[22m[39m
     [32m✓[39m accepts key with dots, dashes, colons[32m 0[2mms[22m[39m
     [32m✓[39m accepts valid key+value[32m 1[2mms[22m[39m
     [32m✓[39m rejects missing key[32m 0[2mms[22m[39m
     [32m✓[39m rejects undefined value[32m 0[2mms[22m[39m
     [32m✓[39m accepts null value[32m 0[2mms[22m[39m
     [32m✓[39m accepts number value[32m 0[2mms[22m[39m
     [32m✓[39m accepts valid key[32m 0[2mms[22m[39m
     [32m✓[39m rejects missing key[32m 0[2mms[22m[39m
     [32m✓[39m accepts valid password[32m 0[2mms[22m[39m
     [32m✓[39m rejects empty password[32m 0[2mms[22m[39m
     [32m✓[39m rejects password over 200 chars[32m 0[2mms[22m[39m
     [32m✓[39m accepts password without totpCode[32m 0[2mms[22m[39m
     [32m✓[39m accepts password with valid 6-digit totpCode[32m 0[2mms[22m[39m
     [32m✓[39m rejects totpCode with wrong length[32m 0[2mms[22m[39m
     [32m✓[39m rejects totpCode with non-digits[32m 0[2mms[22m[39m
     [32m✓[39m accepts valid setup body[32m 1[2mms[22m[39m
     [32m✓[39m rejects password < 8 chars[32m 0[2mms[22m[39m
     [32m✓[39m rejects wrong action literal[32m 0[2mms[22m[39m
     [32m✓[39m accepts optional setupToken[32m 0[2mms[22m[39m
     [32m✓[39m accepts valid change-password body[32m 0[2mms[22m[39m
     [32m✓[39m rejects newPassword < 8 chars[32m 0[2mms[22m[39m
     [32m✓[39m rejects empty currentPassword[32m 0[2mms[22m[39m
     [32m✓[39m accepts valid verify body[32m 0[2mms[22m[39m
     [32m✓[39m rejects non-digit code[32m 0[2mms[22m[39m
     [32m✓[39m rejects wrong action[32m 0[2mms[22m[39m
     [32m✓[39m accepts valid disable body[32m 0[2mms[22m[39m
     [32m✓[39m rejects missing password[32m 0[2mms[22m[39m
     [32m✓[39m rejects missing code[32m 0[2mms[22m[39m
     [32m✓[39m accepts valid page_view[32m 1[2mms[22m[39m
     [32m✓[39m accepts all valid event types[32m 0[2mms[22m[39m
     [32m✓[39m rejects unknown event type[32m 0[2mms[22m[39m
     [32m✓[39m accepts valid meta fields[32m 1[2mms[22m[39m
     [32m✓[39m rejects meta field with control characters[32m 0[2mms[22m[39m
     [32m✓[39m accepts heatmap data[32m 1[2mms[22m[39m
     [32m✓[39m rejects heatmap x > 1[32m 0[2mms[22m[39m
     [32m✓[39m rejects heatmap y > 2[32m 0[2mms[22m[39m
     [32m✓[39m accepts valid term[32m 0[2mms[22m[39m
     [32m✓[39m accepts valid entity[32m 0[2mms[22m[39m
     [32m✓[39m rejects empty term[32m 0[2mms[22m[39m
     [32m✓[39m rejects term > 200 chars[32m 0[2mms[22m[39m
     [32m✓[39m rejects invalid entity[32m 0[2mms[22m[39m
     [32m✓[39m accepts valid limit[32m 0[2mms[22m[39m
     [32m✓[39m accepts valid streaming URL[32m 1[2mms[22m[39m
     [32m✓[39m rejects empty url[32m 0[2mms[22m[39m
     [32m✓[39m rejects non-URL string[32m 0[2mms[22m[39m
     [32m✓[39m accepts valid userCountry[32m 0[2mms[22m[39m
[31m     [31m×[31m rejects lowercase userCountry[39m[32m 11[2mms[22m[39m
[31m     [31m×[31m rejects 3-char userCountry[39m[32m 1[2mms[22m[39m
     [32m✓[39m accepts valid image URL[32m 0[2mms[22m[39m
     [32m✓[39m rejects empty url[32m 0[2mms[22m[39m
     [32m✓[39m rejects url > 2000 chars[32m 0[2mms[22m[39m
     [32m✓[39m accepts valid command[32m 0[2mms[22m[39m
     [32m✓[39m accepts command with hyphens and underscores[32m 0[2mms[22m[39m
     [32m✓[39m rejects empty command[32m 0[2mms[22m[39m
     [32m✓[39m rejects command with spaces[32m 0[2mms[22m[39m
     [32m✓[39m rejects command with special characters[32m 0[2mms[22m[39m
     [32m✓[39m rejects command > 100 chars[32m 0[2mms[22m[39m
[31m     [31m×[31m accepts valid hashedIp[39m[32m 1[2mms[22m[39m
[31m     [31m×[31m applies default reason "manual"[39m[32m 1[2mms[22m[39m
[31m     [31m×[31m applies default ttlSeconds 604800[39m[32m 0[2mms[22m[39m
[31m     [31m×[31m rejects hashedIp too short[39m[32m 0[2mms[22m[39m
[31m     [31m×[31m rejects ttlSeconds below minimum[39m[32m 0[2mms[22m[39m
[31m     [31m×[31m rejects ttlSeconds above maximum[39m[32m 0[2mms[22m[39m
[31m     [31m×[31m accepts valid hashedIp[39m[32m 1[2mms[22m[39m
[31m     [31m×[31m rejects missing hashedIp[39m[32m 0[2mms[22m[39m
[31m     [31m×[31m accepts empty query (lists all)[39m[32m 0[2mms[22m[39m
[31m     [31m×[31m accepts specific hashedIp[39m[32m 0[2mms[22m[39m
[31m     [31m×[31m accepts custom limit/offset[39m[32m 0[2mms[22m[39m
[31m     [31m×[31m rejects limit > 100[39m[32m 0[2mms[22m[39m
[31m     [31m×[31m accepts valid hashedIp[39m[32m 0[2mms[22m[39m
[31m     [31m×[31m rejects missing hashedIp[39m[32m 0[2mms[22m[39m
[31m     [31m×[31m accepts empty object (all optional)[39m[32m 0[2mms[22m[39m
[31m     [31m×[31m accepts valid boolean flags[39m[32m 0[2mms[22m[39m
[31m     [31m×[31m rejects non-boolean flag[39m[32m 0[2mms[22m[39m
[31m     [31m×[31m accepts valid threshold[39m[32m 0[2mms[22m[39m
[31m     [31m×[31m rejects threshold below minimum (3)[39m[32m 0[2mms[22m[39m
[31m     [31m×[31m rejects threshold above maximum (50)[39m[32m 0[2mms[22m[39m
[31m     [31m×[31m accepts valid tarpitMinMs / tarpitMaxMs[39m[32m 0[2mms[22m[39m
[31m     [31m×[31m rejects tarpitMaxMs above 60000[39m[32m 0[2mms[22m[39m
 [31m❯[39m src/test/entropy-injection.test.ts [2m([22m[2m16 tests[22m[2m | [22m[31m1 failed[39m[2m)[22m[32m 35[2mms[22m[39m
     [32m✓[39m flags an IP hash in KV with 24h TTL[32m 5[2mms[22m[39m
     [32m✓[39m does not throw when KV write fails[32m 2[2mms[22m[39m
     [32m✓[39m returns true when the IP hash is flagged in KV[32m 1[2mms[22m[39m
     [32m✓[39m returns false when the IP hash is not flagged[32m 1[2mms[22m[39m
     [32m✓[39m returns false when KV read fails[32m 1[2mms[22m[39m
     [32m✓[39m injects 200 random headers by default[32m 6[2mms[22m[39m
     [32m✓[39m injects configurable number of headers[32m 1[2mms[22m[39m
     [32m✓[39m generates hex values of expected length (32 hex chars = 16 bytes)[32m 1[2mms[22m[39m
     [32m✓[39m generates unique values across headers[32m 1[2mms[22m[39m
[31m     [31m×[31m marks the IP as an attacker when a honeytoken is triggered[39m[32m 8[2mms[22m[39m
     [32m✓[39m contains 4 taunt messages[32m 1[2mms[22m[39m
     [32m✓[39m includes the expected confrontational messages[32m 1[2mms[22m[39m
     [32m✓[39m getRandomTaunt returns one of the taunt messages[32m 0[2mms[22m[39m
     [32m✓[39m sets X-Neural-Defense, X-Netrunner-Status, and X-Warning headers[32m 1[2mms[22m[39m
     [32m✓[39m returns a 200 PNG response with fingerprinting headers[32m 2[2mms[22m[39m
     [32m✓[39m sends a valid PNG (starts with PNG magic bytes)[32m 0[2mms[22m[39m
[90mstderr[2m | src/test/kv-api.test.ts[2m > [22m[2mKV API handler[2m > [22m[2mGET[2m > [22m[2mreturns 400 when key is missing
[22m[39mKV not configured: Missing KV_REST_API_URL or KV_REST_API_TOKEN environment variables

[90mstderr[2m | src/test/kv-api.test.ts[2m > [22m[2mKV API handler[2m > [22m[2mGET[2m > [22m[2mreturns value for public key (zardonic-band-data)
[22m[39mKV not configured: Missing KV_REST_API_URL or KV_REST_API_TOKEN environment variables

[90mstderr[2m | src/test/kv-api.test.ts[2m > [22m[2mKV API handler[2m > [22m[2mGET[2m > [22m[2mreturns value for public key (zardonic-site-data) without session
[22m[39mKV not configured: Missing KV_REST_API_URL or KV_REST_API_TOKEN environment variables

[90mstderr[2m | src/test/kv-api.test.ts[2m > [22m[2mKV API handler[2m > [22m[2mGET[2m > [22m[2mstrips terminalCommands from public zardonic-site-data reads
[22m[39mKV not configured: Missing KV_REST_API_URL or KV_REST_API_TOKEN environment variables

[90mstderr[2m | src/test/kv-api.test.ts[2m > [22m[2mKV API handler[2m > [22m[2mGET[2m > [22m[2mreturns 403 for non-public keys without session
[22m[39mKV not configured: Missing KV_REST_API_URL or KV_REST_API_TOKEN environment variables

[90mstderr[2m | src/test/kv-api.test.ts[2m > [22m[2mKV API handler[2m > [22m[2mGET[2m > [22m[2mreturns value for non-public key with valid session
[22m[39mKV not configured: Missing KV_REST_API_URL or KV_REST_API_TOKEN environment variables

[90mstderr[2m | src/test/kv-api.test.ts[2m > [22m[2mKV API handler[2m > [22m[2mGET[2m > [22m[2mreturns null when key does not exist (with session)
[22m[39mKV not configured: Missing KV_REST_API_URL or KV_REST_API_TOKEN environment variables

 [31m❯[39m src/test/kv-api.test.ts [2m([22m[2m24 tests[22m[2m | [22m[31m18 failed[39m[2m)[22m[32m 48[2mms[22m[39m
     [32m✓[39m OPTIONS returns 200[32m 5[2mms[22m[39m
[31m       [31m×[31m returns 400 when key is missing[39m[32m 12[2mms[22m[39m
[31m       [31m×[31m returns value for public key (zardonic-band-data)[39m[32m 2[2mms[22m[39m
[31m       [31m×[31m returns value for public key (zardonic-site-data) without session[39m[32m 2[2mms[22m[39m
[31m       [31m×[31m strips terminalCommands from public zardonic-site-data reads[39m[32m 2[2mms[22m[39m
[31m       [31m×[31m returns 403 for non-public keys without session[39m[32m 2[2mms[22m[39m
[31m       [31m×[31m returns value for non-public key with valid session[39m[32m 3[2mms[22m[39m
[31m       [31m×[31m returns null when key does not exist (with session)[39m[32m 2[2mms[22m[39m
[31m       [31m×[31m returns 500 when KV throws[39m[32m 3[2mms[22m[39m
[31m       [31m×[31m returns 400 when body is missing[39m[32m 2[2mms[22m[39m
[31m       [31m×[31m returns 400 when key is missing from body[39m[32m 1[2mms[22m[39m
[31m       [31m×[31m returns 400 when value is undefined[39m[32m 1[2mms[22m[39m
[31m       [31m×[31m saves value with valid session (transient key uses 90-day TTL)[39m[32m 1[2mms[22m[39m
[31m       [31m×[31m saves zardonic-site-data without TTL (persistent key)[39m[32m 1[2mms[22m[39m
[31m       [31m×[31m saves zardonic-band-data without TTL (persistent key)[39m[32m 1[2mms[22m[39m
[31m       [31m×[31m rejects write without valid session[39m[32m 1[2mms[22m[39m
[31m         [31m×[31m allows initial password setup without session[39m[32m 1[2mms[22m[39m
[31m         [31m×[31m rejects password change without valid session[39m[32m 1[2mms[22m[39m
[31m     [31m×[31m returns 405 for unsupported methods[39m[32m 1[2mms[22m[39m
     [32m✓[39m returns true for identical strings[32m 1[2mms[22m[39m
     [32m✓[39m returns false for different strings of same length[32m 0[2mms[22m[39m
     [32m✓[39m returns false for different lengths[32m 0[2mms[22m[39m
     [32m✓[39m returns false when a is not a string[32m 0[2mms[22m[39m
     [32m✓[39m returns true for empty strings[32m 0[2mms[22m[39m
 [31m❯[39m src/test/blocklist-api.test.ts [2m([22m[2m14 tests[22m[2m | [22m[31m11 failed[39m[2m)[22m[32m 36[2mms[22m[39m
     [32m✓[39m OPTIONS returns 200[32m 5[2mms[22m[39m
     [32m✓[39m returns 503 when KV not configured[32m 1[2mms[22m[39m
     [32m✓[39m returns 403 without valid session[32m 1[2mms[22m[39m
[31m       [31m×[31m returns empty blocked list[39m[32m 11[2mms[22m[39m
[31m       [31m×[31m returns list of blocked entries[39m[32m 3[2mms[22m[39m
[31m       [31m×[31m blocks a valid hashed IP[39m[32m 2[2mms[22m[39m
[31m       [31m×[31m accepts custom reason and TTL[39m[32m 1[2mms[22m[39m
[31m       [31m×[31m returns 400 for hashedIp too short[39m[32m 2[2mms[22m[39m
[31m       [31m×[31m returns 400 for invalid TTL (too small)[39m[32m 2[2mms[22m[39m
[31m       [31m×[31m returns 400 for missing body[39m[32m 1[2mms[22m[39m
[31m       [31m×[31m unblocks a valid hashed IP[39m[32m 1[2mms[22m[39m
[31m       [31m×[31m returns 400 for missing hashedIp[39m[32m 2[2mms[22m[39m
[31m       [31m×[31m returns 400 for null body[39m[32m 1[2mms[22m[39m
[31m     [31m×[31m returns 405 for unsupported methods[39m[32m 1[2mms[22m[39m
 [31m❯[39m src/test/contact-api.test.ts [2m([22m[2m13 tests[22m[2m | [22m[31m13 failed[39m[2m)[22m[32m 33[2mms[22m[39m
[31m     [31m×[31m OPTIONS returns 200[39m[32m 9[2mms[22m[39m
[31m     [31m×[31m rejects non-POST methods[39m[32m 7[2mms[22m[39m
[31m     [31m×[31m accepts valid contact form submission[39m[32m 2[2mms[22m[39m
[31m     [31m×[31m rejects submission with missing name[39m[32m 2[2mms[22m[39m
[31m     [31m×[31m rejects submission with invalid email[39m[32m 1[2mms[22m[39m
[31m     [31m×[31m rejects submission with empty message[39m[32m 1[2mms[22m[39m
[31m     [31m×[31m silently accepts honeypot-filled submissions (returns 200 without storing)[39m[32m 1[2mms[22m[39m
[31m     [31m×[31m stores submission in Redis with correct key[39m[32m 2[2mms[22m[39m
[31m     [31m×[31m trims to 100 most recent submissions[39m[32m 1[2mms[22m[39m
[31m     [31m×[31m falls back gracefully when Redis is not configured[39m[32m 2[2mms[22m[39m
[31m     [31m×[31m returns 500 when Redis throws[39m[32m 1[2mms[22m[39m
[31m     [31m×[31m rejects field exceeding max length[39m[32m 1[2mms[22m[39m
[31m       [31m×[31m allows up to 5 requests from the same IP[39m[32m 1[2mms[22m[39m
[90mstderr[2m | src/test/threat-score.test.ts[2m > [22m[2mincrementThreatScore()[2m > [22m[2mreturns score and level
[22m[39m[SECURITY:THREAT_LEVEL_ESCALATED] {"id":"4db6bf922fcc58d7","timestamp":"2026-04-07T08:41:51.156Z","event":"THREAT_LEVEL_ESCALATED","severity":"warn","hashedIp":"hashxyz","userAgent":"","threatScore":3,"threatLevel":"WARN","details":{"reason":"robots_violation","points":3,"previousScore":0,"previousLevel":"CLEAN"}}

[90mstderr[2m | src/test/threat-score.test.ts[2m > [22m[2mincrementThreatScore()[2m > [22m[2mcalls incrby with the given points
[22m[39m[SECURITY:THREAT_LEVEL_ESCALATED] {"id":"c8069bb564cf9951","timestamp":"2026-04-07T08:41:51.158Z","event":"THREAT_LEVEL_ESCALATED","severity":"warn","hashedIp":"hashxyz","userAgent":"","threatScore":3,"threatLevel":"WARN","details":{"reason":"honeytoken_access","points":5,"previousScore":0,"previousLevel":"CLEAN"}}

[90mstderr[2m | src/test/threat-score.test.ts[2m > [22m[2mincrementThreatScore()[2m > [22m[2msets TTL on the threat key
[22m[39m[SECURITY:THREAT_LEVEL_ESCALATED] {"id":"be3810543d557a34","timestamp":"2026-04-07T08:41:51.170Z","event":"THREAT_LEVEL_ESCALATED","severity":"warn","hashedIp":"hashxyz","userAgent":"","threatScore":3,"threatLevel":"WARN","details":{"reason":"test","points":1,"previousScore":0,"previousLevel":"CLEAN"}}

 [31m❯[39m src/test/threat-score.test.ts [2m([22m[2m30 tests[22m[2m | [22m[31m3 failed[39m[2m)[22m[32m 34[2mms[22m[39m
     [32m✓[39m has CLEAN = 0[32m 2[2mms[22m[39m
     [32m✓[39m has WARN = 3[32m 1[2mms[22m[39m
     [32m✓[39m has TARPIT = 7[32m 0[2mms[22m[39m
     [32m✓[39m has BLOCK = 12[32m 0[2mms[22m[39m
     [32m✓[39m ROBOTS_VIOLATION has 3 points[32m 0[2mms[22m[39m
     [32m✓[39m HONEYTOKEN_ACCESS has 5 points[32m 0[2mms[22m[39m
     [32m✓[39m SUSPICIOUS_UA has 4 points[32m 0[2mms[22m[39m
     [32m✓[39m MISSING_BROWSER_HEADERS has 2 points[32m 0[2mms[22m[39m
     [32m✓[39m GENERIC_ACCEPT has 1 point[32m 1[2mms[22m[39m
     [32m✓[39m RATE_LIMIT_EXCEEDED has 2 points[32m 0[2mms[22m[39m
     [32m✓[39m returns CLEAN for score 0[32m 0[2mms[22m[39m
     [32m✓[39m returns CLEAN for score 2[32m 0[2mms[22m[39m
     [32m✓[39m returns WARN for score 3[32m 0[2mms[22m[39m
     [32m✓[39m returns WARN for score 6[32m 0[2mms[22m[39m
     [32m✓[39m returns TARPIT for score 7[32m 0[2mms[22m[39m
     [32m✓[39m returns TARPIT for score 11[32m 0[2mms[22m[39m
     [32m✓[39m returns BLOCK for score 12[32m 0[2mms[22m[39m
     [32m✓[39m returns BLOCK for score 100[32m 0[2mms[22m[39m
     [32m✓[39m returns score and level[32m 3[2mms[22m[39m
[31m     [31m×[31m calls incrby with the given points[39m[32m 11[2mms[22m[39m
[31m     [31m×[31m sets TTL on the threat key[39m[32m 2[2mms[22m[39m
[31m     [31m×[31m auto-blocks when score reaches BLOCK threshold[39m[32m 4[2mms[22m[39m
     [32m✓[39m does NOT block when score is below BLOCK threshold[32m 1[2mms[22m[39m
     [32m✓[39m returns CLEAN on Redis error (fail-open for scoring)[32m 0[2mms[22m[39m
     [32m✓[39m returns score and classified level[32m 1[2mms[22m[39m
     [32m✓[39m returns 0/CLEAN when no score stored[32m 0[2mms[22m[39m
     [32m✓[39m returns CLEAN on Redis error[32m 0[2mms[22m[39m
     [32m✓[39m returns CLEAN when Redis not configured[32m 0[2mms[22m[39m
     [32m✓[39m extracts IP from request and returns score[32m 0[2mms[22m[39m
     [32m✓[39m extracts IP from request and increments score[32m 1[2mms[22m[39m
 [31m❯[39m src/test/spotify-api.test.ts [2m([22m[2m19 tests[22m[2m | [22m[31m16 failed[39m[2m)[22m[32m 33[2mms[22m[39m
     [32m✓[39m returns 503 when SPOTIFY_CLIENT_ID is not set[32m 7[2mms[22m[39m
     [32m✓[39m returns 503 when SPOTIFY_CLIENT_SECRET is not set[32m 1[2mms[22m[39m
     [32m✓[39m returns 503 when both credentials are missing[32m 1[2mms[22m[39m
[31m     [31m×[31m returns 400 for invalid action[39m[32m 8[2mms[22m[39m
[31m     [31m×[31m returns 400 when action=artist but id is missing[39m[32m 1[2mms[22m[39m
[31m     [31m×[31m returns 400 when action=top-tracks but id is missing[39m[32m 1[2mms[22m[39m
[31m     [31m×[31m returns 400 when action=albums but id is missing[39m[32m 1[2mms[22m[39m
[31m     [31m×[31m returns 400 when action=search but query is missing[39m[32m 1[2mms[22m[39m
[31m     [31m×[31m fetches artist data and returns 200 with Cache-Control header[39m[32m 1[2mms[22m[39m
[31m     [31m×[31m returns Spotify API error status on upstream failure[39m[32m 1[2mms[22m[39m
[31m     [31m×[31m fetches top tracks with default US market[39m[32m 1[2mms[22m[39m
[31m     [31m×[31m uses provided market parameter[39m[32m 1[2mms[22m[39m
[31m     [31m×[31m fetches albums for an artist[39m[32m 1[2mms[22m[39m
[31m     [31m×[31m searches for an artist by name[39m[32m 1[2mms[22m[39m
[31m     [31m×[31m uses cached token from Redis when available[39m[32m 1[2mms[22m[39m
[31m     [31m×[31m fetches and caches a new token when cache is empty[39m[32m 1[2mms[22m[39m
[31m     [31m×[31m still works when Redis set fails[39m[32m 1[2mms[22m[39m
[31m     [31m×[31m returns 502 when token fetch throws[39m[32m 1[2mms[22m[39m
[31m     [31m×[31m returns 502 when token response is non-ok[39m[32m 1[2mms[22m[39m
[90mstderr[2m | src/test/terminal-api.test.ts[2m > [22m[2mTerminal API handler[2m > [22m[2mreturns found: false for unknown command
[22m[39mTerminal API error: TypeError: Failed to parse URL from /pipeline
[90m    at node:internal/deps/undici/undici:14902:13[39m
    at HttpClient.request [90m(file:///app/[39mnode_modules/[4m@upstash/redis[24m/chunk-IH7W44G6.mjs:170:15[90m)[39m
    at Pipeline.exec [90m(file:///app/[39mnode_modules/[4m@upstash/redis[24m/chunk-IH7W44G6.mjs:3057:17[90m)[39m
    at AutoPipelineExecutor.withAutoPipeline [90m(file:///app/[39mnode_modules/[4m@upstash/redis[24m/chunk-IH7W44G6.mjs:4000:21[90m)[39m
    at handler [90m(/app/[39mapi/terminal.ts:84:22[90m)[39m
    at [90m/app/[39msrc/test/terminal-api.test.ts:108:5
    at [90mfile:///app/[39mnode_modules/[4m@vitest/runner[24m/dist/chunk-artifact.js:1893:20 {
  [cause]: TypeError: Invalid URL
  [90m    at new URL (node:internal/url:818:25)[39m
      at new URL [90m(file:///app/[39mnode_modules/[4mvitest[24m/dist/chunks/index.DC7d2Pf8.js:557:2[90m)[39m
  [90m    at new Request (node:internal/deps/undici/undici:9776:25)[39m
  [90m    at fetch (node:internal/deps/undici/undici:10505:25)[39m
  [90m    at fetch (node:internal/deps/undici/undici:14900:10)[39m
  [90m    at fetch (node:internal/bootstrap/web/exposed-window-or-worker:75:12)[39m
      at HttpClient.request [90m(file:///app/[39mnode_modules/[4m@upstash/redis[24m/chunk-IH7W44G6.mjs:170:21[90m)[39m
      at Pipeline.exec [90m(file:///app/[39mnode_modules/[4m@upstash/redis[24m/chunk-IH7W44G6.mjs:3057:17[90m)[39m
      at AutoPipelineExecutor.withAutoPipeline [90m(file:///app/[39mnode_modules/[4m@upstash/redis[24m/chunk-IH7W44G6.mjs:4000:21[90m)[39m
      at handler [90m(/app/[39mapi/terminal.ts:84:22[90m)[39m {
    code: [32m'ERR_INVALID_URL'[39m,
    input: [32m'/pipeline'[39m
  }
}

[90mstderr[2m | src/test/terminal-api.test.ts[2m > [22m[2mTerminal API handler[2m > [22m[2mhelp returns only names and descriptions, not outputs
[22m[39m[Upstash Redis] Redis client was initialized without url or token. Failed to execute command.

 [31m❯[39m src/test/blocklist-helper.test.ts [2m([22m[2m17 tests[22m[2m | [22m[31m5 failed[39m[2m)[22m[32m 35[2mms[22m[39m
[31m     [31m×[31m BLOCK_PREFIX is zd-blocked:[39m[32m 12[2mms[22m[39m
[31m     [31m×[31m BLOCK_INDEX_KEY is zd-blocked-index[39m[32m 2[2mms[22m[39m
     [32m✓[39m BLOCK_TTL is 604800 (7 days)[32m 0[2mms[22m[39m
[31m     [31m×[31m sets the block entry with default TTL[39m[32m 8[2mms[22m[39m
     [32m✓[39m adds IP to the block index set[32m 1[2mms[22m[39m
[31m     [31m×[31m uses custom reason and TTL[39m[32m 2[2mms[22m[39m
[31m     [31m×[31m deletes the block entry[39m[32m 2[2mms[22m[39m
     [32m✓[39m removes IP from the block index set[32m 0[2mms[22m[39m
     [32m✓[39m returns true when block entry exists[32m 1[2mms[22m[39m
     [32m✓[39m returns false when no block entry[32m 1[2mms[22m[39m
     [32m✓[39m returns false when Redis is not configured[32m 0[2mms[22m[39m
     [32m✓[39m returns false on Redis error (fail-open for block check)[32m 0[2mms[22m[39m
     [32m✓[39m returns empty array when Redis is not configured[32m 1[2mms[22m[39m
     [32m✓[39m returns empty array when no blocked IPs in index[32m 0[2mms[22m[39m
     [32m✓[39m returns block entries for each hashed IP in the index[32m 0[2mms[22m[39m
     [32m✓[39m removes expired entries from the index (cleanup)[32m 1[2mms[22m[39m
     [32m✓[39m returns empty array on Redis error[32m 0[2mms[22m[39m
[90mstderr[2m | src/test/drive-folder.test.ts[2m > [22m[2mDrive folder API (Google Drive v3)[2m > [22m[2mreturns 502 when fetch throws a network error
[22m[39mDrive folder listing error: Error: Network failure
    at [90m/app/[39msrc/test/drive-folder.test.ts:146:33
    at [90mfile:///app/[39mnode_modules/[4m@vitest/runner[24m/dist/chunk-artifact.js:302:11
    at [90mfile:///app/[39mnode_modules/[4m@vitest/runner[24m/dist/chunk-artifact.js:1893:26
    at [90mfile:///app/[39mnode_modules/[4m@vitest/runner[24m/dist/chunk-artifact.js:2316:20
    at new Promise (<anonymous>)
    at runWithCancel [90m(file:///app/[39mnode_modules/[4m@vitest/runner[24m/dist/chunk-artifact.js:2313:10[90m)[39m
    at [90mfile:///app/[39mnode_modules/[4m@vitest/runner[24m/dist/chunk-artifact.js:2295:20
    at new Promise (<anonymous>)
    at runWithTimeout [90m(file:///app/[39mnode_modules/[4m@vitest/runner[24m/dist/chunk-artifact.js:2262:10[90m)[39m
    at [90mfile:///app/[39mnode_modules/[4m@vitest/runner[24m/dist/chunk-artifact.js:2945:64

 [31m❯[39m src/test/drive-folder.test.ts [2m([22m[2m12 tests[22m[2m | [22m[31m2 failed[39m[2m)[22m[32m 34[2mms[22m[39m
     [32m✓[39m rejects non-GET methods with 405[32m 5[2mms[22m[39m
     [32m✓[39m returns 400 for missing folderId[32m 3[2mms[22m[39m
     [32m✓[39m returns 400 for invalid folderId[32m 1[2mms[22m[39m
     [32m✓[39m blocks requests when rate limited[32m 1[2mms[22m[39m
     [32m✓[39m calls Google Drive API v3 with correct parameters[32m 1[2mms[22m[39m
     [32m✓[39m maps API files to correct image structure[32m 2[2mms[22m[39m
     [32m✓[39m sets Cache-Control header on success[32m 1[2mms[22m[39m
[31m     [31m×[31m returns 502 when Google API returns an error[39m[32m 10[2mms[22m[39m
     [32m✓[39m returns 502 when fetch throws a network error[32m 4[2mms[22m[39m
     [32m✓[39m handles empty files array gracefully[32m 1[2mms[22m[39m
     [32m✓[39m strips file extension from caption[32m 1[2mms[22m[39m
[31m     [31m×[31m returns 503 when GOOGLE_DRIVE_API_KEY is not set[39m[32m 1[2mms[22m[39m
[90mstderr[2m | src/test/reset-password.test.ts[2m > [22m[2mReset Password API handler[2m > [22m[2mresets password when email matches
[22m[39mPassword reset error: TypeError: kv.set is not a function
    at handler [90m(/app/[39mapi/reset-password.ts:115:14[90m)[39m
[90m    at processTicksAndRejections (node:internal/process/task_queues:103:5)[39m
    at [90m/app/[39msrc/test/reset-password.test.ts:111:5

[90mstderr[2m | src/test/reset-password.test.ts[2m > [22m[2mReset Password API handler[2m > [22m[2mresets password with case-insensitive email match
[22m[39mPassword reset error: TypeError: kv.set is not a function
    at handler [90m(/app/[39mapi/reset-password.ts:115:14[90m)[39m
[90m    at processTicksAndRejections (node:internal/process/task_queues:103:5)[39m
    at [90m/app/[39msrc/test/reset-password.test.ts:119:5

 [31m❯[39m src/test/reset-password.test.ts [2m([22m[2m10 tests[22m[2m | [22m[31m3 failed[39m[2m)[22m[32m 36[2mms[22m[39m
     [32m✓[39m OPTIONS returns 200[32m 6[2mms[22m[39m
     [32m✓[39m returns 405 for GET[32m 1[2mms[22m[39m
     [32m✓[39m returns 503 when KV is not configured[32m 1[2mms[22m[39m
     [32m✓[39m returns 503 when ADMIN_RESET_EMAIL is not set[32m 3[2mms[22m[39m
     [32m✓[39m returns 400 when body is missing[32m 1[2mms[22m[39m
[31m     [31m×[31m returns 400 when email is missing[39m[32m 12[2mms[22m[39m
[31m     [31m×[31m resets password when email matches[39m[32m 6[2mms[22m[39m
[31m     [31m×[31m resets password with case-insensitive email match[39m[32m 2[2mms[22m[39m
     [32m✓[39m returns same success message for non-matching email (prevents enumeration)[32m 1[2mms[22m[39m
     [32m✓[39m returns 500 when KV throws during reset[32m 1[2mms[22m[39m
 [31m❯[39m src/test/security-settings-api.test.ts [2m([22m[2m11 tests[22m[2m | [22m[31m8 failed[39m[2m)[22m[32m 30[2mms[22m[39m
     [32m✓[39m OPTIONS returns 200[32m 5[2mms[22m[39m
     [32m✓[39m returns 503 when KV not configured[32m 1[2mms[22m[39m
     [32m✓[39m returns 403 without session[32m 1[2mms[22m[39m
[31m       [31m×[31m returns full defaults when nothing stored[39m[32m 11[2mms[22m[39m
[31m       [31m×[31m merges stored partial settings with defaults[39m[32m 2[2mms[22m[39m
[31m       [31m×[31m stores updated settings[39m[32m 2[2mms[22m[39m
[31m       [31m×[31m returns 400 for invalid payload (wrong type)[39m[32m 1[2mms[22m[39m
[31m       [31m×[31m returns 400 for invalid threshold out of range[39m[32m 1[2mms[22m[39m
[31m       [31m×[31m returns 400 when body is missing[39m[32m 1[2mms[22m[39m
[31m       [31m×[31m merges updated settings with existing stored values[39m[32m 1[2mms[22m[39m
[31m     [31m×[31m returns 405 for unsupported methods[39m[32m 1[2mms[22m[39m
 [31m❯[39m src/test/rate-limit.test.ts [2m([22m[2m12 tests[22m[2m | [22m[31m1 failed[39m[2m)[22m[32m 30[2mms[22m[39m
[31m       [31m×[31m allows request when rate limit passes[39m[32m 17[2mms[22m[39m
       [32m✓[39m blocks request with 429 when rate limit exceeded[32m 3[2mms[22m[39m
       [32m✓[39m does not rate limit OPTIONS requests[32m 1[2mms[22m[39m
       [32m✓[39m rate limits POST requests[32m 1[2mms[22m[39m
       [32m✓[39m allows password reset when rate limit passes[32m 2[2mms[22m[39m
       [32m✓[39m blocks password reset attempts when rate limited[32m 0[2mms[22m[39m
     [32m✓[39m produces consistent hashes for the same IP[32m 1[2mms[22m[39m
     [32m✓[39m produces different hashes for different IPs[32m 1[2mms[22m[39m
     [32m✓[39m does not output the raw IP in the hash[32m 1[2mms[22m[39m
     [32m✓[39m extracts IP from x-forwarded-for header[32m 0[2mms[22m[39m
     [32m✓[39m takes first IP from comma-separated x-forwarded-for[32m 0[2mms[22m[39m
     [32m✓[39m falls back to 127.0.0.1 when no forwarded header[32m 0[2mms[22m[39m
 [31m❯[39m src/test/security-incidents-api.test.ts [2m([22m[2m8 tests[22m[2m | [22m[31m5 failed[39m[2m)[22m[32m 25[2mms[22m[39m
     [32m✓[39m OPTIONS returns 200[32m 5[2mms[22m[39m
     [32m✓[39m returns 503 when KV not configured[32m 1[2mms[22m[39m
     [32m✓[39m returns 403 without session[32m 1[2mms[22m[39m
[31m       [31m×[31m returns empty incidents list when no alerts stored[39m[32m 10[2mms[22m[39m
[31m       [31m×[31m returns parsed JSON incidents[39m[32m 2[2mms[22m[39m
[31m       [31m×[31m gracefully handles malformed JSON entries[39m[32m 1[2mms[22m[39m
[31m       [31m×[31m clears the honeytoken alerts list[39m[32m 1[2mms[22m[39m
[31m     [31m×[31m returns 405 for unsupported methods[39m[32m 2[2mms[22m[39m
[90mstderr[2m | src/test/terminal-api.test.ts[2m > [22m[2mTerminal API handler[2m > [22m[2mhelp returns only names and descriptions, not outputs
[22m[39mTerminal API error: TypeError: Failed to parse URL from /pipeline
[90m    at node:internal/deps/undici/undici:14902:13[39m
    at HttpClient.request [90m(file:///app/[39mnode_modules/[4m@upstash/redis[24m/chunk-IH7W44G6.mjs:170:15[90m)[39m
    at Pipeline.exec [90m(file:///app/[39mnode_modules/[4m@upstash/redis[24m/chunk-IH7W44G6.mjs:3057:17[90m)[39m
    at AutoPipelineExecutor.withAutoPipeline [90m(file:///app/[39mnode_modules/[4m@upstash/redis[24m/chunk-IH7W44G6.mjs:4000:21[90m)[39m
    at handler [90m(/app/[39mapi/terminal.ts:84:22[90m)[39m
    at [90m/app/[39msrc/test/terminal-api.test.ts:115:5
    at [90mfile:///app/[39mnode_modules/[4m@vitest/runner[24m/dist/chunk-artifact.js:1893:20 {
  [cause]: TypeError: Invalid URL
  [90m    at new URL (node:internal/url:818:25)[39m
      at new URL [90m(file:///app/[39mnode_modules/[4mvitest[24m/dist/chunks/index.DC7d2Pf8.js:557:2[90m)[39m
  [90m    at new Request (node:internal/deps/undici/undici:9776:25)[39m
  [90m    at fetch (node:internal/deps/undici/undici:10505:25)[39m
  [90m    at fetch (node:internal/deps/undici/undici:14900:10)[39m
  [90m    at fetch (node:internal/bootstrap/web/exposed-window-or-worker:75:12)[39m
      at HttpClient.request [90m(file:///app/[39mnode_modules/[4m@upstash/redis[24m/chunk-IH7W44G6.mjs:170:21[90m)[39m
      at Pipeline.exec [90m(file:///app/[39mnode_modules/[4m@upstash/redis[24m/chunk-IH7W44G6.mjs:3057:17[90m)[39m
      at AutoPipelineExecutor.withAutoPipeline [90m(file:///app/[39mnode_modules/[4m@upstash/redis[24m/chunk-IH7W44G6.mjs:4000:21[90m)[39m
      at handler [90m(/app/[39mapi/terminal.ts:84:22[90m)[39m {
    code: [32m'ERR_INVALID_URL'[39m,
    input: [32m'/pipeline'[39m
  }
}

[90mstderr[2m | src/test/terminal-api.test.ts[2m > [22m[2mTerminal API handler[2m > [22m[2mreturns found: false when band-data has no terminalCommands
[22m[39m[Upstash Redis] Redis client was initialized without url or token. Failed to execute command.

 [31m❯[39m src/test/ratelimit.test.ts [2m([22m[2m13 tests[22m[2m | [22m[31m3 failed[39m[2m)[22m[32m 24[2mms[22m[39m
     [32m✓[39m returns a 64-char hex string[32m 3[2mms[22m[39m
     [32m✓[39m is deterministic for the same input[32m 1[2mms[22m[39m
     [32m✓[39m produces different outputs for different IPs[32m 1[2mms[22m[39m
     [32m✓[39m does not store the raw IP in the hash[32m 1[2mms[22m[39m
     [32m✓[39m extracts first IP from x-forwarded-for string[32m 0[2mms[22m[39m
     [32m✓[39m trims whitespace from extracted IP[32m 0[2mms[22m[39m
     [32m✓[39m handles single IP without comma[32m 0[2mms[22m[39m
[31m     [31m×[31m handles array x-forwarded-for (Vercel multi-value)[39m[32m 8[2mms[22m[39m
     [32m✓[39m falls back to 127.0.0.1 when header is absent[32m 1[2mms[22m[39m
     [32m✓[39m falls back to 127.0.0.1 when header is undefined[32m 0[2mms[22m[39m
     [32m✓[39m returns true when rate limit is not exceeded[32m 2[2mms[22m[39m
[31m     [31m×[31m returns false and sends 429 when rate limit is exceeded[39m[32m 3[2mms[22m[39m
[31m     [31m×[31m returns false and sends 503 when rate limit service throws (fail-closed)[39m[32m 2[2mms[22m[39m
 [31m❯[39m src/test/cms-publish-api.test.ts [2m([22m[2m6 tests[22m[2m | [22m[31m1 failed[39m[2m)[22m[32m 19[2mms[22m[39m
     [32m✓[39m returns 401 when not authenticated[32m 4[2mms[22m[39m
     [32m✓[39m returns 405 for non-POST methods[32m 1[2mms[22m[39m
     [32m✓[39m returns 400 for missing body[32m 1[2mms[22m[39m
[31m     [31m×[31m returns 400 when key lacks zd-cms: prefix[39m[32m 7[2mms[22m[39m
     [32m✓[39m copies draft to published on valid publish[32m 3[2mms[22m[39m
     [32m✓[39m deletes published on revert:true[32m 1[2mms[22m[39m
 [31m❯[39m src/test/attacker-profile.test.ts [2m([22m[2m0 test[22m[2m)[22m
 [32m✓[39m src/test/use-published-content.test.ts [2m([22m[2m6 tests[22m[2m)[22m[33m 568[2mms[22m[39m
[90mstderr[2m | src/test/terminal-api.test.ts[2m > [22m[2mTerminal API handler[2m > [22m[2mreturns found: false when band-data has no terminalCommands
[22m[39mTerminal API error: TypeError: Failed to parse URL from /pipeline
[90m    at node:internal/deps/undici/undici:14902:13[39m
    at HttpClient.request [90m(file:///app/[39mnode_modules/[4m@upstash/redis[24m/chunk-IH7W44G6.mjs:170:15[90m)[39m
    at Pipeline.exec [90m(file:///app/[39mnode_modules/[4m@upstash/redis[24m/chunk-IH7W44G6.mjs:3057:17[90m)[39m
    at AutoPipelineExecutor.withAutoPipeline [90m(file:///app/[39mnode_modules/[4m@upstash/redis[24m/chunk-IH7W44G6.mjs:4000:21[90m)[39m
    at handler [90m(/app/[39mapi/terminal.ts:84:22[90m)[39m
    at [90m/app/[39msrc/test/terminal-api.test.ts:129:5
    at [90mfile:///app/[39mnode_modules/[4m@vitest/runner[24m/dist/chunk-artifact.js:1893:20 {
  [cause]: TypeError: Invalid URL
  [90m    at new URL (node:internal/url:818:25)[39m
      at new URL [90m(file:///app/[39mnode_modules/[4mvitest[24m/dist/chunks/index.DC7d2Pf8.js:557:2[90m)[39m
  [90m    at new Request (node:internal/deps/undici/undici:9776:25)[39m
  [90m    at fetch (node:internal/deps/undici/undici:10505:25)[39m
  [90m    at fetch (node:internal/deps/undici/undici:14900:10)[39m
  [90m    at fetch (node:internal/bootstrap/web/exposed-window-or-worker:75:12)[39m
      at HttpClient.request [90m(file:///app/[39mnode_modules/[4m@upstash/redis[24m/chunk-IH7W44G6.mjs:170:21[90m)[39m
      at Pipeline.exec [90m(file:///app/[39mnode_modules/[4m@upstash/redis[24m/chunk-IH7W44G6.mjs:3057:17[90m)[39m
      at AutoPipelineExecutor.withAutoPipeline [90m(file:///app/[39mnode_modules/[4m@upstash/redis[24m/chunk-IH7W44G6.mjs:4000:21[90m)[39m
      at handler [90m(/app/[39mapi/terminal.ts:84:22[90m)[39m {
    code: [32m'ERR_INVALID_URL'[39m,
    input: [32m'/pipeline'[39m
  }
}

[90mstderr[2m | src/test/terminal-api.test.ts[2m > [22m[2mTerminal API handler[2m > [22m[2mreturns found: false when band-data is null
[22m[39m[Upstash Redis] Redis client was initialized without url or token. Failed to execute command.

 [32m✓[39m src/test/cms-media-upload-hook.test.ts [2m([22m[2m7 tests[22m[2m)[22m[33m 523[2mms[22m[39m
 [32m✓[39m src/components/SpotifyEmbed.test.tsx [2m([22m[2m13 tests[22m[2m)[22m[33m 1219[2mms[22m[39m
     [33m[2m✓[22m[39m placeholder has role=button and aria-label [33m 370[2mms[22m[39m
 [32m✓[39m src/test/cms-sidebar.test.tsx [2m([22m[2m10 tests[22m[2m)[22m[33m 350[2mms[22m[39m
 [32m✓[39m src/test/cms-auth-hook.test.ts [2m([22m[2m8 tests[22m[2m)[22m[33m 417[2mms[22m[39m
[90mstderr[2m | src/test/terminal-api.test.ts[2m > [22m[2mTerminal API handler[2m > [22m[2mreturns found: false when band-data is null
[22m[39mTerminal API error: TypeError: Failed to parse URL from /pipeline
[90m    at node:internal/deps/undici/undici:14902:13[39m
    at HttpClient.request [90m(file:///app/[39mnode_modules/[4m@upstash/redis[24m/chunk-IH7W44G6.mjs:170:15[90m)[39m
    at Pipeline.exec [90m(file:///app/[39mnode_modules/[4m@upstash/redis[24m/chunk-IH7W44G6.mjs:3057:17[90m)[39m
    at AutoPipelineExecutor.withAutoPipeline [90m(file:///app/[39mnode_modules/[4m@upstash/redis[24m/chunk-IH7W44G6.mjs:4000:21[90m)[39m
    at handler [90m(/app/[39mapi/terminal.ts:84:22[90m)[39m
    at [90m/app/[39msrc/test/terminal-api.test.ts:136:5
    at [90mfile:///app/[39mnode_modules/[4m@vitest/runner[24m/dist/chunk-artifact.js:1893:20 {
  [cause]: TypeError: Invalid URL
  [90m    at new URL (node:internal/url:818:25)[39m
      at new URL [90m(file:///app/[39mnode_modules/[4mvitest[24m/dist/chunks/index.DC7d2Pf8.js:557:2[90m)[39m
  [90m    at new Request (node:internal/deps/undici/undici:9776:25)[39m
  [90m    at fetch (node:internal/deps/undici/undici:10505:25)[39m
  [90m    at fetch (node:internal/deps/undici/undici:14900:10)[39m
  [90m    at fetch (node:internal/bootstrap/web/exposed-window-or-worker:75:12)[39m
      at HttpClient.request [90m(file:///app/[39mnode_modules/[4m@upstash/redis[24m/chunk-IH7W44G6.mjs:170:21[90m)[39m
      at Pipeline.exec [90m(file:///app/[39mnode_modules/[4m@upstash/redis[24m/chunk-IH7W44G6.mjs:3057:17[90m)[39m
      at AutoPipelineExecutor.withAutoPipeline [90m(file:///app/[39mnode_modules/[4m@upstash/redis[24m/chunk-IH7W44G6.mjs:4000:21[90m)[39m
      at handler [90m(/app/[39mapi/terminal.ts:84:22[90m)[39m {
    code: [32m'ERR_INVALID_URL'[39m,
    input: [32m'/pipeline'[39m
  }
}

[90mstderr[2m | src/test/terminal-api.test.ts[2m > [22m[2mTerminal API handler[2m > [22m[2mreturns 500 when KV throws
[22m[39m[Upstash Redis] Redis client was initialized without url or token. Failed to execute command.

[90mstderr[2m | src/test/cms-content-api.test.ts[2m > [22m[2mcms/content handler[2m > [22m[2mPOST with auth, invalid body (missing key) → 400
[22m[39m[cms/content] error: TypeError: Cannot read properties of undefined (reading 'map')
    at handler [90m(/app/[39mapi/cms/content.ts:74:90[90m)[39m
[90m    at processTicksAndRejections (node:internal/process/task_queues:103:5)[39m
    at [90m/app/[39msrc/test/cms-content-api.test.ts:102:5
    at [90mfile:///app/[39mnode_modules/[4m@vitest/runner[24m/dist/chunk-artifact.js:1893:20

 [32m✓[39m src/test/cms-content-api.test.ts [2m([22m[2m9 tests[22m[2m)[22m[32m 259[2mms[22m[39m
[90mstderr[2m | src/test/session-api.test.ts[2m > [22m[2mSession API handler[2m > [22m[2mshould return 503 when Redis not configured
[22m[39m[Session API] Upstash Redis not configured

 [32m✓[39m src/test/session-api.test.ts [2m([22m[2m14 tests[22m[2m)[22m[32m 160[2mms[22m[39m
 [32m✓[39m src/test/bandsintown-sync.test.tsx [2m([22m[2m2 tests[22m[2m)[22m[32m 145[2mms[22m[39m
 [32m✓[39m src/test/cms-layout.test.tsx [2m([22m[2m12 tests[22m[2m)[22m[32m 130[2mms[22m[39m
[90mstderr[2m | src/test/locale-context.test.tsx[2m > [22m[2mLocaleContext[2m > [22m[2mshould switch locale to German
[22m[39mAn update to LocaleProvider inside a test was not wrapped in act(...).

When testing, code that causes React state updates should be wrapped into act(...):

act(() => {
  /* fire events that update state */
});
/* assert on the output */

This ensures that you're testing the behavior the user would see in the browser. Learn more at https://react.dev/link/wrap-tests-with-act

[90mstderr[2m | src/test/locale-context.test.tsx[2m > [22m[2mLocaleContext[2m > [22m[2mshould persist locale in localStorage
[22m[39mAn update to LocaleProvider inside a test was not wrapped in act(...).

When testing, code that causes React state updates should be wrapped into act(...):

act(() => {
  /* fire events that update state */
});
/* assert on the output */

This ensures that you're testing the behavior the user would see in the browser. Learn more at https://react.dev/link/wrap-tests-with-act

 [32m✓[39m src/test/locale-context.test.tsx [2m([22m[2m6 tests[22m[2m)[22m[32m 97[2mms[22m[39m
 [31m❯[39m src/test/terminal-api.test.ts [2m([22m[2m13 tests[22m[2m | [22m[31m6 failed[39m[2m)[22m[33m 30132[2mms[22m[39m
     [32m✓[39m OPTIONS returns 200[32m 13[2mms[22m[39m
     [32m✓[39m returns 405 for GET[32m 1[2mms[22m[39m
     [32m✓[39m returns 400 when body is missing[32m 1[2mms[22m[39m
     [32m✓[39m returns 400 when command is missing[32m 6[2mms[22m[39m
     [32m✓[39m returns 400 for invalid command format (spaces)[32m 1[2mms[22m[39m
[31m     [31m×[31m returns matching command output[39m[33m 4316[2mms[22m[39m
[31m     [31m×[31m returns file info when command has fileUrl[39m[33m 4294[2mms[22m[39m
[31m     [31m×[31m returns found: false for unknown command[39m[33m 4296[2mms[22m[39m
[31m     [31m×[31m help returns only names and descriptions, not outputs[39m[33m 4301[2mms[22m[39m
[31m     [31m×[31m returns found: false when band-data has no terminalCommands[39m[33m 4301[2mms[22m[39m
[31m     [31m×[31m returns found: false when band-data is null[39m[33m 4302[2mms[22m[39m
     [32m✓[39m returns 503 when KV is not configured[32m 1[2mms[22m[39m
     [33m[2m✓[22m[39m returns 500 when KV throws [33m 4295[2mms[22m[39m
[90mstderr[2m | src/test/itunes-odesli-retry.test.ts[2m > [22m[2miTunes handler – 429 retry via fetchWithRetry[2m > [22m[2mreturns 500 after all retries are exhausted (fetchWithRetry returns non-ok)
[22m[39miTunes API error: Error: iTunes API responded with 429
    at handler [90m(/app/[39mapi/itunes.ts:58:13[90m)[39m
[90m    at processTicksAndRejections (node:internal/process/task_queues:103:5)[39m
    at [90m/app/[39msrc/test/itunes-odesli-retry.test.ts:98:5
    at [90mfile:///app/[39mnode_modules/[4m@vitest/runner[24m/dist/chunk-artifact.js:1893:20

[90mstderr[2m | src/test/itunes-odesli-retry.test.ts[2m > [22m[2mOdesli handler – 429 retry via fetchWithRetry[2m > [22m[2mreturns 500 after all retries are exhausted (fetchWithRetry returns non-ok)
[22m[39mOdesli API error: Error: Odesli API responded with 429
    at handler [90m(/app/[39mapi/odesli.ts:38:13[90m)[39m
[90m    at processTicksAndRejections (node:internal/process/task_queues:103:5)[39m
    at [90m/app/[39msrc/test/itunes-odesli-retry.test.ts:133:5
    at [90mfile:///app/[39mnode_modules/[4m@vitest/runner[24m/dist/chunk-artifact.js:1893:20

 [32m✓[39m src/test/itunes-odesli-retry.test.ts [2m([22m[2m10 tests[22m[2m)[22m[32m 47[2mms[22m[39m
 [32m✓[39m src/test/cms-autosave-hook.test.ts [2m([22m[2m8 tests[22m[2m)[22m[32m 92[2mms[22m[39m
 [32m✓[39m src/test/navigation-fixed.test.tsx [2m([22m[2m6 tests[22m[2m)[22m[32m 163[2mms[22m[39m
 [32m✓[39m src/test/analytics.test.ts [2m([22m[2m27 tests[22m[2m)[22m[32m 83[2mms[22m[39m
 [32m✓[39m src/test/use-long-press.test.ts [2m([22m[2m9 tests[22m[2m)[22m[32m 74[2mms[22m[39m
 [32m✓[39m src/test/use-morse-code.test.ts [2m([22m[2m9 tests[22m[2m)[22m[32m 57[2mms[22m[39m
 [32m✓[39m src/test/use-sound.test.ts [2m([22m[2m15 tests[22m[2m)[22m[32m 52[2mms[22m[39m
 [32m✓[39m src/test/use-touch-swipe.test.ts [2m([22m[2m9 tests[22m[2m)[22m[32m 60[2mms[22m[39m
 [32m✓[39m src/test/use-typing-effect.test.ts [2m([22m[2m7 tests[22m[2m)[22m[32m 70[2mms[22m[39m
 [32m✓[39m src/hooks/use-local-storage.test.ts [2m([22m[2m8 tests[22m[2m)[22m[32m 55[2mms[22m[39m
 [32m✓[39m src/test/use-unsaved-changes.test.ts [2m([22m[2m6 tests[22m[2m)[22m[32m 49[2mms[22m[39m
 [32m✓[39m src/test/use-debounce.test.ts [2m([22m[2m6 tests[22m[2m)[22m[32m 70[2mms[22m[39m
 [32m✓[39m src/test/use-mobile.test.ts [2m([22m[2m5 tests[22m[2m)[22m[32m 58[2mms[22m[39m
 [32m✓[39m src/test/konami-listener.test.ts [2m([22m[2m7 tests[22m[2m)[22m[32m 67[2mms[22m[39m
[90mstderr[2m | src/test/cms-media-api.test.ts[2m > [22m[2mError handling[2m > [22m[2mreturns 500 on Redis GET error
[22m[39m[cms/media] error: Error: Redis down
    at [90m/app/[39msrc/test/cms-media-api.test.ts:332:35
    at [90mfile:///app/[39mnode_modules/[4m@vitest/runner[24m/dist/chunk-artifact.js:302:11
    at [90mfile:///app/[39mnode_modules/[4m@vitest/runner[24m/dist/chunk-artifact.js:1893:26
    at [90mfile:///app/[39mnode_modules/[4m@vitest/runner[24m/dist/chunk-artifact.js:2316:20
    at new Promise (<anonymous>)
    at runWithCancel [90m(file:///app/[39mnode_modules/[4m@vitest/runner[24m/dist/chunk-artifact.js:2313:10[90m)[39m
    at [90mfile:///app/[39mnode_modules/[4m@vitest/runner[24m/dist/chunk-artifact.js:2295:20
    at new Promise (<anonymous>)
    at runWithTimeout [90m(file:///app/[39mnode_modules/[4m@vitest/runner[24m/dist/chunk-artifact.js:2262:10[90m)[39m
    at [90mfile:///app/[39mnode_modules/[4m@vitest/runner[24m/dist/chunk-artifact.js:2945:64

 [32m✓[39m src/test/cms-media-api.test.ts [2m([22m[2m22 tests[22m[2m)[22m[32m 54[2mms[22m[39m
 [32m✓[39m src/lib/session.test.ts [2m([22m[2m38 tests[22m[2m)[22m[32m 72[2mms[22m[39m
[90mstderr[2m | src/test/cms-sections-api.test.ts[2m > [22m[2mPOST /api/cms/sections[2m > [22m[2mreturns 400 when sections is not an array
[22m[39m[cms/sections] error: TypeError: Cannot read properties of undefined (reading 'map')
    at handler [90m(/app/[39mapi/cms/sections.ts:44:90[90m)[39m
[90m    at processTicksAndRejections (node:internal/process/task_queues:103:5)[39m
    at [90m/app/[39msrc/test/cms-sections-api.test.ts:129:5
    at [90mfile:///app/[39mnode_modules/[4m@vitest/runner[24m/dist/chunk-artifact.js:1893:20

[90mstderr[2m | src/test/cms-sections-api.test.ts[2m > [22m[2mError handling[2m > [22m[2mreturns 500 on Redis error
[22m[39m[cms/sections] error: Error: Redis connection failed
    at [90m/app/[39msrc/test/cms-sections-api.test.ts:188:35
    at [90mfile:///app/[39mnode_modules/[4m@vitest/runner[24m/dist/chunk-artifact.js:302:11
    at [90mfile:///app/[39mnode_modules/[4m@vitest/runner[24m/dist/chunk-artifact.js:1893:26
    at [90mfile:///app/[39mnode_modules/[4m@vitest/runner[24m/dist/chunk-artifact.js:2316:20
    at new Promise (<anonymous>)
    at runWithCancel [90m(file:///app/[39mnode_modules/[4m@vitest/runner[24m/dist/chunk-artifact.js:2313:10[90m)[39m
    at [90mfile:///app/[39mnode_modules/[4m@vitest/runner[24m/dist/chunk-artifact.js:2295:20
    at new Promise (<anonymous>)
    at runWithTimeout [90m(file:///app/[39mnode_modules/[4m@vitest/runner[24m/dist/chunk-artifact.js:2262:10[90m)[39m
    at [90mfile:///app/[39mnode_modules/[4m@vitest/runner[24m/dist/chunk-artifact.js:2945:64

[90mstderr[2m | src/test/cms-sections-api.test.ts[2m > [22m[2mError handling[2m > [22m[2mreturns 500 on Redis set error
[22m[39m[cms/sections] error: Error: Redis write failed
    at [90m/app/[39msrc/test/cms-sections-api.test.ts:196:35
    at [90mfile:///app/[39mnode_modules/[4m@vitest/runner[24m/dist/chunk-artifact.js:302:11
    at [90mfile:///app/[39mnode_modules/[4m@vitest/runner[24m/dist/chunk-artifact.js:1893:26
    at [90mfile:///app/[39mnode_modules/[4m@vitest/runner[24m/dist/chunk-artifact.js:2316:20
    at new Promise (<anonymous>)
    at runWithCancel [90m(file:///app/[39mnode_modules/[4m@vitest/runner[24m/dist/chunk-artifact.js:2313:10[90m)[39m
    at [90mfile:///app/[39mnode_modules/[4m@vitest/runner[24m/dist/chunk-artifact.js:2295:20
    at new Promise (<anonymous>)
    at runWithTimeout [90m(file:///app/[39mnode_modules/[4m@vitest/runner[24m/dist/chunk-artifact.js:2262:10[90m)[39m
    at [90mfile:///app/[39mnode_modules/[4m@vitest/runner[24m/dist/chunk-artifact.js:2945:64

 [32m✓[39m src/test/cms-sections-api.test.ts [2m([22m[2m14 tests[22m[2m)[22m[32m 34[2mms[22m[39m
[90mstderr[2m | src/test/cms-site-config-api.test.ts[2m > [22m[2mPOST /api/cms/site-config[2m > [22m[2mreturns 400 for invalid config schema (missing name)
[22m[39m[cms/site-config] error: TypeError: Cannot read properties of undefined (reading 'map')
    at handler [90m(/app/[39mapi/cms/site-config.ts:44:90[90m)[39m
[90m    at processTicksAndRejections (node:internal/process/task_queues:103:5)[39m
    at [90m/app/[39msrc/test/cms-site-config-api.test.ts:126:5
    at [90mfile:///app/[39mnode_modules/[4m@vitest/runner[24m/dist/chunk-artifact.js:1893:20

[90mstderr[2m | src/test/cms-site-config-api.test.ts[2m > [22m[2mError handling[2m > [22m[2mreturns 500 on Redis error during GET
[22m[39m[cms/site-config] error: Error: Redis down
    at [90m/app/[39msrc/test/cms-site-config-api.test.ts:176:35
    at [90mfile:///app/[39mnode_modules/[4m@vitest/runner[24m/dist/chunk-artifact.js:302:11
    at [90mfile:///app/[39mnode_modules/[4m@vitest/runner[24m/dist/chunk-artifact.js:1893:26
    at [90mfile:///app/[39mnode_modules/[4m@vitest/runner[24m/dist/chunk-artifact.js:2316:20
    at new Promise (<anonymous>)
    at runWithCancel [90m(file:///app/[39mnode_modules/[4m@vitest/runner[24m/dist/chunk-artifact.js:2313:10[90m)[39m
    at [90mfile:///app/[39mnode_modules/[4m@vitest/runner[24m/dist/chunk-artifact.js:2295:20
    at new Promise (<anonymous>)
    at runWithTimeout [90m(file:///app/[39mnode_modules/[4m@vitest/runner[24m/dist/chunk-artifact.js:2262:10[90m)[39m
    at [90mfile:///app/[39mnode_modules/[4m@vitest/runner[24m/dist/chunk-artifact.js:2945:64

[90mstderr[2m | src/test/cms-site-config-api.test.ts[2m > [22m[2mError handling[2m > [22m[2mreturns 500 on Redis set error during POST
[22m[39m[cms/site-config] error: Error: Redis write failed
    at [90m/app/[39msrc/test/cms-site-config-api.test.ts:184:35
    at [90mfile:///app/[39mnode_modules/[4m@vitest/runner[24m/dist/chunk-artifact.js:302:11
    at [90mfile:///app/[39mnode_modules/[4m@vitest/runner[24m/dist/chunk-artifact.js:1893:26
    at [90mfile:///app/[39mnode_modules/[4m@vitest/runner[24m/dist/chunk-artifact.js:2316:20
    at new Promise (<anonymous>)
    at runWithCancel [90m(file:///app/[39mnode_modules/[4m@vitest/runner[24m/dist/chunk-artifact.js:2313:10[90m)[39m
    at [90mfile:///app/[39mnode_modules/[4m@vitest/runner[24m/dist/chunk-artifact.js:2295:20
    at new Promise (<anonymous>)
    at runWithTimeout [90m(file:///app/[39mnode_modules/[4m@vitest/runner[24m/dist/chunk-artifact.js:2262:10[90m)[39m
    at [90mfile:///app/[39mnode_modules/[4m@vitest/runner[24m/dist/chunk-artifact.js:2945:64

 [32m✓[39m src/test/cms-site-config-api.test.ts [2m([22m[2m14 tests[22m[2m)[22m[32m 31[2mms[22m[39m
 [32m✓[39m src/test/download-utils.test.ts [2m([22m[2m7 tests[22m[2m)[22m[32m 29[2mms[22m[39m
 [32m✓[39m src/test/cms-schemas.test.ts [2m([22m[2m30 tests[22m[2m)[22m[32m 26[2mms[22m[39m
[90mstderr[2m | src/test/cms-autosave-api.test.ts[2m > [22m[2mPOST /api/cms/autosave[2m > [22m[2mreturns 400 for key without zd-cms: prefix
[22m[39m[cms/autosave] error: TypeError: Cannot read properties of undefined (reading 'map')
    at handler [90m(/app/[39mapi/cms/autosave.ts:57:90[90m)[39m
[90m    at processTicksAndRejections (node:internal/process/task_queues:103:5)[39m
    at [90m/app/[39msrc/test/cms-autosave-api.test.ts:89:5
    at [90mfile:///app/[39mnode_modules/[4m@vitest/runner[24m/dist/chunk-artifact.js:1893:20

 [32m✓[39m src/test/cms-autosave-api.test.ts [2m([22m[2m8 tests[22m[2m)[22m[32m 26[2mms[22m[39m
[90mstderr[2m | src/lib/itunes.test.ts[2m > [22m[2mfetchITunesReleases[2m > [22m[2mshould return empty array on API failure
[22m[39mError fetching iTunes releases: Error: iTunes songs API responded with 500
    at fetchITunesReleases [90m(/app/[39msrc/lib/itunes.ts:53:29[90m)[39m
[90m    at processTicksAndRejections (node:internal/process/task_queues:103:5)[39m
    at [90m/app/[39msrc/lib/itunes.test.ts:151:20
    at [90mfile:///app/[39mnode_modules/[4m@vitest/runner[24m/dist/chunk-artifact.js:1893:20

[90mstderr[2m | src/lib/itunes.test.ts[2m > [22m[2mfetchITunesReleases[2m > [22m[2mshould return empty array on network error
[22m[39mError fetching iTunes releases: Error: Network error
    at [90m/app/[39msrc/lib/itunes.test.ts:156:46
    at [90mfile:///app/[39mnode_modules/[4m@vitest/runner[24m/dist/chunk-artifact.js:302:11
    at [90mfile:///app/[39mnode_modules/[4m@vitest/runner[24m/dist/chunk-artifact.js:1893:26
    at [90mfile:///app/[39mnode_modules/[4m@vitest/runner[24m/dist/chunk-artifact.js:2316:20
    at new Promise (<anonymous>)
    at runWithCancel [90m(file:///app/[39mnode_modules/[4m@vitest/runner[24m/dist/chunk-artifact.js:2313:10[90m)[39m
    at [90mfile:///app/[39mnode_modules/[4m@vitest/runner[24m/dist/chunk-artifact.js:2295:20
    at new Promise (<anonymous>)
    at runWithTimeout [90m(file:///app/[39mnode_modules/[4m@vitest/runner[24m/dist/chunk-artifact.js:2262:10[90m)[39m
    at [90mfile:///app/[39mnode_modules/[4m@vitest/runner[24m/dist/chunk-artifact.js:2945:64

 [32m✓[39m src/lib/itunes.test.ts [2m([22m[2m7 tests[22m[2m)[22m[32m 22[2mms[22m[39m
 [32m✓[39m src/test/gig-display.test.ts [2m([22m[2m12 tests[22m[2m)[22m[32m 21[2mms[22m[39m
[90mstderr[2m | src/lib/bandsintown.test.ts[2m > [22m[2mfetchBandsintownEvents[2m > [22m[2mshould return empty array when API returns non-ok response
[22m[39mBandsintown API responded with [33m404[39m

[90mstderr[2m | src/lib/bandsintown.test.ts[2m > [22m[2mfetchBandsintownEvents[2m > [22m[2mshould return empty array when fetch throws
[22m[39mError fetching Bandsintown events: Error: Network error
    at [90m/app/[39msrc/lib/bandsintown.test.ts:60:46
    at [90mfile:///app/[39mnode_modules/[4m@vitest/runner[24m/dist/chunk-artifact.js:302:11
    at [90mfile:///app/[39mnode_modules/[4m@vitest/runner[24m/dist/chunk-artifact.js:1893:26
    at [90mfile:///app/[39mnode_modules/[4m@vitest/runner[24m/dist/chunk-artifact.js:2316:20
    at new Promise (<anonymous>)
    at runWithCancel [90m(file:///app/[39mnode_modules/[4m@vitest/runner[24m/dist/chunk-artifact.js:2313:10[90m)[39m
    at [90mfile:///app/[39mnode_modules/[4m@vitest/runner[24m/dist/chunk-artifact.js:2295:20
    at new Promise (<anonymous>)
    at runWithTimeout [90m(file:///app/[39mnode_modules/[4m@vitest/runner[24m/dist/chunk-artifact.js:2262:10[90m)[39m
    at [90mfile:///app/[39mnode_modules/[4m@vitest/runner[24m/dist/chunk-artifact.js:2945:64

 [32m✓[39m src/lib/bandsintown.test.ts [2m([22m[2m6 tests[22m[2m)[22m[32m 22[2mms[22m[39m
 [32m✓[39m src/lib/sync.test.ts [2m([22m[2m9 tests[22m[2m)[22m[32m 19[2mms[22m[39m
[90mstderr[2m | src/lib/odesli.test.ts[2m > [22m[2mfetchOdesliLinks[2m > [22m[2mshould return null when the API call fails
[22m[39mOdesli API call failed: [33m500[39m

[90mstderr[2m | src/lib/odesli.test.ts[2m > [22m[2mfetchOdesliLinks[2m > [22m[2mshould return null when fetch throws an error
[22m[39mError fetching Odesli links: Error: Network error
    at [90m/app/[39msrc/lib/odesli.test.ts:52:46
    at [90mfile:///app/[39mnode_modules/[4m@vitest/runner[24m/dist/chunk-artifact.js:302:11
    at [90mfile:///app/[39mnode_modules/[4m@vitest/runner[24m/dist/chunk-artifact.js:1893:26
    at [90mfile:///app/[39mnode_modules/[4m@vitest/runner[24m/dist/chunk-artifact.js:2316:20
    at new Promise (<anonymous>)
    at runWithCancel [90m(file:///app/[39mnode_modules/[4m@vitest/runner[24m/dist/chunk-artifact.js:2313:10[90m)[39m
    at [90mfile:///app/[39mnode_modules/[4m@vitest/runner[24m/dist/chunk-artifact.js:2295:20
    at new Promise (<anonymous>)
    at runWithTimeout [90m(file:///app/[39mnode_modules/[4m@vitest/runner[24m/dist/chunk-artifact.js:2262:10[90m)[39m
    at [90mfile:///app/[39mnode_modules/[4m@vitest/runner[24m/dist/chunk-artifact.js:2945:64

 [32m✓[39m src/lib/odesli.test.ts [2m([22m[2m5 tests[22m[2m)[22m[32m 20[2mms[22m[39m
 [32m✓[39m src/test/admin-session.test.ts [2m([22m[2m5 tests[22m[2m)[22m[32m 26[2mms[22m[39m
 [32m✓[39m src/test/security-hardening.test.ts [2m([22m[2m22 tests[22m[2m)[22m[32m 30[2mms[22m[39m
 [32m✓[39m src/test/health-api.test.ts [2m([22m[2m8 tests[22m[2m)[22m[32m 14[2mms[22m[39m
 [32m✓[39m src/lib/contact.test.ts [2m([22m[2m13 tests[22m[2m)[22m[32m 15[2mms[22m[39m
 [32m✓[39m src/test/i18n.test.ts [2m([22m[2m12 tests[22m[2m)[22m[32m 9[2mms[22m[39m
 [32m✓[39m src/test/image-cache.test.ts [2m([22m[2m10 tests[22m[2m)[22m[32m 9[2mms[22m[39m
 [32m✓[39m src/test/release-sorting.test.ts [2m([22m[2m5 tests[22m[2m)[22m[32m 8[2mms[22m[39m
 [32m✓[39m src/test/security-center.test.ts [2m([22m[2m30 tests[22m[2m)[22m[32m 14[2mms[22m[39m
 [32m✓[39m src/test/theme-overlay-effects.test.ts [2m([22m[2m5 tests[22m[2m)[22m[32m 6[2mms[22m[39m
 [32m✓[39m src/test/biography-save.test.ts [2m([22m[2m3 tests[22m[2m)[22m[32m 6[2mms[22m[39m

[31m⎯⎯⎯⎯⎯⎯[39m[1m[41m Failed Suites 1 [49m[22m[31m⎯⎯⎯⎯⎯⎯⎯[39m

[41m[1m FAIL [22m[49m src/test/attacker-profile.test.ts[2m [ src/test/attacker-profile.test.ts ][22m
[31m[1mReferenceError[22m: Cannot access 'mockKvGet' before initialization[39m
[36m [2m❯[22m new Redis src/test/attacker-profile.test.ts:[2m16:12[22m[39m
    [90m 14|[39m   [35mconst[39m [33mRedis[39m [33m=[39m [35mfunction[39m () {
    [90m 15|[39m     [35mreturn[39m {
    [90m 16|[39m       [35mget[39m[33m:[39m mockKvGet[33m,[39m
    [90m   |[39m            [31m^[39m
    [90m 17|[39m       [35mset[39m[33m:[39m mockKvSet[33m,[39m
    [90m 18|[39m       sadd[33m:[39m mockKvSadd[33m,[39m
[90m [2m❯[22m api/_attacker-profile.ts:[2m2:12[22m[39m
[90m [2m❯[22m src/test/attacker-profile.test.ts:[2m37:1[22m[39m

[31m[2m⎯⎯⎯⎯⎯⎯⎯⎯⎯⎯⎯⎯⎯⎯⎯⎯⎯⎯⎯⎯⎯⎯[1/213]⎯[22m[39m


[31m⎯⎯⎯⎯⎯⎯[39m[1m[41m Failed Tests 212 [49m[22m[31m⎯⎯⎯⎯⎯⎯[39m

[41m[1m FAIL [22m[49m src/test/analytics-api.test.ts[2m > [22mAnalytics API handler[2m > [22mGET /api/analytics[2m > [22mshould return empty analytics snapshot when no data
[31m[1mAssertionError[22m: expected "vi.fn()" to be called with arguments: [ ObjectContaining{…} ][90m

Received:

[1m  1st vi.fn() call:

[22m[2m  [[22m
[32m-   ObjectContaining {[90m
[32m-     "totalPageViews": 0,[90m
[32m-     "totalSessions": 0,[90m
[31m+   {[90m
[31m+     "error": "Service unavailable",[90m
[31m+     "message": "KV storage is not configured.",[90m
[2m    },[22m
[2m  ][22m
[31m[90m

Number of calls: [1m1[22m
[31m[39m
[36m [2m❯[22m src/test/analytics-api.test.ts:[2m113:24[22m[39m
    [90m111|[39m       [35mconst[39m res [33m=[39m [34mmockRes[39m()
    [90m112|[39m       await handler({ method: 'GET', query: {}, headers: {} } as any, …
    [90m113|[39m       [34mexpect[39m(res[33m.[39mjson)[33m.[39m[34mtoHaveBeenCalledWith[39m(expect[33m.[39m[34mobjectContaining[39m({
    [90m   |[39m                        [31m^[39m
    [90m114|[39m         totalPageViews[33m:[39m [34m0[39m[33m,[39m
    [90m115|[39m         totalSessions[33m:[39m [34m0[39m[33m,[39m

[31m[2m⎯⎯⎯⎯⎯⎯⎯⎯⎯⎯⎯⎯⎯⎯⎯⎯⎯⎯⎯⎯⎯⎯[2/213]⎯[22m[39m

[41m[1m FAIL [22m[49m src/test/analytics-api.test.ts[2m > [22mAnalytics API handler[2m > [22mGET /api/analytics[2m > [22mshould return snapshot when data exists
[31m[1mAssertionError[22m: expected "vi.fn()" to be called with arguments: [ ObjectContaining{…} ][90m

Received:

[1m  1st vi.fn() call:

[22m[2m  [[22m
[32m-   ObjectContaining {[90m
[32m-     "totalPageViews": 42,[90m
[32m-     "totalSessions": 10,[90m
[31m+   {[90m
[31m+     "error": "Service unavailable",[90m
[31m+     "message": "KV storage is not configured.",[90m
[2m    },[22m
[2m  ][22m
[31m[90m

Number of calls: [1m1[22m
[31m[39m
[36m [2m❯[22m src/test/analytics-api.test.ts:[2m132:24[22m[39m
    [90m130|[39m       [35mconst[39m res [33m=[39m [34mmockRes[39m()
    [90m131|[39m       await handler({ method: 'GET', query: {}, headers: {} } as any, …
    [90m132|[39m       [34mexpect[39m(res[33m.[39mjson)[33m.[39m[34mtoHaveBeenCalledWith[39m(expect[33m.[39m[34mobjectContaining[39m({
    [90m   |[39m                        [31m^[39m
    [90m133|[39m         totalPageViews[33m:[39m [34m42[39m[33m,[39m
    [90m134|[39m         totalSessions[33m:[39m [34m10[39m[33m,[39m

[31m[2m⎯⎯⎯⎯⎯⎯⎯⎯⎯⎯⎯⎯⎯⎯⎯⎯⎯⎯⎯⎯⎯⎯[3/213]⎯[22m[39m

[41m[1m FAIL [22m[49m src/test/analytics-api.test.ts[2m > [22mAnalytics API handler[2m > [22mGET /api/analytics[2m > [22mshould require session for GET
[31m[1mAssertionError[22m: expected "vi.fn()" to be called with arguments: [ 403 ][90m

Received:

[1m  1st vi.fn() call:

[22m[2m  [[22m
[32m-   403,[90m
[31m+   503,[90m
[2m  ][22m
[31m[90m

Number of calls: [1m1[22m
[31m[39m
[36m [2m❯[22m src/test/analytics-api.test.ts:[2m142:26[22m[39m
    [90m140|[39m       [35mconst[39m res [33m=[39m [34mmockRes[39m()
    [90m141|[39m       await handler({ method: 'GET', query: {}, headers: {} } as any, …
    [90m142|[39m       [34mexpect[39m(res[33m.[39mstatus)[33m.[39m[34mtoHaveBeenCalledWith[39m([34m403[39m)
    [90m   |[39m                          [31m^[39m
    [90m143|[39m     })
    [90m144|[39m

[31m[2m⎯⎯⎯⎯⎯⎯⎯⎯⎯⎯⎯⎯⎯⎯⎯⎯⎯⎯⎯⎯⎯⎯[4/213]⎯[22m[39m

[41m[1m FAIL [22m[49m src/test/analytics-api.test.ts[2m > [22mAnalytics API handler[2m > [22mGET /api/analytics[2m > [22mshould return heatmap data for type=heatmap
[31m[1mAssertionError[22m: expected "vi.fn()" to be called with arguments: [ ObjectContaining{…} ][90m

Received:

[1m  1st vi.fn() call:

[22m[2m  [[22m
[32m-   ObjectContaining {[90m
[32m-     "heatmap": Any<Array>,[90m
[31m+   {[90m
[31m+     "error": "Service unavailable",[90m
[31m+     "message": "KV storage is not configured.",[90m
[2m    },[22m
[2m  ][22m
[31m[90m

Number of calls: [1m1[22m
[31m[39m
[36m [2m❯[22m src/test/analytics-api.test.ts:[2m149:24[22m[39m
    [90m147|[39m       [35mconst[39m res [33m=[39m [34mmockRes[39m()
    [90m148|[39m       await handler({ method: 'GET', query: { type: 'heatmap' }, heade…
    [90m149|[39m       expect(res.json).toHaveBeenCalledWith(expect.objectContaining({ …
    [90m   |[39m                        [31m^[39m
    [90m150|[39m     })
    [90m151|[39m   })

[31m[2m⎯⎯⎯⎯⎯⎯⎯⎯⎯⎯⎯⎯⎯⎯⎯⎯⎯⎯⎯⎯⎯⎯[5/213]⎯[22m[39m

[41m[1m FAIL [22m[49m src/test/analytics-api.test.ts[2m > [22mAnalytics API handler[2m > [22mPOST /api/analytics[2m > [22mshould record a page_view event
[31m[1mAssertionError[22m: expected "vi.fn()" to be called with arguments: [ { ok: true } ][90m

Received:

[1m  1st vi.fn() call:

[22m[2m  [[22m
[2m    {[22m
[32m-     "ok": true,[90m
[31m+     "error": "Service unavailable",[90m
[31m+     "message": "KV storage is not configured.",[90m
[2m    },[22m
[2m  ][22m
[31m[90m

Number of calls: [1m1[22m
[31m[39m
[36m [2m❯[22m src/test/analytics-api.test.ts:[2m161:24[22m[39m
    [90m159|[39m         headers[33m:[39m {}[33m,[39m
    [90m160|[39m       } [35mas[39m any[33m,[39m res [35mas[39m any)
    [90m161|[39m       [34mexpect[39m(res[33m.[39mjson)[33m.[39m[34mtoHaveBeenCalledWith[39m({ ok[33m:[39m [35mtrue[39m })
    [90m   |[39m                        [31m^[39m
    [90m162|[39m     })
    [90m163|[39m

[31m[2m⎯⎯⎯⎯⎯⎯⎯⎯⎯⎯⎯⎯⎯⎯⎯⎯⎯⎯⎯⎯⎯⎯[6/213]⎯[22m[39m

[41m[1m FAIL [22m[49m src/test/analytics-api.test.ts[2m > [22mAnalytics API handler[2m > [22mPOST /api/analytics[2m > [22mshould record a section_view event
[31m[1mAssertionError[22m: expected "vi.fn()" to be called with arguments: [ { ok: true } ][90m

Received:

[1m  1st vi.fn() call:

[22m[2m  [[22m
[2m    {[22m
[32m-     "ok": true,[90m
[31m+     "error": "Service unavailable",[90m
[31m+     "message": "KV storage is not configured.",[90m
[2m    },[22m
[2m  ][22m
[31m[90m

Number of calls: [1m1[22m
[31m[39m
[36m [2m❯[22m src/test/analytics-api.test.ts:[2m171:24[22m[39m
    [90m169|[39m         headers[33m:[39m {}[33m,[39m
    [90m170|[39m       } [35mas[39m any[33m,[39m res [35mas[39m any)
    [90m171|[39m       [34mexpect[39m(res[33m.[39mjson)[33m.[39m[34mtoHaveBeenCalledWith[39m({ ok[33m:[39m [35mtrue[39m })
    [90m   |[39m                        [31m^[39m
    [90m172|[39m     })
    [90m173|[39m

[31m[2m⎯⎯⎯⎯⎯⎯⎯⎯⎯⎯⎯⎯⎯⎯⎯⎯⎯⎯⎯⎯⎯⎯[7/213]⎯[22m[39m

[41m[1m FAIL [22m[49m src/test/analytics-api.test.ts[2m > [22mAnalytics API handler[2m > [22mPOST /api/analytics[2m > [22mshould reject invalid event type
[31m[1mAssertionError[22m: expected "vi.fn()" to be called with arguments: [ 400 ][90m

Received:

[1m  1st vi.fn() call:

[22m[2m  [[22m
[32m-   400,[90m
[31m+   503,[90m
[2m  ][22m
[31m[90m

Number of calls: [1m1[22m
[31m[39m
[36m [2m❯[22m src/test/analytics-api.test.ts:[2m181:26[22m[39m
    [90m179|[39m         headers[33m:[39m {}[33m,[39m
    [90m180|[39m       } [35mas[39m any[33m,[39m res [35mas[39m any)
    [90m181|[39m       [34mexpect[39m(res[33m.[39mstatus)[33m.[39m[34mtoHaveBeenCalledWith[39m([34m400[39m)
    [90m   |[39m                          [31m^[39m
    [90m182|[39m     })
    [90m183|[39m

[31m[2m⎯⎯⎯⎯⎯⎯⎯⎯⎯⎯⎯⎯⎯⎯⎯⎯⎯⎯⎯⎯⎯⎯[8/213]⎯[22m[39m

[41m[1m FAIL [22m[49m src/test/analytics-api.test.ts[2m > [22mAnalytics API handler[2m > [22mPOST /api/analytics[2m > [22mshould reject missing body
[31m[1mAssertionError[22m: expected "vi.fn()" to be called with arguments: [ 400 ][90m

Received:

[1m  1st vi.fn() call:

[22m[2m  [[22m
[32m-   400,[90m
[31m+   503,[90m
[2m  ][22m
[31m[90m

Number of calls: [1m1[22m
[31m[39m
[36m [2m❯[22m src/test/analytics-api.test.ts:[2m191:26[22m[39m
    [90m189|[39m         headers[33m:[39m {}[33m,[39m
    [90m190|[39m       } [35mas[39m any[33m,[39m res [35mas[39m any)
    [90m191|[39m       [34mexpect[39m(res[33m.[39mstatus)[33m.[39m[34mtoHaveBeenCalledWith[39m([34m400[39m)
    [90m   |[39m                          [31m^[39m
    [90m192|[39m     })
    [90m193|[39m

[31m[2m⎯⎯⎯⎯⎯⎯⎯⎯⎯⎯⎯⎯⎯⎯⎯⎯⎯⎯⎯⎯⎯⎯[9/213]⎯[22m[39m

[41m[1m FAIL [22m[49m src/test/analytics-api.test.ts[2m > [22mAnalytics API handler[2m > [22mPOST /api/analytics[2m > [22mshould reject excessively large body (>4096 bytes)
[31m[1mAssertionError[22m: expected "vi.fn()" to be called with arguments: [ 413 ][90m

Received:

[1m  1st vi.fn() call:

[22m[2m  [[22m
[32m-   413,[90m
[31m+   503,[90m
[2m  ][22m
[31m[90m

Number of calls: [1m1[22m
[31m[39m
[36m [2m❯[22m src/test/analytics-api.test.ts:[2m201:26[22m[39m
    [90m199|[39m         headers[33m:[39m {}[33m,[39m
    [90m200|[39m       } [35mas[39m any[33m,[39m res [35mas[39m any)
    [90m201|[39m       [34mexpect[39m(res[33m.[39mstatus)[33m.[39m[34mtoHaveBeenCalledWith[39m([34m413[39m)
    [90m   |[39m                          [31m^[39m
    [90m202|[39m     })
    [90m203|[39m   })

[31m[2m⎯⎯⎯⎯⎯⎯⎯⎯⎯⎯⎯⎯⎯⎯⎯⎯⎯⎯⎯⎯⎯[10/213]⎯[22m[39m

[41m[1m FAIL [22m[49m src/test/analytics-api.test.ts[2m > [22mAnalytics API handler[2m > [22mDELETE /api/analytics[2m > [22mshould require session for DELETE
[31m[1mAssertionError[22m: expected "vi.fn()" to be called with arguments: [ 403 ][90m

Received:

[1m  1st vi.fn() call:

[22m[2m  [[22m
[32m-   403,[90m
[31m+   503,[90m
[2m  ][22m
[31m[90m

Number of calls: [1m1[22m
[31m[39m
[36m [2m❯[22m src/test/analytics-api.test.ts:[2m210:26[22m[39m
    [90m208|[39m       [35mconst[39m res [33m=[39m [34mmockRes[39m()
    [90m209|[39m       await handler({ method: 'DELETE', headers: {} } as any, res as a…
    [90m210|[39m       [34mexpect[39m(res[33m.[39mstatus)[33m.[39m[34mtoHaveBeenCalledWith[39m([34m403[39m)
    [90m   |[39m                          [31m^[39m
    [90m211|[39m     })
    [90m212|[39m

[31m[2m⎯⎯⎯⎯⎯⎯⎯⎯⎯⎯⎯⎯⎯⎯⎯⎯⎯⎯⎯⎯⎯[11/213]⎯[22m[39m

[41m[1m FAIL [22m[49m src/test/analytics-api.test.ts[2m > [22mAnalytics API handler[2m > [22mDELETE /api/analytics[2m > [22mshould delete analytics data with valid session
[31m[1mAssertionError[22m: expected "vi.fn()" to be called with arguments: [ { ok: true } ][90m

Received:

[1m  1st vi.fn() call:

[22m[2m  [[22m
[2m    {[22m
[32m-     "ok": true,[90m
[31m+     "error": "Service unavailable",[90m
[31m+     "message": "KV storage is not configured.",[90m
[2m    },[22m
[2m  ][22m
[31m[90m

Number of calls: [1m1[22m
[31m[39m
[36m [2m❯[22m src/test/analytics-api.test.ts:[2m217:24[22m[39m
    [90m215|[39m       [35mconst[39m res [33m=[39m [34mmockRes[39m()
    [90m216|[39m       await handler({ method: 'DELETE', headers: {} } as any, res as a…
    [90m217|[39m       [34mexpect[39m(res[33m.[39mjson)[33m.[39m[34mtoHaveBeenCalledWith[39m({ ok[33m:[39m [35mtrue[39m })
    [90m   |[39m                        [31m^[39m
    [90m218|[39m     })
    [90m219|[39m   })

[31m[2m⎯⎯⎯⎯⎯⎯⎯⎯⎯⎯⎯⎯⎯⎯⎯⎯⎯⎯⎯⎯⎯[12/213]⎯[22m[39m

[41m[1m FAIL [22m[49m src/test/analytics-api.test.ts[2m > [22mAnalytics API handler[2m > [22mshould return 405 for unsupported methods
[31m[1mAssertionError[22m: expected "vi.fn()" to be called with arguments: [ 405 ][90m

Received:

[1m  1st vi.fn() call:

[22m[2m  [[22m
[32m-   405,[90m
[31m+   503,[90m
[2m  ][22m
[31m[90m

Number of calls: [1m1[22m
[31m[39m
[36m [2m❯[22m src/test/analytics-api.test.ts:[2m224:24[22m[39m
    [90m222|[39m     [35mconst[39m res [33m=[39m [34mmockRes[39m()
    [90m223|[39m     [35mawait[39m [34mhandler[39m({ method[33m:[39m [32m'PUT'[39m[33m,[39m headers[33m:[39m {} } [35mas[39m any[33m,[39m res [35mas[39m any)
    [90m224|[39m     [34mexpect[39m(res[33m.[39mstatus)[33m.[39m[34mtoHaveBeenCalledWith[39m([34m405[39m)
    [90m   |[39m                        [31m^[39m
    [90m225|[39m   })
    [90m226|[39m })

[31m[2m⎯⎯⎯⎯⎯⎯⎯⎯⎯⎯⎯⎯⎯⎯⎯⎯⎯⎯⎯⎯⎯[13/213]⎯[22m[39m

[41m[1m FAIL [22m[49m src/test/attacker-profile-api.test.ts[2m > [22mAttacker Profile API handler[2m > [22mGET — single profile by hashedIp[2m > [22mreturns 404 when profile not found
[31m[1mAssertionError[22m: expected "vi.fn()" to be called with arguments: [ 404 ][90m

Received:

[1m  1st vi.fn() call:

[22m[2m  [[22m
[32m-   404,[90m
[31m+   503,[90m
[2m  ][22m
[31m[90m

Number of calls: [1m1[22m
[31m[39m
[36m [2m❯[22m src/test/attacker-profile-api.test.ts:[2m105:26[22m[39m
    [90m103|[39m       [35mconst[39m res [33m=[39m [34mmockRes[39m()
    [90m104|[39m       await handler({ method: 'GET', headers: {}, query: { hashedIp: H…
    [90m105|[39m       [34mexpect[39m(res[33m.[39mstatus)[33m.[39m[34mtoHaveBeenCalledWith[39m([34m404[39m)
    [90m   |[39m                          [31m^[39m
    [90m106|[39m       expect(res.json).toHaveBeenCalledWith(expect.objectContaining({ …
    [90m107|[39m     })

[31m[2m⎯⎯⎯⎯⎯⎯⎯⎯⎯⎯⎯⎯⎯⎯⎯⎯⎯⎯⎯⎯⎯[14/213]⎯[22m[39m

[41m[1m FAIL [22m[49m src/test/attacker-profile-api.test.ts[2m > [22mAttacker Profile API handler[2m > [22mGET — single profile by hashedIp[2m > [22mreturns profile with behavioral patterns when found
[31m[1mAssertionError[22m: expected "vi.fn()" to be called with arguments: [ ObjectContaining{…} ][90m

Received:

[1m  1st vi.fn() call:

[22m[2m  [[22m
[32m-   ObjectContaining {[90m
[32m-     "profile": ObjectContaining {[90m
[32m-       "behavioralPatterns": Any<Array>,[90m
[32m-       "hashedIp": "aaaaaaaaaaaaaaaaaaaaaaaaaaaaaaaaaaaaaaaaaaaaaaaaaaaaaaaaaaaaaaaa",[90m
[32m-       "totalIncidents": 5,[90m
[32m-     },[90m
[31m+   {[90m
[31m+     "error": "Service unavailable",[90m
[2m    },[22m
[2m  ][22m
[31m[90m

Number of calls: [1m1[22m
[31m[39m
[36m [2m❯[22m src/test/attacker-profile-api.test.ts:[2m113:24[22m[39m
    [90m111|[39m       [35mconst[39m res [33m=[39m [34mmockRes[39m()
    [90m112|[39m       await handler({ method: 'GET', headers: {}, query: { hashedIp: H…
    [90m113|[39m       [34mexpect[39m(res[33m.[39mjson)[33m.[39m[34mtoHaveBeenCalledWith[39m(expect[33m.[39m[34mobjectContaining[39m({
    [90m   |[39m                        [31m^[39m
    [90m114|[39m         profile[33m:[39m expect[33m.[39m[34mobjectContaining[39m({
    [90m115|[39m           hashedIp[33m:[39m [33mHASH[39m[33m,[39m

[31m[2m⎯⎯⎯⎯⎯⎯⎯⎯⎯⎯⎯⎯⎯⎯⎯⎯⎯⎯⎯⎯⎯[15/213]⎯[22m[39m

[41m[1m FAIL [22m[49m src/test/attacker-profile-api.test.ts[2m > [22mAttacker Profile API handler[2m > [22mGET — all profiles (paginated)[2m > [22mreturns empty profiles list when none exist
[31m[1mAssertionError[22m: expected "vi.fn()" to be called with arguments: [ ObjectContaining{…} ][90m

Received:

[1m  1st vi.fn() call:

[22m[2m  [[22m
[32m-   ObjectContaining {[90m
[32m-     "profiles": [],[90m
[32m-     "total": 0,[90m
[31m+   {[90m
[31m+     "error": "Service unavailable",[90m
[2m    },[22m
[2m  ][22m
[31m[90m

Number of calls: [1m1[22m
[31m[39m
[36m [2m❯[22m src/test/attacker-profile-api.test.ts:[2m128:24[22m[39m
    [90m126|[39m       [35mconst[39m res [33m=[39m [34mmockRes[39m()
    [90m127|[39m       await handler({ method: 'GET', headers: {}, query: {} } as any, …
    [90m128|[39m       [34mexpect[39m(res[33m.[39mjson)[33m.[39m[34mtoHaveBeenCalledWith[39m(expect[33m.[39m[34mobjectContaining[39m({
    [90m   |[39m                        [31m^[39m
    [90m129|[39m         profiles[33m:[39m [][33m,[39m
    [90m130|[39m         total[33m:[39m [34m0[39m[33m,[39m

[31m[2m⎯⎯⎯⎯⎯⎯⎯⎯⎯⎯⎯⎯⎯⎯⎯⎯⎯⎯⎯⎯⎯[16/213]⎯[22m[39m

[41m[1m FAIL [22m[49m src/test/attacker-profile-api.test.ts[2m > [22mAttacker Profile API handler[2m > [22mGET — all profiles (paginated)[2m > [22mreturns paginated profiles
[31m[1mAssertionError[22m: Target cannot be null or undefined.[39m
[36m [2m❯[22m src/test/attacker-profile-api.test.ts:[2m140:29[22m[39m
    [90m138|[39m       await handler({ method: 'GET', headers: {}, query: { limit: '10'…
    [90m139|[39m       const call = vi.mocked(res.json).mock.calls[0][0] as { profiles:…
    [90m140|[39m       [34mexpect[39m(call[33m.[39mprofiles)[33m.[39m[34mtoHaveLength[39m([34m1[39m)
    [90m   |[39m                             [31m^[39m
    [90m141|[39m       [34mexpect[39m(call[33m.[39mtotal)[33m.[39m[34mtoBe[39m([34m1[39m)
    [90m142|[39m     })

[31m[2m⎯⎯⎯⎯⎯⎯⎯⎯⎯⎯⎯⎯⎯⎯⎯⎯⎯⎯⎯⎯⎯[17/213]⎯[22m[39m

[41m[1m FAIL [22m[49m src/test/attacker-profile-api.test.ts[2m > [22mAttacker Profile API handler[2m > [22mGET — all profiles (paginated)[2m > [22mreturns 400 for limit > 100
[31m[1mAssertionError[22m: expected "vi.fn()" to be called with arguments: [ 400 ][90m

Received:

[1m  1st vi.fn() call:

[22m[2m  [[22m
[32m-   400,[90m
[31m+   503,[90m
[2m  ][22m
[31m[90m

Number of calls: [1m1[22m
[31m[39m
[36m [2m❯[22m src/test/attacker-profile-api.test.ts:[2m147:26[22m[39m
    [90m145|[39m       [35mconst[39m res [33m=[39m [34mmockRes[39m()
    [90m146|[39m       await handler({ method: 'GET', headers: {}, query: { limit: '200…
    [90m147|[39m       [34mexpect[39m(res[33m.[39mstatus)[33m.[39m[34mtoHaveBeenCalledWith[39m([34m400[39m)
    [90m   |[39m                          [31m^[39m
    [90m148|[39m     })
    [90m149|[39m   })

[31m[2m⎯⎯⎯⎯⎯⎯⎯⎯⎯⎯⎯⎯⎯⎯⎯⎯⎯⎯⎯⎯⎯[18/213]⎯[22m[39m

[41m[1m FAIL [22m[49m src/test/attacker-profile-api.test.ts[2m > [22mAttacker Profile API handler[2m > [22mDELETE — delete profile[2m > [22mreturns 400 when hashedIp is missing
[31m[1mAssertionError[22m: expected "vi.fn()" to be called with arguments: [ 400 ][90m

Received:

[1m  1st vi.fn() call:

[22m[2m  [[22m
[32m-   400,[90m
[31m+   503,[90m
[2m  ][22m
[31m[90m

Number of calls: [1m1[22m
[31m[39m
[36m [2m❯[22m src/test/attacker-profile-api.test.ts:[2m155:26[22m[39m
    [90m153|[39m       [35mconst[39m res [33m=[39m [34mmockRes[39m()
    [90m154|[39m       await handler({ method: 'DELETE', headers: {}, query: {} } as an…
    [90m155|[39m       [34mexpect[39m(res[33m.[39mstatus)[33m.[39m[34mtoHaveBeenCalledWith[39m([34m400[39m)
    [90m   |[39m                          [31m^[39m
    [90m156|[39m     })
    [90m157|[39m

[31m[2m⎯⎯⎯⎯⎯⎯⎯⎯⎯⎯⎯⎯⎯⎯⎯⎯⎯⎯⎯⎯⎯[19/213]⎯[22m[39m

[41m[1m FAIL [22m[49m src/test/attacker-profile-api.test.ts[2m > [22mAttacker Profile API handler[2m > [22mDELETE — delete profile[2m > [22mdeletes the profile successfully
[31m[1mAssertionError[22m: expected "vi.fn()" to be called with arguments: [ { success: true } ][90m

Received:

[1m  1st vi.fn() call:

[22m[2m  [[22m
[2m    {[22m
[32m-     "success": true,[90m
[31m+     "error": "Service unavailable",[90m
[2m    },[22m
[2m  ][22m
[31m[90m

Number of calls: [1m1[22m
[31m[39m
[36m [2m❯[22m src/test/attacker-profile-api.test.ts:[2m163:24[22m[39m
    [90m161|[39m       [35mconst[39m res [33m=[39m [34mmockRes[39m()
    [90m162|[39m       await handler({ method: 'DELETE', headers: {}, query: { hashedIp…
    [90m163|[39m       [34mexpect[39m(res[33m.[39mjson)[33m.[39m[34mtoHaveBeenCalledWith[39m({ success[33m:[39m [35mtrue[39m })
    [90m   |[39m                        [31m^[39m
    [90m164|[39m     })
    [90m165|[39m

[31m[2m⎯⎯⎯⎯⎯⎯⎯⎯⎯⎯⎯⎯⎯⎯⎯⎯⎯⎯⎯⎯⎯[20/213]⎯[22m[39m

[41m[1m FAIL [22m[49m src/test/attacker-profile-api.test.ts[2m > [22mAttacker Profile API handler[2m > [22mDELETE — delete profile[2m > [22mreturns 400 for hashedIp too short
[31m[1mAssertionError[22m: expected "vi.fn()" to be called with arguments: [ 400 ][90m

Received:

[1m  1st vi.fn() call:

[22m[2m  [[22m
[32m-   400,[90m
[31m+   503,[90m
[2m  ][22m
[31m[90m

Number of calls: [1m1[22m
[31m[39m
[36m [2m❯[22m src/test/attacker-profile-api.test.ts:[2m169:26[22m[39m
    [90m167|[39m       [35mconst[39m res [33m=[39m [34mmockRes[39m()
    [90m168|[39m       await handler({ method: 'DELETE', headers: {}, query: { hashedIp…
    [90m169|[39m       [34mexpect[39m(res[33m.[39mstatus)[33m.[39m[34mtoHaveBeenCalledWith[39m([34m400[39m)
    [90m   |[39m                          [31m^[39m
    [90m170|[39m     })
    [90m171|[39m   })

[31m[2m⎯⎯⎯⎯⎯⎯⎯⎯⎯⎯⎯⎯⎯⎯⎯⎯⎯⎯⎯⎯⎯[21/213]⎯[22m[39m

[41m[1m FAIL [22m[49m src/test/attacker-profile-api.test.ts[2m > [22mAttacker Profile API handler[2m > [22mreturns 405 for unsupported methods
[31m[1mAssertionError[22m: expected "vi.fn()" to be called with arguments: [ 405 ][90m

Received:

[1m  1st vi.fn() call:

[22m[2m  [[22m
[32m-   405,[90m
[31m+   503,[90m
[2m  ][22m
[31m[90m

Number of calls: [1m1[22m
[31m[39m
[36m [2m❯[22m src/test/attacker-profile-api.test.ts:[2m176:24[22m[39m
    [90m174|[39m     [35mconst[39m res [33m=[39m [34mmockRes[39m()
    [90m175|[39m     await handler({ method: 'PUT', headers: {}, query: {} } as any, re…
    [90m176|[39m     [34mexpect[39m(res[33m.[39mstatus)[33m.[39m[34mtoHaveBeenCalledWith[39m([34m405[39m)
    [90m   |[39m                        [31m^[39m
    [90m177|[39m   })
    [90m178|[39m })

[31m[2m⎯⎯⎯⎯⎯⎯⎯⎯⎯⎯⎯⎯⎯⎯⎯⎯⎯⎯⎯⎯⎯[22/213]⎯[22m[39m

[41m[1m FAIL [22m[49m src/test/auth-api.test.ts[2m > [22mgetSessionFromCookie()[2m > [22mextracts token from zd-session cookie
[31m[1mAssertionError[22m: expected null to be 'mytoken123' // Object.is equality[39m

[32m- Expected:[39m
"mytoken123"

[31m+ Received:[39m
null

[36m [2m❯[22m src/test/auth-api.test.ts:[2m80:39[22m[39m
    [90m 78|[39m   [34mit[39m([32m'extracts token from zd-session cookie'[39m[33m,[39m () [33m=>[39m {
    [90m 79|[39m     const req: any = { headers: { cookie: 'zd-session=mytoken123' } } …
    [90m 80|[39m     [34mexpect[39m([34mgetSessionFromCookie[39m(req))[33m.[39m[34mtoBe[39m([32m'mytoken123'[39m)
    [90m   |[39m                                       [31m^[39m
    [90m 81|[39m   })
    [90m 82|[39m

[31m[2m⎯⎯⎯⎯⎯⎯⎯⎯⎯⎯⎯⎯⎯⎯⎯⎯⎯⎯⎯⎯⎯[23/213]⎯[22m[39m

[41m[1m FAIL [22m[49m src/test/auth-api.test.ts[2m > [22mgetSessionFromCookie()[2m > [22mextracts token from cookie with other cookies before it
[31m[1mAssertionError[22m: expected null to be 'tok2' // Object.is equality[39m

[32m- Expected:[39m
"tok2"

[31m+ Received:[39m
null

[36m [2m❯[22m src/test/auth-api.test.ts:[2m85:39[22m[39m
    [90m 83|[39m   [34mit[39m([32m'extracts token from cookie with other cookies before it'[39m[33m,[39m () [33m=>[39m {
    [90m 84|[39m     const req: any = { headers: { cookie: 'other=x; zd-session=tok2; a…
    [90m 85|[39m     [34mexpect[39m([34mgetSessionFromCookie[39m(req))[33m.[39m[34mtoBe[39m([32m'tok2'[39m)
    [90m   |[39m                                       [31m^[39m
    [90m 86|[39m   })
    [90m 87|[39m

[31m[2m⎯⎯⎯⎯⎯⎯⎯⎯⎯⎯⎯⎯⎯⎯⎯⎯⎯⎯⎯⎯⎯[24/213]⎯[22m[39m

[41m[1m FAIL [22m[49m src/test/auth-api.test.ts[2m > [22mAuth API handler[2m > [22mGET — auth status[2m > [22mreturns authenticated:false + needsSetup:true when no password set
[31m[1mAssertionError[22m: expected "vi.fn()" to be called with arguments: [ ObjectContaining{…} ][90m

Received:

[1m  1st vi.fn() call:

[22m[2m  [[22m
[32m-   ObjectContaining {[90m
[32m-     "authenticated": false,[90m
[32m-     "needsSetup": true,[90m
[32m-     "totpEnabled": false,[90m
[31m+   {[90m
[31m+     "error": "Service unavailable",[90m
[31m+     "message": "KV storage is not configured.",[90m
[2m    },[22m
[2m  ][22m
[31m[90m

Number of calls: [1m1[22m
[31m[39m
[36m [2m❯[22m src/test/auth-api.test.ts:[2m152:24[22m[39m
    [90m150|[39m       [35mconst[39m res [33m=[39m [34mmockRes[39m()
    [90m151|[39m       await handler({ method: 'GET', headers: { cookie: '' }, body: {}…
    [90m152|[39m       [34mexpect[39m(res[33m.[39mjson)[33m.[39m[34mtoHaveBeenCalledWith[39m(expect[33m.[39m[34mobjectContaining[39m({
    [90m   |[39m                        [31m^[39m
    [90m153|[39m         authenticated[33m:[39m [35mfalse[39m[33m,[39m
    [90m154|[39m         needsSetup[33m:[39m [35mtrue[39m[33m,[39m

[31m[2m⎯⎯⎯⎯⎯⎯⎯⎯⎯⎯⎯⎯⎯⎯⎯⎯⎯⎯⎯⎯⎯[25/213]⎯[22m[39m

[41m[1m FAIL [22m[49m src/test/auth-api.test.ts[2m > [22mAuth API handler[2m > [22mGET — auth status[2m > [22mreturns needsSetup:false when password is stored
[31m[1mAssertionError[22m: expected "vi.fn()" to be called with arguments: [ ObjectContaining{…} ][90m

Received:

[1m  1st vi.fn() call:

[22m[2m  [[22m
[32m-   ObjectContaining {[90m
[32m-     "needsSetup": false,[90m
[31m+   {[90m
[31m+     "error": "Service unavailable",[90m
[31m+     "message": "KV storage is not configured.",[90m
[2m    },[22m
[2m  ][22m
[31m[90m

Number of calls: [1m1[22m
[31m[39m
[36m [2m❯[22m src/test/auth-api.test.ts:[2m164:24[22m[39m
    [90m162|[39m       [35mconst[39m res [33m=[39m [34mmockRes[39m()
    [90m163|[39m       await handler({ method: 'GET', headers: { cookie: '' }, body: {}…
    [90m164|[39m       expect(res.json).toHaveBeenCalledWith(expect.objectContaining({ …
    [90m   |[39m                        [31m^[39m
    [90m165|[39m     })
    [90m166|[39m

[31m[2m⎯⎯⎯⎯⎯⎯⎯⎯⎯⎯⎯⎯⎯⎯⎯⎯⎯⎯⎯⎯⎯[26/213]⎯[22m[39m

[41m[1m FAIL [22m[49m src/test/auth-api.test.ts[2m > [22mAuth API handler[2m > [22mGET — auth status[2m > [22mreturns totpEnabled:true when TOTP secret stored
[31m[1mAssertionError[22m: expected "vi.fn()" to be called with arguments: [ ObjectContaining{…} ][90m

Received:

[1m  1st vi.fn() call:

[22m[2m  [[22m
[32m-   ObjectContaining {[90m
[32m-     "totpEnabled": true,[90m
[31m+   {[90m
[31m+     "error": "Service unavailable",[90m
[31m+     "message": "KV storage is not configured.",[90m
[2m    },[22m
[2m  ][22m
[31m[90m

Number of calls: [1m1[22m
[31m[39m
[36m [2m❯[22m src/test/auth-api.test.ts:[2m173:24[22m[39m
    [90m171|[39m       [35mconst[39m res [33m=[39m [34mmockRes[39m()
    [90m172|[39m       await handler({ method: 'GET', headers: { cookie: '' }, body: {}…
    [90m173|[39m       expect(res.json).toHaveBeenCalledWith(expect.objectContaining({ …
    [90m   |[39m                        [31m^[39m
    [90m174|[39m     })
    [90m175|[39m

[31m[2m⎯⎯⎯⎯⎯⎯⎯⎯⎯⎯⎯⎯⎯⎯⎯⎯⎯⎯⎯⎯⎯[27/213]⎯[22m[39m

[41m[1m FAIL [22m[49m src/test/auth-api.test.ts[2m > [22mAuth API handler[2m > [22mGET — auth status[2m > [22mreturns setupTokenRequired:true when ADMIN_SETUP_TOKEN env is set
[31m[1mAssertionError[22m: expected "vi.fn()" to be called with arguments: [ ObjectContaining{…} ][90m

Received:

[1m  1st vi.fn() call:

[22m[2m  [[22m
[32m-   ObjectContaining {[90m
[32m-     "setupTokenRequired": true,[90m
[31m+   {[90m
[31m+     "error": "Service unavailable",[90m
[31m+     "message": "KV storage is not configured.",[90m
[2m    },[22m
[2m  ][22m
[31m[90m

Number of calls: [1m1[22m
[31m[39m
[36m [2m❯[22m src/test/auth-api.test.ts:[2m181:24[22m[39m
    [90m179|[39m       [35mconst[39m res [33m=[39m [34mmockRes[39m()
    [90m180|[39m       await handler({ method: 'GET', headers: { cookie: '' }, body: {}…
    [90m181|[39m       expect(res.json).toHaveBeenCalledWith(expect.objectContaining({ …
    [90m   |[39m                        [31m^[39m
    [90m182|[39m     })
    [90m183|[39m   })

[31m[2m⎯⎯⎯⎯⎯⎯⎯⎯⎯⎯⎯⎯⎯⎯⎯⎯⎯⎯⎯⎯⎯[28/213]⎯[22m[39m

[41m[1m FAIL [22m[49m src/test/auth-api.test.ts[2m > [22mAuth API handler[2m > [22mPOST action=setup — initial password setup[2m > [22msets password and returns success
[31m[1mAssertionError[22m: expected "vi.fn()" to be called with arguments: [ { success: true } ][90m

Received:

[1m  1st vi.fn() call:

[22m[2m  [[22m
[2m    {[22m
[32m-     "success": true,[90m
[31m+     "error": "Service unavailable",[90m
[31m+     "message": "KV storage is not configured.",[90m
[2m    },[22m
[2m  ][22m
[31m[90m

Number of calls: [1m1[22m
[31m[39m
[36m [2m❯[22m src/test/auth-api.test.ts:[2m195:24[22m[39m
    [90m193|[39m         body[33m:[39m { action[33m:[39m [32m'setup'[39m[33m,[39m password[33m:[39m [32m'newpassword1'[39m }[33m,[39m
    [90m194|[39m       } [35mas[39m any[33m,[39m res [35mas[39m any)
    [90m195|[39m       [34mexpect[39m(res[33m.[39mjson)[33m.[39m[34mtoHaveBeenCalledWith[39m({ success[33m:[39m [35mtrue[39m })
    [90m   |[39m                        [31m^[39m
    [90m196|[39m       [90m// Password hash stored without TTL; session stored with TTL[39m
    [90m197|[39m       expect(mockSet).toHaveBeenCalledWith('admin-password-hash', expe…

[31m[2m⎯⎯⎯⎯⎯⎯⎯⎯⎯⎯⎯⎯⎯⎯⎯⎯⎯⎯⎯⎯⎯[29/213]⎯[22m[39m

[41m[1m FAIL [22m[49m src/test/auth-api.test.ts[2m > [22mAuth API handler[2m > [22mPOST action=setup — initial password setup[2m > [22mreturns 409 if password already configured
[31m[1mAssertionError[22m: expected "vi.fn()" to be called with arguments: [ 409 ][90m

Received:

[1m  1st vi.fn() call:

[22m[2m  [[22m
[32m-   409,[90m
[31m+   503,[90m
[2m  ][22m
[31m[90m

Number of calls: [1m1[22m
[31m[39m
[36m [2m❯[22m src/test/auth-api.test.ts:[2m208:26[22m[39m
    [90m206|[39m         body[33m:[39m { action[33m:[39m [32m'setup'[39m[33m,[39m password[33m:[39m [32m'newpassword1'[39m }[33m,[39m
    [90m207|[39m       } [35mas[39m any[33m,[39m res [35mas[39m any)
    [90m208|[39m       [34mexpect[39m(res[33m.[39mstatus)[33m.[39m[34mtoHaveBeenCalledWith[39m([34m409[39m)
    [90m   |[39m                          [31m^[39m
    [90m209|[39m     })
    [90m210|[39m

[31m[2m⎯⎯⎯⎯⎯⎯⎯⎯⎯⎯⎯⎯⎯⎯⎯⎯⎯⎯⎯⎯⎯[30/213]⎯[22m[39m

[41m[1m FAIL [22m[49m src/test/auth-api.test.ts[2m > [22mAuth API handler[2m > [22mPOST action=setup — initial password setup[2m > [22mreturns 403 if setup token is wrong
[31m[1mAssertionError[22m: expected "vi.fn()" to be called with arguments: [ 403 ][90m

Received:

[1m  1st vi.fn() call:

[22m[2m  [[22m
[32m-   403,[90m
[31m+   503,[90m
[2m  ][22m
[31m[90m

Number of calls: [1m1[22m
[31m[39m
[36m [2m❯[22m src/test/auth-api.test.ts:[2m220:26[22m[39m
    [90m218|[39m         body: { action: 'setup', password: 'newpassword1', setupToken:…
    [90m219|[39m       } [35mas[39m any[33m,[39m res [35mas[39m any)
    [90m220|[39m       [34mexpect[39m(res[33m.[39mstatus)[33m.[39m[34mtoHaveBeenCalledWith[39m([34m403[39m)
    [90m   |[39m                          [31m^[39m
    [90m221|[39m     })
    [90m222|[39m

[31m[2m⎯⎯⎯⎯⎯⎯⎯⎯⎯⎯⎯⎯⎯⎯⎯⎯⎯⎯⎯⎯⎯[31/213]⎯[22m[39m

[41m[1m FAIL [22m[49m src/test/auth-api.test.ts[2m > [22mAuth API handler[2m > [22mPOST action=setup — initial password setup[2m > [22mreturns 400 for password too short
[31m[1mAssertionError[22m: expected "vi.fn()" to be called with arguments: [ 400 ][90m

Received:

[1m  1st vi.fn() call:

[22m[2m  [[22m
[32m-   400,[90m
[31m+   503,[90m
[2m  ][22m
[31m[90m

Number of calls: [1m1[22m
[31m[39m
[36m [2m❯[22m src/test/auth-api.test.ts:[2m230:26[22m[39m
    [90m228|[39m         body[33m:[39m { action[33m:[39m [32m'setup'[39m[33m,[39m password[33m:[39m [32m'short'[39m }[33m,[39m
    [90m229|[39m       } [35mas[39m any[33m,[39m res [35mas[39m any)
    [90m230|[39m       [34mexpect[39m(res[33m.[39mstatus)[33m.[39m[34mtoHaveBeenCalledWith[39m([34m400[39m)
    [90m   |[39m                          [31m^[39m
    [90m231|[39m     })
    [90m232|[39m   })

[31m[2m⎯⎯⎯⎯⎯⎯⎯⎯⎯⎯⎯⎯⎯⎯⎯⎯⎯⎯⎯⎯⎯[32/213]⎯[22m[39m

[41m[1m FAIL [22m[49m src/test/auth-api.test.ts[2m > [22mAuth API handler[2m > [22mPOST (login)[2m > [22mreturns success on valid SHA-256 password
[31m[1mAssertionError[22m: expected "vi.fn()" to be called with arguments: [ { success: true } ][90m

Received:

[1m  1st vi.fn() call:

[22m[2m  [[22m
[2m    {[22m
[32m-     "success": true,[90m
[31m+     "error": "Service unavailable",[90m
[31m+     "message": "KV storage is not configured.",[90m
[2m    },[22m
[2m  ][22m
[31m[90m

Number of calls: [1m1[22m
[31m[39m
[36m [2m❯[22m src/test/auth-api.test.ts:[2m247:24[22m[39m
    [90m245|[39m         body[33m:[39m { password[33m:[39m [32m'password'[39m }[33m,[39m
    [90m246|[39m       } [35mas[39m any[33m,[39m res [35mas[39m any)
    [90m247|[39m       [34mexpect[39m(res[33m.[39mjson)[33m.[39m[34mtoHaveBeenCalledWith[39m({ success[33m:[39m [35mtrue[39m })
    [90m   |[39m                        [31m^[39m
    [90m248|[39m       expect(res.setHeader).toHaveBeenCalledWith('Set-Cookie', expect.…
    [90m249|[39m     })

[31m[2m⎯⎯⎯⎯⎯⎯⎯⎯⎯⎯⎯⎯⎯⎯⎯⎯⎯⎯⎯⎯⎯[33/213]⎯[22m[39m

[41m[1m FAIL [22m[49m src/test/auth-api.test.ts[2m > [22mAuth API handler[2m > [22mPOST (login)[2m > [22mreturns 401 on invalid password
[31m[1mAssertionError[22m: expected "vi.fn()" to be called with arguments: [ 401 ][90m

Received:

[1m  1st vi.fn() call:

[22m[2m  [[22m
[32m-   401,[90m
[31m+   503,[90m
[2m  ][22m
[31m[90m

Number of calls: [1m1[22m
[31m[39m
[36m [2m❯[22m src/test/auth-api.test.ts:[2m261:26[22m[39m
    [90m259|[39m         body[33m:[39m { password[33m:[39m [32m'wrongpassword'[39m }[33m,[39m
    [90m260|[39m       } [35mas[39m any[33m,[39m res [35mas[39m any)
    [90m261|[39m       [34mexpect[39m(res[33m.[39mstatus)[33m.[39m[34mtoHaveBeenCalledWith[39m([34m401[39m)
    [90m   |[39m                          [31m^[39m
    [90m262|[39m     })
    [90m263|[39m

[31m[2m⎯⎯⎯⎯⎯⎯⎯⎯⎯⎯⎯⎯⎯⎯⎯⎯⎯⎯⎯⎯⎯[34/213]⎯[22m[39m

[41m[1m FAIL [22m[49m src/test/auth-api.test.ts[2m > [22mAuth API handler[2m > [22mPOST (login)[2m > [22mreturns 401 when no password hash is stored
[31m[1mAssertionError[22m: expected "vi.fn()" to be called with arguments: [ 401 ][90m

Received:

[1m  1st vi.fn() call:

[22m[2m  [[22m
[32m-   401,[90m
[31m+   503,[90m
[2m  ][22m
[31m[90m

Number of calls: [1m1[22m
[31m[39m
[36m [2m❯[22m src/test/auth-api.test.ts:[2m275:26[22m[39m
    [90m273|[39m         body[33m:[39m { password[33m:[39m [32m'anypassword'[39m }[33m,[39m
    [90m274|[39m       } [35mas[39m any[33m,[39m res [35mas[39m any)
    [90m275|[39m       [34mexpect[39m(res[33m.[39mstatus)[33m.[39m[34mtoHaveBeenCalledWith[39m([34m401[39m)
    [90m   |[39m                          [31m^[39m
    [90m276|[39m     })
    [90m277|[39m

[31m[2m⎯⎯⎯⎯⎯⎯⎯⎯⎯⎯⎯⎯⎯⎯⎯⎯⎯⎯⎯⎯⎯[35/213]⎯[22m[39m

[41m[1m FAIL [22m[49m src/test/auth-api.test.ts[2m > [22mAuth API handler[2m > [22mPOST (login)[2m > [22mreturns 403 totpRequired when TOTP enabled but no code provided
[31m[1mAssertionError[22m: expected "vi.fn()" to be called with arguments: [ 403 ][90m

Received:

[1m  1st vi.fn() call:

[22m[2m  [[22m
[32m-   403,[90m
[31m+   503,[90m
[2m  ][22m
[31m[90m

Number of calls: [1m1[22m
[31m[39m
[36m [2m❯[22m src/test/auth-api.test.ts:[2m289:26[22m[39m
    [90m287|[39m         body[33m:[39m { password[33m:[39m [32m'password'[39m }[33m,[39m
    [90m288|[39m       } [35mas[39m any[33m,[39m res [35mas[39m any)
    [90m289|[39m       [34mexpect[39m(res[33m.[39mstatus)[33m.[39m[34mtoHaveBeenCalledWith[39m([34m403[39m)
    [90m   |[39m                          [31m^[39m
    [90m290|[39m       expect(res.json).toHaveBeenCalledWith(expect.objectContaining({ …
    [90m291|[39m     })

[31m[2m⎯⎯⎯⎯⎯⎯⎯⎯⎯⎯⎯⎯⎯⎯⎯⎯⎯⎯⎯⎯⎯[36/213]⎯[22m[39m

[41m[1m FAIL [22m[49m src/test/auth-api.test.ts[2m > [22mAuth API handler[2m > [22mPOST (login)[2m > [22mreturns 403 on invalid TOTP code
[31m[1mAssertionError[22m: expected "vi.fn()" to be called with arguments: [ 403 ][90m

Received:

[1m  1st vi.fn() call:

[22m[2m  [[22m
[32m-   403,[90m
[31m+   503,[90m
[2m  ][22m
[31m[90m

Number of calls: [1m1[22m
[31m[39m
[36m [2m❯[22m src/test/auth-api.test.ts:[2m305:26[22m[39m
    [90m303|[39m         body: { password: 'password', totpCode: '999999' }, // wrong c…
    [90m304|[39m       } [35mas[39m any[33m,[39m res [35mas[39m any)
    [90m305|[39m       [34mexpect[39m(res[33m.[39mstatus)[33m.[39m[34mtoHaveBeenCalledWith[39m([34m403[39m)
    [90m   |[39m                          [31m^[39m
    [90m306|[39m     })
    [90m307|[39m

[31m[2m⎯⎯⎯⎯⎯⎯⎯⎯⎯⎯⎯⎯⎯⎯⎯⎯⎯⎯⎯⎯⎯[37/213]⎯[22m[39m

[41m[1m FAIL [22m[49m src/test/auth-api.test.ts[2m > [22mAuth API handler[2m > [22mPOST (login)[2m > [22msucceeds with correct TOTP code 123456
[31m[1mAssertionError[22m: expected "vi.fn()" to be called with arguments: [ { success: true } ][90m

Received:

[1m  1st vi.fn() call:

[22m[2m  [[22m
[2m    {[22m
[32m-     "success": true,[90m
[31m+     "error": "Service unavailable",[90m
[31m+     "message": "KV storage is not configured.",[90m
[2m    },[22m
[2m  ][22m
[31m[90m

Number of calls: [1m1[22m
[31m[39m
[36m [2m❯[22m src/test/auth-api.test.ts:[2m318:24[22m[39m
    [90m316|[39m         body: { password: 'password', totpCode: '123456' }, // mock va…
    [90m317|[39m       } [35mas[39m any[33m,[39m res [35mas[39m any)
    [90m318|[39m       [34mexpect[39m(res[33m.[39mjson)[33m.[39m[34mtoHaveBeenCalledWith[39m({ success[33m:[39m [35mtrue[39m })
    [90m   |[39m                        [31m^[39m
    [90m319|[39m     })
    [90m320|[39m

[31m[2m⎯⎯⎯⎯⎯⎯⎯⎯⎯⎯⎯⎯⎯⎯⎯⎯⎯⎯⎯⎯⎯[38/213]⎯[22m[39m

[41m[1m FAIL [22m[49m src/test/auth-api.test.ts[2m > [22mAuth API handler[2m > [22mPOST (login)[2m > [22mreturns 400 for missing body
[31m[1mAssertionError[22m: expected "vi.fn()" to be called with arguments: [ 400 ][90m

Received:

[1m  1st vi.fn() call:

[22m[2m  [[22m
[32m-   400,[90m
[31m+   503,[90m
[2m  ][22m
[31m[90m

Number of calls: [1m1[22m
[31m[39m
[36m [2m❯[22m src/test/auth-api.test.ts:[2m324:26[22m[39m
    [90m322|[39m       [35mconst[39m res [33m=[39m [34mmockRes[39m()
    [90m323|[39m       await handler({ method: 'POST', headers: {}, body: null } as any…
    [90m324|[39m       [34mexpect[39m(res[33m.[39mstatus)[33m.[39m[34mtoHaveBeenCalledWith[39m([34m400[39m)
    [90m   |[39m                          [31m^[39m
    [90m325|[39m     })
    [90m326|[39m

[31m[2m⎯⎯⎯⎯⎯⎯⎯⎯⎯⎯⎯⎯⎯⎯⎯⎯⎯⎯⎯⎯⎯[39/213]⎯[22m[39m

[41m[1m FAIL [22m[49m src/test/auth-api.test.ts[2m > [22mAuth API handler[2m > [22mPOST (login)[2m > [22mreturns 400 for empty body object
[31m[1mAssertionError[22m: expected "vi.fn()" to be called with arguments: [ 400 ][90m

Received:

[1m  1st vi.fn() call:

[22m[2m  [[22m
[32m-   400,[90m
[31m+   503,[90m
[2m  ][22m
[31m[90m

Number of calls: [1m1[22m
[31m[39m
[36m [2m❯[22m src/test/auth-api.test.ts:[2m330:26[22m[39m
    [90m328|[39m       [35mconst[39m res [33m=[39m [34mmockRes[39m()
    [90m329|[39m       await handler({ method: 'POST', headers: {}, body: {} } as any, …
    [90m330|[39m       [34mexpect[39m(res[33m.[39mstatus)[33m.[39m[34mtoHaveBeenCalledWith[39m([34m400[39m)
    [90m   |[39m                          [31m^[39m
    [90m331|[39m     })
    [90m332|[39m   })

[31m[2m⎯⎯⎯⎯⎯⎯⎯⎯⎯⎯⎯⎯⎯⎯⎯⎯⎯⎯⎯⎯⎯[40/213]⎯[22m[39m

[41m[1m FAIL [22m[49m src/test/auth-api.test.ts[2m > [22mAuth API handler[2m > [22mPOST newPassword — change password[2m > [22mreturns 401 when not authenticated
[31m[1mAssertionError[22m: expected "vi.fn()" to be called with arguments: [ 401 ][90m

Received:

[1m  1st vi.fn() call:

[22m[2m  [[22m
[32m-   401,[90m
[31m+   503,[90m
[2m  ][22m
[31m[90m

Number of calls: [1m1[22m
[31m[39m
[36m [2m❯[22m src/test/auth-api.test.ts:[2m344:26[22m[39m
    [90m342|[39m         body[33m:[39m { currentPassword[33m:[39m [32m'old'[39m[33m,[39m newPassword[33m:[39m [32m'newpassword1'[39m }[33m,[39m
    [90m343|[39m       } [35mas[39m any[33m,[39m res [35mas[39m any)
    [90m344|[39m       [34mexpect[39m(res[33m.[39mstatus)[33m.[39m[34mtoHaveBeenCalledWith[39m([34m401[39m)
    [90m   |[39m                          [31m^[39m
    [90m345|[39m     })
    [90m346|[39m

[31m[2m⎯⎯⎯⎯⎯⎯⎯⎯⎯⎯⎯⎯⎯⎯⎯⎯⎯⎯⎯⎯⎯[41/213]⎯[22m[39m

[41m[1m FAIL [22m[49m src/test/auth-api.test.ts[2m > [22mAuth API handler[2m > [22mPOST action=totp-setup[2m > [22mreturns 401 when not authenticated
[31m[1mAssertionError[22m: expected "vi.fn()" to be called with arguments: [ 401 ][90m

Received:

[1m  1st vi.fn() call:

[22m[2m  [[22m
[32m-   401,[90m
[31m+   503,[90m
[2m  ][22m
[31m[90m

Number of calls: [1m1[22m
[31m[39m
[36m [2m❯[22m src/test/auth-api.test.ts:[2m372:26[22m[39m
    [90m370|[39m         body[33m:[39m { action[33m:[39m [32m'totp-setup'[39m }[33m,[39m
    [90m371|[39m       } [35mas[39m any[33m,[39m res [35mas[39m any)
    [90m372|[39m       [34mexpect[39m(res[33m.[39mstatus)[33m.[39m[34mtoHaveBeenCalledWith[39m([34m401[39m)
    [90m   |[39m                          [31m^[39m
    [90m373|[39m     })
    [90m374|[39m

[31m[2m⎯⎯⎯⎯⎯⎯⎯⎯⎯⎯⎯⎯⎯⎯⎯⎯⎯⎯⎯⎯⎯[42/213]⎯[22m[39m

[41m[1m FAIL [22m[49m src/test/auth-api.test.ts[2m > [22mAuth API handler[2m > [22mPOST action=totp-setup[2m > [22mreturns TOTP URI and secret when authenticated and no existing TOTP
[31m[1mAssertionError[22m: expected "vi.fn()" to be called with arguments: [ ObjectContaining{…} ][90m

Received:

[1m  1st vi.fn() call:

[22m[2m  [[22m
[32m-   ObjectContaining {[90m
[32m-     "success": true,[90m
[32m-     "totpSecret": Any<String>,[90m
[32m-     "totpUri": StringContaining "otpauth://totp/",[90m
[31m+   {[90m
[31m+     "error": "Service unavailable",[90m
[31m+     "message": "KV storage is not configured.",[90m
[2m    },[22m
[2m  ][22m
[31m[90m

Number of calls: [1m1[22m
[31m[39m
[36m [2m❯[22m src/test/auth-api.test.ts:[2m385:24[22m[39m
    [90m383|[39m         body[33m:[39m { action[33m:[39m [32m'totp-setup'[39m }[33m,[39m
    [90m384|[39m       } [35mas[39m any[33m,[39m res [35mas[39m any)
    [90m385|[39m       [34mexpect[39m(res[33m.[39mjson)[33m.[39m[34mtoHaveBeenCalledWith[39m(expect[33m.[39m[34mobjectContaining[39m({
    [90m   |[39m                        [31m^[39m
    [90m386|[39m         success[33m:[39m [35mtrue[39m[33m,[39m
    [90m387|[39m         totpUri[33m:[39m expect[33m.[39m[34mstringContaining[39m([32m'otpauth://totp/'[39m)[33m,[39m

[31m[2m⎯⎯⎯⎯⎯⎯⎯⎯⎯⎯⎯⎯⎯⎯⎯⎯⎯⎯⎯⎯⎯[43/213]⎯[22m[39m

[41m[1m FAIL [22m[49m src/test/auth-api.test.ts[2m > [22mAuth API handler[2m > [22mPOST action=totp-setup[2m > [22mreturns 409 when TOTP already configured
[31m[1mAssertionError[22m: expected "vi.fn()" to be called with arguments: [ 409 ][90m

Received:

[1m  1st vi.fn() call:

[22m[2m  [[22m
[32m-   409,[90m
[31m+   503,[90m
[2m  ][22m
[31m[90m

Number of calls: [1m1[22m
[31m[39m
[36m [2m❯[22m src/test/auth-api.test.ts:[2m401:26[22m[39m
    [90m399|[39m         body[33m:[39m { action[33m:[39m [32m'totp-setup'[39m }[33m,[39m
    [90m400|[39m       } [35mas[39m any[33m,[39m res [35mas[39m any)
    [90m401|[39m       [34mexpect[39m(res[33m.[39mstatus)[33m.[39m[34mtoHaveBeenCalledWith[39m([34m409[39m)
    [90m   |[39m                          [31m^[39m
    [90m402|[39m     })
    [90m403|[39m   })

[31m[2m⎯⎯⎯⎯⎯⎯⎯⎯⎯⎯⎯⎯⎯⎯⎯⎯⎯⎯⎯⎯⎯[44/213]⎯[22m[39m

[41m[1m FAIL [22m[49m src/test/auth-api.test.ts[2m > [22mAuth API handler[2m > [22mPOST action=totp-verify[2m > [22mreturns 401 when not authenticated
[31m[1mAssertionError[22m: expected "vi.fn()" to be called with arguments: [ 401 ][90m

Received:

[1m  1st vi.fn() call:

[22m[2m  [[22m
[32m-   401,[90m
[31m+   503,[90m
[2m  ][22m
[31m[90m

Number of calls: [1m1[22m
[31m[39m
[36m [2m❯[22m src/test/auth-api.test.ts:[2m415:26[22m[39m
    [90m413|[39m         body[33m:[39m { action[33m:[39m [32m'totp-verify'[39m[33m,[39m code[33m:[39m [32m'123456'[39m }[33m,[39m
    [90m414|[39m       } [35mas[39m any[33m,[39m res [35mas[39m any)
    [90m415|[39m       [34mexpect[39m(res[33m.[39mstatus)[33m.[39m[34mtoHaveBeenCalledWith[39m([34m401[39m)
    [90m   |[39m                          [31m^[39m
    [90m416|[39m     })
    [90m417|[39m

[31m[2m⎯⎯⎯⎯⎯⎯⎯⎯⎯⎯⎯⎯⎯⎯⎯⎯⎯⎯⎯⎯⎯[45/213]⎯[22m[39m

[41m[1m FAIL [22m[49m src/test/auth-api.test.ts[2m > [22mAuth API handler[2m > [22mPOST action=totp-verify[2m > [22mreturns 400 when no pending TOTP enrollment
[31m[1mAssertionError[22m: expected "vi.fn()" to be called with arguments: [ 400 ][90m

Received:

[1m  1st vi.fn() call:

[22m[2m  [[22m
[32m-   400,[90m
[31m+   503,[90m
[2m  ][22m
[31m[90m

Number of calls: [1m1[22m
[31m[39m
[36m [2m❯[22m src/test/auth-api.test.ts:[2m427:26[22m[39m
    [90m425|[39m         body[33m:[39m { action[33m:[39m [32m'totp-verify'[39m[33m,[39m code[33m:[39m [32m'123456'[39m }[33m,[39m
    [90m426|[39m       } [35mas[39m any[33m,[39m res [35mas[39m any)
    [90m427|[39m       [34mexpect[39m(res[33m.[39mstatus)[33m.[39m[34mtoHaveBeenCalledWith[39m([34m400[39m)
    [90m   |[39m                          [31m^[39m
    [90m428|[39m     })
    [90m429|[39m

[31m[2m⎯⎯⎯⎯⎯⎯⎯⎯⎯⎯⎯⎯⎯⎯⎯⎯⎯⎯⎯⎯⎯[46/213]⎯[22m[39m

[41m[1m FAIL [22m[49m src/test/auth-api.test.ts[2m > [22mAuth API handler[2m > [22mPOST action=totp-verify[2m > [22mreturns 403 on wrong TOTP code during verify
[31m[1mAssertionError[22m: expected "vi.fn()" to be called with arguments: [ 403 ][90m

Received:

[1m  1st vi.fn() call:

[22m[2m  [[22m
[32m-   403,[90m
[31m+   503,[90m
[2m  ][22m
[31m[90m

Number of calls: [1m1[22m
[31m[39m
[36m [2m❯[22m src/test/auth-api.test.ts:[2m439:26[22m[39m
    [90m437|[39m         body: { action: 'totp-verify', code: '999999' }, // mock only …
    [90m438|[39m       } [35mas[39m any[33m,[39m res [35mas[39m any)
    [90m439|[39m       [34mexpect[39m(res[33m.[39mstatus)[33m.[39m[34mtoHaveBeenCalledWith[39m([34m403[39m)
    [90m   |[39m                          [31m^[39m
    [90m440|[39m     })
    [90m441|[39m

[31m[2m⎯⎯⎯⎯⎯⎯⎯⎯⎯⎯⎯⎯⎯⎯⎯⎯⎯⎯⎯⎯⎯[47/213]⎯[22m[39m

[41m[1m FAIL [22m[49m src/test/auth-api.test.ts[2m > [22mAuth API handler[2m > [22mPOST action=totp-verify[2m > [22menables TOTP on correct code
[31m[1mAssertionError[22m: expected "vi.fn()" to be called with arguments: [ ObjectContaining {"success": true} ][90m

Received:

[1m  1st vi.fn() call:

[22m[2m  [[22m
[32m-   ObjectContaining {[90m
[32m-     "success": true,[90m
[31m+   {[90m
[31m+     "error": "Service unavailable",[90m
[31m+     "message": "KV storage is not configured.",[90m
[2m    },[22m
[2m  ][22m
[31m[90m

Number of calls: [1m1[22m
[31m[39m
[36m [2m❯[22m src/test/auth-api.test.ts:[2m451:24[22m[39m
    [90m449|[39m         body[33m:[39m { action[33m:[39m [32m'totp-verify'[39m[33m,[39m code[33m:[39m [32m'123456'[39m }[33m,[39m
    [90m450|[39m       } [35mas[39m any[33m,[39m res [35mas[39m any)
    [90m451|[39m       expect(res.json).toHaveBeenCalledWith(expect.objectContaining({ …
    [90m   |[39m                        [31m^[39m
    [90m452|[39m       [90m// TOTP secret should be persisted and pending deleted[39m
    [90m453|[39m       [34mexpect[39m(mockDel)[33m.[39m[34mtoHaveBeenCalledWith[39m([32m'zd-admin-totp-pending'[39m)

[31m[2m⎯⎯⎯⎯⎯⎯⎯⎯⎯⎯⎯⎯⎯⎯⎯⎯⎯⎯⎯⎯⎯[48/213]⎯[22m[39m

[41m[1m FAIL [22m[49m src/test/auth-api.test.ts[2m > [22mAuth API handler[2m > [22mDELETE — logout[2m > [22mclears session cookie and deletes session from Redis
[31m[1mAssertionError[22m: expected "vi.fn()" to be called with arguments: [ 'zd-session:mytoken' ][90m

Number of calls: [1m0[22m
[31m[39m
[36m [2m❯[22m src/test/auth-api.test.ts:[2m466:23[22m[39m
    [90m464|[39m         body[33m:[39m {}[33m,[39m
    [90m465|[39m       } [35mas[39m any[33m,[39m res [35mas[39m any)
    [90m466|[39m       [34mexpect[39m(mockDel)[33m.[39m[34mtoHaveBeenCalledWith[39m([32m'zd-session:mytoken'[39m)
    [90m   |[39m                       [31m^[39m
    [90m467|[39m       expect(res.setHeader).toHaveBeenCalledWith('Set-Cookie', expect.…
    [90m468|[39m       [34mexpect[39m(res[33m.[39mjson)[33m.[39m[34mtoHaveBeenCalledWith[39m({ success[33m:[39m [35mtrue[39m })

[31m[2m⎯⎯⎯⎯⎯⎯⎯⎯⎯⎯⎯⎯⎯⎯⎯⎯⎯⎯⎯⎯⎯[49/213]⎯[22m[39m

[41m[1m FAIL [22m[49m src/test/auth-api.test.ts[2m > [22mAuth API handler[2m > [22mDELETE — logout[2m > [22mstill returns success when no session cookie
[31m[1mAssertionError[22m: expected "vi.fn()" to be called with arguments: [ { success: true } ][90m

Received:

[1m  1st vi.fn() call:

[22m[2m  [[22m
[2m    {[22m
[32m-     "success": true,[90m
[31m+     "error": "Service unavailable",[90m
[31m+     "message": "KV storage is not configured.",[90m
[2m    },[22m
[2m  ][22m
[31m[90m

Number of calls: [1m1[22m
[31m[39m
[36m [2m❯[22m src/test/auth-api.test.ts:[2m478:24[22m[39m
    [90m476|[39m         body[33m:[39m {}[33m,[39m
    [90m477|[39m       } [35mas[39m any[33m,[39m res [35mas[39m any)
    [90m478|[39m       [34mexpect[39m(res[33m.[39mjson)[33m.[39m[34mtoHaveBeenCalledWith[39m({ success[33m:[39m [35mtrue[39m })
    [90m   |[39m                        [31m^[39m
    [90m479|[39m     })
    [90m480|[39m   })

[31m[2m⎯⎯⎯⎯⎯⎯⎯⎯⎯⎯⎯⎯⎯⎯⎯⎯⎯⎯⎯⎯⎯[50/213]⎯[22m[39m

[41m[1m FAIL [22m[49m src/test/auth-api.test.ts[2m > [22mAuth API handler[2m > [22mreturns 405 for unsupported methods
[31m[1mAssertionError[22m: expected "vi.fn()" to be called with arguments: [ 405 ][90m

Received:

[1m  1st vi.fn() call:

[22m[2m  [[22m
[32m-   405,[90m
[31m+   503,[90m
[2m  ][22m
[31m[90m

Number of calls: [1m1[22m
[31m[39m
[36m [2m❯[22m src/test/auth-api.test.ts:[2m486:24[22m[39m
    [90m484|[39m     [35mconst[39m res [33m=[39m [34mmockRes[39m()
    [90m485|[39m     await handler({ method: 'PATCH', headers: {}, body: {} } as any, r…
    [90m486|[39m     [34mexpect[39m(res[33m.[39mstatus)[33m.[39m[34mtoHaveBeenCalledWith[39m([34m405[39m)
    [90m   |[39m                        [31m^[39m
    [90m487|[39m   })
    [90m488|[39m })

[31m[2m⎯⎯⎯⎯⎯⎯⎯⎯⎯⎯⎯⎯⎯⎯⎯⎯⎯⎯⎯⎯⎯[51/213]⎯[22m[39m

[41m[1m FAIL [22m[49m src/test/auth-security.test.ts[2m > [22mAuth security: password change requires currentPassword[2m > [22mrejects password change without currentPassword even with valid session
[31m[1mAssertionError[22m: expected "vi.fn()" to be called with arguments: [ 400 ][90m

Received:

[1m  1st vi.fn() call:

[22m[2m  [[22m
[32m-   400,[90m
[31m+   503,[90m
[2m  ][22m
[31m[90m

Number of calls: [1m1[22m
[31m[39m
[36m [2m❯[22m src/test/auth-security.test.ts:[2m72:24[22m[39m
    [90m 70|[39m
    [90m 71|[39m     // Should be rejected because currentPassword is now required (Zod…
    [90m 72|[39m     [34mexpect[39m(res[33m.[39mstatus)[33m.[39m[34mtoHaveBeenCalledWith[39m([34m400[39m)
    [90m   |[39m                        [31m^[39m
    [90m 73|[39m   })
    [90m 74|[39m

[31m[2m⎯⎯⎯⎯⎯⎯⎯⎯⎯⎯⎯⎯⎯⎯⎯⎯⎯⎯⎯⎯⎯[52/213]⎯[22m[39m

[41m[1m FAIL [22m[49m src/test/auth-security.test.ts[2m > [22mAuth security: password change requires currentPassword[2m > [22mrejects password change with wrong currentPassword
[31m[1mAssertionError[22m: expected "vi.fn()" to be called with arguments: [ 403 ][90m

Received:

[1m  1st vi.fn() call:

[22m[2m  [[22m
[32m-   403,[90m
[31m+   503,[90m
[2m  ][22m
[31m[90m

Number of calls: [1m1[22m
[31m[39m
[36m [2m❯[22m src/test/auth-security.test.ts:[2m93:24[22m[39m
    [90m 91|[39m     } [35mas[39m unknown [35mas[39m [33mVercelRequest[39m[33m,[39m res)
    [90m 92|[39m
    [90m 93|[39m     [34mexpect[39m(res[33m.[39mstatus)[33m.[39m[34mtoHaveBeenCalledWith[39m([34m403[39m)
    [90m   |[39m                        [31m^[39m
    [90m 94|[39m     expect(res.json).toHaveBeenCalledWith(expect.objectContaining({ er…
    [90m 95|[39m   })

[31m[2m⎯⎯⎯⎯⎯⎯⎯⎯⎯⎯⎯⎯⎯⎯⎯⎯⎯⎯⎯⎯⎯[53/213]⎯[22m[39m

[41m[1m FAIL [22m[49m src/test/auth-security.test.ts[2m > [22mAuth security: session invalidation on password change[2m > [22minvalidates all sessions and creates new one after password change
[31m[1mAssertionError[22m: expected "vi.fn()" to be called with arguments: [ { success: true } ][90m

Received:

[1m  1st vi.fn() call:

[22m[2m  [[22m
[2m    {[22m
[32m-     "success": true,[90m
[31m+     "error": "Service unavailable",[90m
[31m+     "message": "KV storage is not configured.",[90m
[2m    },[22m
[2m  ][22m
[31m[90m

Number of calls: [1m1[22m
[31m[39m
[36m [2m❯[22m src/test/auth-security.test.ts:[2m129:22[22m[39m
    [90m127|[39m     } [35mas[39m unknown [35mas[39m [33mVercelRequest[39m[33m,[39m res)
    [90m128|[39m
    [90m129|[39m     [34mexpect[39m(res[33m.[39mjson)[33m.[39m[34mtoHaveBeenCalledWith[39m({ success[33m:[39m [35mtrue[39m })
    [90m   |[39m                      [31m^[39m
    [90m130|[39m     [90m// Verify scan was called to find sessions[39m
    [90m131|[39m     expect(mockKvScan).toHaveBeenCalledWith(0, { match: 'zd-session:*'…

[31m[2m⎯⎯⎯⎯⎯⎯⎯⎯⎯⎯⎯⎯⎯⎯⎯⎯⎯⎯⎯⎯⎯[54/213]⎯[22m[39m

[41m[1m FAIL [22m[49m src/test/auth-security.test.ts[2m > [22mAuth security: session TTL is 4 hours[2m > [22msets session with 4-hour TTL on login
[31m[1mAssertionError[22m: expected "vi.fn()" to be called with arguments: [ { success: true } ][90m

Received:

[1m  1st vi.fn() call:

[22m[2m  [[22m
[2m    {[22m
[32m-     "success": true,[90m
[31m+     "error": "Service unavailable",[90m
[31m+     "message": "KV storage is not configured.",[90m
[2m    },[22m
[2m  ][22m
[31m[90m

Number of calls: [1m1[22m
[31m[39m
[36m [2m❯[22m src/test/auth-security.test.ts:[2m163:22[22m[39m
    [90m161|[39m     } [35mas[39m unknown [35mas[39m [33mVercelRequest[39m[33m,[39m res)
    [90m162|[39m
    [90m163|[39m     [34mexpect[39m(res[33m.[39mjson)[33m.[39m[34mtoHaveBeenCalledWith[39m({ success[33m:[39m [35mtrue[39m })
    [90m   |[39m                      [31m^[39m
    [90m164|[39m     [90m// Check session is created with 4-hour TTL (14400 seconds)[39m
    [90m165|[39m     [34mexpect[39m(mockKvSet)[33m.[39m[34mtoHaveBeenCalledWith[39m(

[31m[2m⎯⎯⎯⎯⎯⎯⎯⎯⎯⎯⎯⎯⎯⎯⎯⎯⎯⎯⎯⎯⎯[55/213]⎯[22m[39m

[41m[1m FAIL [22m[49m src/test/auth-security.test.ts[2m > [22mAuth security: client fingerprint binding[2m > [22mstores fingerprint when creating session
[31m[1mAssertionError[22m: expected "vi.fn()" to be called with arguments: [ { success: true } ][90m

Received:

[1m  1st vi.fn() call:

[22m[2m  [[22m
[2m    {[22m
[32m-     "success": true,[90m
[31m+     "error": "Service unavailable",[90m
[31m+     "message": "KV storage is not configured.",[90m
[2m    },[22m
[2m  ][22m
[31m[90m

Number of calls: [1m1[22m
[31m[39m
[36m [2m❯[22m src/test/auth-security.test.ts:[2m198:22[22m[39m
    [90m196|[39m     } [35mas[39m unknown [35mas[39m [33mVercelRequest[39m[33m,[39m res)
    [90m197|[39m
    [90m198|[39m     [34mexpect[39m(res[33m.[39mjson)[33m.[39m[34mtoHaveBeenCalledWith[39m({ success[33m:[39m [35mtrue[39m })
    [90m   |[39m                      [31m^[39m
    [90m199|[39m     [90m// Session should include a fingerprint[39m
    [90m200|[39m     [34mexpect[39m(mockKvSet)[33m.[39m[34mtoHaveBeenCalledWith[39m(

[31m[2m⎯⎯⎯⎯⎯⎯⎯⎯⎯⎯⎯⎯⎯⎯⎯⎯⎯⎯⎯⎯⎯[56/213]⎯[22m[39m

[41m[1m FAIL [22m[49m src/test/auth-security.test.ts[2m > [22mAuth security: client fingerprint binding[2m > [22mrejects session with mismatched fingerprint (different User-Agent)
[31m[1mAssertionError[22m: expected undefined to be false // Object.is equality[39m

[32m- Expected:[39m
false

[31m+ Received:[39m
undefined

[36m [2m❯[22m src/test/auth-security.test.ts:[2m227:36[22m[39m
    [90m225|[39m     [35mconst[39m jsonCall [33m=[39m res[33m.[39mjson[33m.[39mmock[33m.[39mcalls[[34m0[39m][[34m0[39m]
    [90m226|[39m     [90m// Session should be invalid due to fingerprint mismatch[39m
    [90m227|[39m     [34mexpect[39m(jsonCall[33m.[39mauthenticated)[33m.[39m[34mtoBe[39m([35mfalse[39m)
    [90m   |[39m                                    [31m^[39m
    [90m228|[39m   })
    [90m229|[39m })

[31m[2m⎯⎯⎯⎯⎯⎯⎯⎯⎯⎯⎯⎯⎯⎯⎯⎯⎯⎯⎯⎯⎯[57/213]⎯[22m[39m

[41m[1m FAIL [22m[49m src/test/auth-setup-totp.test.ts[2m > [22mAuth security: setup token protection[2m > [22mallows setup without token when ADMIN_SETUP_TOKEN is not configured
[31m[1mAssertionError[22m: expected "vi.fn()" to be called with arguments: [ { success: true } ][90m

Received:

[1m  1st vi.fn() call:

[22m[2m  [[22m
[2m    {[22m
[32m-     "success": true,[90m
[31m+     "error": "Service unavailable",[90m
[31m+     "message": "KV storage is not configured.",[90m
[2m    },[22m
[2m  ][22m
[31m[90m

Number of calls: [1m1[22m
[31m[39m
[36m [2m❯[22m src/test/auth-setup-totp.test.ts:[2m77:22[22m[39m
    [90m 75|[39m     } [35mas[39m unknown [35mas[39m [33mVercelRequest[39m[33m,[39m res)
    [90m 76|[39m
    [90m 77|[39m     [34mexpect[39m(res[33m.[39mjson)[33m.[39m[34mtoHaveBeenCalledWith[39m({ success[33m:[39m [35mtrue[39m })
    [90m   |[39m                      [31m^[39m
    [90m 78|[39m   })
    [90m 79|[39m

[31m[2m⎯⎯⎯⎯⎯⎯⎯⎯⎯⎯⎯⎯⎯⎯⎯⎯⎯⎯⎯⎯⎯[58/213]⎯[22m[39m

[41m[1m FAIL [22m[49m src/test/auth-setup-totp.test.ts[2m > [22mAuth security: setup token protection[2m > [22mrejects setup without token when ADMIN_SETUP_TOKEN is configured
[31m[1mAssertionError[22m: expected "vi.fn()" to be called with arguments: [ 403 ][90m

Received:

[1m  1st vi.fn() call:

[22m[2m  [[22m
[32m-   403,[90m
[31m+   503,[90m
[2m  ][22m
[31m[90m

Number of calls: [1m1[22m
[31m[39m
[36m [2m❯[22m src/test/auth-setup-totp.test.ts:[2m91:24[22m[39m
    [90m 89|[39m     } [35mas[39m unknown [35mas[39m [33mVercelRequest[39m[33m,[39m res)
    [90m 90|[39m
    [90m 91|[39m     [34mexpect[39m(res[33m.[39mstatus)[33m.[39m[34mtoHaveBeenCalledWith[39m([34m403[39m)
    [90m   |[39m                        [31m^[39m
    [90m 92|[39m     expect(res.json).toHaveBeenCalledWith(expect.objectContaining({ er…
    [90m 93|[39m   })

[31m[2m⎯⎯⎯⎯⎯⎯⎯⎯⎯⎯⎯⎯⎯⎯⎯⎯⎯⎯⎯⎯⎯[59/213]⎯[22m[39m

[41m[1m FAIL [22m[49m src/test/auth-setup-totp.test.ts[2m > [22mAuth security: setup token protection[2m > [22mrejects setup with wrong token when ADMIN_SETUP_TOKEN is configured
[31m[1mAssertionError[22m: expected "vi.fn()" to be called with arguments: [ 403 ][90m

Received:

[1m  1st vi.fn() call:

[22m[2m  [[22m
[32m-   403,[90m
[31m+   503,[90m
[2m  ][22m
[31m[90m

Number of calls: [1m1[22m
[31m[39m
[36m [2m❯[22m src/test/auth-setup-totp.test.ts:[2m106:24[22m[39m
    [90m104|[39m     } [35mas[39m unknown [35mas[39m [33mVercelRequest[39m[33m,[39m res)
    [90m105|[39m
    [90m106|[39m     [34mexpect[39m(res[33m.[39mstatus)[33m.[39m[34mtoHaveBeenCalledWith[39m([34m403[39m)
    [90m   |[39m                        [31m^[39m
    [90m107|[39m     expect(res.json).toHaveBeenCalledWith(expect.objectContaining({ er…
    [90m108|[39m   })

[31m[2m⎯⎯⎯⎯⎯⎯⎯⎯⎯⎯⎯⎯⎯⎯⎯⎯⎯⎯⎯⎯⎯[60/213]⎯[22m[39m

[41m[1m FAIL [22m[49m src/test/auth-setup-totp.test.ts[2m > [22mAuth security: setup token protection[2m > [22mallows setup with correct token when ADMIN_SETUP_TOKEN is configured
[31m[1mAssertionError[22m: expected "vi.fn()" to be called with arguments: [ { success: true } ][90m

Received:

[1m  1st vi.fn() call:

[22m[2m  [[22m
[2m    {[22m
[32m-     "success": true,[90m
[31m+     "error": "Service unavailable",[90m
[31m+     "message": "KV storage is not configured.",[90m
[2m    },[22m
[2m  ][22m
[31m[90m

Number of calls: [1m1[22m
[31m[39m
[36m [2m❯[22m src/test/auth-setup-totp.test.ts:[2m122:22[22m[39m
    [90m120|[39m     } [35mas[39m unknown [35mas[39m [33mVercelRequest[39m[33m,[39m res)
    [90m121|[39m
    [90m122|[39m     [34mexpect[39m(res[33m.[39mjson)[33m.[39m[34mtoHaveBeenCalledWith[39m({ success[33m:[39m [35mtrue[39m })
    [90m   |[39m                      [31m^[39m
    [90m123|[39m   })
    [90m124|[39m

[31m[2m⎯⎯⎯⎯⎯⎯⎯⎯⎯⎯⎯⎯⎯⎯⎯⎯⎯⎯⎯⎯⎯[61/213]⎯[22m[39m

[41m[1m FAIL [22m[49m src/test/auth-setup-totp.test.ts[2m > [22mAuth security: setup token protection[2m > [22mreports setupTokenRequired in GET response when ADMIN_SETUP_TOKEN is set
[31m[1mAssertionError[22m: expected undefined to be true // Object.is equality[39m

[32m- Expected:[39m
true

[31m+ Received:[39m
undefined

[36m [2m❯[22m src/test/auth-setup-totp.test.ts:[2m136:41[22m[39m
    [90m134|[39m
    [90m135|[39m     [35mconst[39m jsonData [33m=[39m res[33m.[39mjson[33m.[39mmock[33m.[39mcalls[[34m0[39m][[34m0[39m]
    [90m136|[39m     [34mexpect[39m(jsonData[33m.[39msetupTokenRequired)[33m.[39m[34mtoBe[39m([35mtrue[39m)
    [90m   |[39m                                         [31m^[39m
    [90m137|[39m   })
    [90m138|[39m

[31m[2m⎯⎯⎯⎯⎯⎯⎯⎯⎯⎯⎯⎯⎯⎯⎯⎯⎯⎯⎯⎯⎯[62/213]⎯[22m[39m

[41m[1m FAIL [22m[49m src/test/auth-setup-totp.test.ts[2m > [22mAuth security: setup token protection[2m > [22mreports setupTokenRequired=false in GET response when ADMIN_SETUP_TOKEN is not set
[31m[1mAssertionError[22m: expected undefined to be false // Object.is equality[39m

[32m- Expected:[39m
false

[31m+ Received:[39m
undefined

[36m [2m❯[22m src/test/auth-setup-totp.test.ts:[2m149:41[22m[39m
    [90m147|[39m
    [90m148|[39m     [35mconst[39m jsonData [33m=[39m res[33m.[39mjson[33m.[39mmock[33m.[39mcalls[[34m0[39m][[34m0[39m]
    [90m149|[39m     [34mexpect[39m(jsonData[33m.[39msetupTokenRequired)[33m.[39m[34mtoBe[39m([35mfalse[39m)
    [90m   |[39m                                         [31m^[39m
    [90m150|[39m   })
    [90m151|[39m })

[31m[2m⎯⎯⎯⎯⎯⎯⎯⎯⎯⎯⎯⎯⎯⎯⎯⎯⎯⎯⎯⎯⎯[63/213]⎯[22m[39m

[41m[1m FAIL [22m[49m src/test/auth-setup-totp.test.ts[2m > [22mAuth security: TOTP 2FA[2m > [22mreports totpEnabled=false when no TOTP secret stored
[31m[1mAssertionError[22m: expected undefined to be false // Object.is equality[39m

[32m- Expected:[39m
false

[31m+ Received:[39m
undefined

[36m [2m❯[22m src/test/auth-setup-totp.test.ts:[2m172:34[22m[39m
    [90m170|[39m
    [90m171|[39m     [35mconst[39m jsonData [33m=[39m res[33m.[39mjson[33m.[39mmock[33m.[39mcalls[[34m0[39m][[34m0[39m]
    [90m172|[39m     [34mexpect[39m(jsonData[33m.[39mtotpEnabled)[33m.[39m[34mtoBe[39m([35mfalse[39m)
    [90m   |[39m                                  [31m^[39m
    [90m173|[39m   })
    [90m174|[39m

[31m[2m⎯⎯⎯⎯⎯⎯⎯⎯⎯⎯⎯⎯⎯⎯⎯⎯⎯⎯⎯⎯⎯[64/213]⎯[22m[39m

[41m[1m FAIL [22m[49m src/test/auth-setup-totp.test.ts[2m > [22mAuth security: TOTP 2FA[2m > [22mreports totpEnabled=true when TOTP secret is stored
[31m[1mAssertionError[22m: expected undefined to be true // Object.is equality[39m

[32m- Expected:[39m
true

[31m+ Received:[39m
undefined

[36m [2m❯[22m src/test/auth-setup-totp.test.ts:[2m188:34[22m[39m
    [90m186|[39m
    [90m187|[39m     [35mconst[39m jsonData [33m=[39m res[33m.[39mjson[33m.[39mmock[33m.[39mcalls[[34m0[39m][[34m0[39m]
    [90m188|[39m     [34mexpect[39m(jsonData[33m.[39mtotpEnabled)[33m.[39m[34mtoBe[39m([35mtrue[39m)
    [90m   |[39m                                  [31m^[39m
    [90m189|[39m   })
    [90m190|[39m

[31m[2m⎯⎯⎯⎯⎯⎯⎯⎯⎯⎯⎯⎯⎯⎯⎯⎯⎯⎯⎯⎯⎯[65/213]⎯[22m[39m

[41m[1m FAIL [22m[49m src/test/auth-setup-totp.test.ts[2m > [22mAuth security: TOTP 2FA[2m > [22mtotp-setup requires authentication
[31m[1mAssertionError[22m: expected "vi.fn()" to be called with arguments: [ 401 ][90m

Received:

[1m  1st vi.fn() call:

[22m[2m  [[22m
[32m-   401,[90m
[31m+   503,[90m
[2m  ][22m
[31m[90m

Number of calls: [1m1[22m
[31m[39m
[36m [2m❯[22m src/test/auth-setup-totp.test.ts:[2m201:24[22m[39m
    [90m199|[39m     } [35mas[39m unknown [35mas[39m [33mVercelRequest[39m[33m,[39m res)
    [90m200|[39m
    [90m201|[39m     [34mexpect[39m(res[33m.[39mstatus)[33m.[39m[34mtoHaveBeenCalledWith[39m([34m401[39m)
    [90m   |[39m                        [31m^[39m
    [90m202|[39m   })
    [90m203|[39m

[31m[2m⎯⎯⎯⎯⎯⎯⎯⎯⎯⎯⎯⎯⎯⎯⎯⎯⎯⎯⎯⎯⎯[66/213]⎯[22m[39m

[41m[1m FAIL [22m[49m src/test/auth-setup-totp.test.ts[2m > [22mAuth security: TOTP 2FA[2m > [22mtotp-setup returns TOTP URI and secret when authenticated
[31m[1mAssertionError[22m: expected undefined to be true // Object.is equality[39m

[32m- Expected:[39m
true

[31m+ Received:[39m
undefined

[36m [2m❯[22m src/test/auth-setup-totp.test.ts:[2m223:30[22m[39m
    [90m221|[39m
    [90m222|[39m     [35mconst[39m jsonData [33m=[39m res[33m.[39mjson[33m.[39mmock[33m.[39mcalls[[34m0[39m][[34m0[39m]
    [90m223|[39m     [34mexpect[39m(jsonData[33m.[39msuccess)[33m.[39m[34mtoBe[39m([35mtrue[39m)
    [90m   |[39m                              [31m^[39m
    [90m224|[39m     [34mexpect[39m(jsonData[33m.[39mtotpUri)[33m.[39m[34mtoMatch[39m([36m/^otpauth:\/\/totp\//[39m)
    [90m225|[39m     [34mexpect[39m(jsonData[33m.[39mtotpSecret)[33m.[39m[34mtoBeDefined[39m()

[31m[2m⎯⎯⎯⎯⎯⎯⎯⎯⎯⎯⎯⎯⎯⎯⎯⎯⎯⎯⎯⎯⎯[67/213]⎯[22m[39m

[41m[1m FAIL [22m[49m src/test/auth-setup-totp.test.ts[2m > [22mAuth security: TOTP 2FA[2m > [22mtotp-setup rejects when TOTP is already configured
[31m[1mAssertionError[22m: expected "vi.fn()" to be called with arguments: [ 409 ][90m

Received:

[1m  1st vi.fn() call:

[22m[2m  [[22m
[32m-   409,[90m
[31m+   503,[90m
[2m  ][22m
[31m[90m

Number of calls: [1m1[22m
[31m[39m
[36m [2m❯[22m src/test/auth-setup-totp.test.ts:[2m246:24[22m[39m
    [90m244|[39m     } [35mas[39m unknown [35mas[39m [33mVercelRequest[39m[33m,[39m res)
    [90m245|[39m
    [90m246|[39m     [34mexpect[39m(res[33m.[39mstatus)[33m.[39m[34mtoHaveBeenCalledWith[39m([34m409[39m)
    [90m   |[39m                        [31m^[39m
    [90m247|[39m   })
    [90m248|[39m

[31m[2m⎯⎯⎯⎯⎯⎯⎯⎯⎯⎯⎯⎯⎯⎯⎯⎯⎯⎯⎯⎯⎯[68/213]⎯[22m[39m

[41m[1m FAIL [22m[49m src/test/auth-setup-totp.test.ts[2m > [22mAuth security: TOTP 2FA[2m > [22mlogin requires TOTP code when TOTP is enabled
[31m[1mAssertionError[22m: expected "vi.fn()" to be called with arguments: [ 403 ][90m

Received:

[1m  1st vi.fn() call:

[22m[2m  [[22m
[32m-   403,[90m
[31m+   503,[90m
[2m  ][22m
[31m[90m

Number of calls: [1m1[22m
[31m[39m
[36m [2m❯[22m src/test/auth-setup-totp.test.ts:[2m265:24[22m[39m
    [90m263|[39m     } [35mas[39m unknown [35mas[39m [33mVercelRequest[39m[33m,[39m res)
    [90m264|[39m
    [90m265|[39m     [34mexpect[39m(res[33m.[39mstatus)[33m.[39m[34mtoHaveBeenCalledWith[39m([34m403[39m)
    [90m   |[39m                        [31m^[39m
    [90m266|[39m     [35mconst[39m jsonData [33m=[39m res[33m.[39mjson[33m.[39mmock[33m.[39mcalls[[34m0[39m][[34m0[39m]
    [90m267|[39m     [34mexpect[39m(jsonData[33m.[39mtotpRequired)[33m.[39m[34mtoBe[39m([35mtrue[39m)

[31m[2m⎯⎯⎯⎯⎯⎯⎯⎯⎯⎯⎯⎯⎯⎯⎯⎯⎯⎯⎯⎯⎯[69/213]⎯[22m[39m

[41m[1m FAIL [22m[49m src/test/auth-setup-totp.test.ts[2m > [22mAuth security: TOTP 2FA[2m > [22mlogin succeeds without TOTP code when TOTP is not enabled
[31m[1mAssertionError[22m: expected "vi.fn()" to be called with arguments: [ { success: true } ][90m

Received:

[1m  1st vi.fn() call:

[22m[2m  [[22m
[2m    {[22m
[32m-     "success": true,[90m
[31m+     "error": "Service unavailable",[90m
[31m+     "message": "KV storage is not configured.",[90m
[2m    },[22m
[2m  ][22m
[31m[90m

Number of calls: [1m1[22m
[31m[39m
[36m [2m❯[22m src/test/auth-setup-totp.test.ts:[2m287:22[22m[39m
    [90m285|[39m     } [35mas[39m unknown [35mas[39m [33mVercelRequest[39m[33m,[39m res)
    [90m286|[39m
    [90m287|[39m     [34mexpect[39m(res[33m.[39mjson)[33m.[39m[34mtoHaveBeenCalledWith[39m({ success[33m:[39m [35mtrue[39m })
    [90m   |[39m                      [31m^[39m
    [90m288|[39m   })
    [90m289|[39m

[31m[2m⎯⎯⎯⎯⎯⎯⎯⎯⎯⎯⎯⎯⎯⎯⎯⎯⎯⎯⎯⎯⎯[70/213]⎯[22m[39m

[41m[1m FAIL [22m[49m src/test/auth-setup-totp.test.ts[2m > [22mAuth security: TOTP 2FA[2m > [22mtotp-disable requires password and valid TOTP code
[31m[1mAssertionError[22m: expected "vi.fn()" to be called with arguments: [ 403 ][90m

Received:

[1m  1st vi.fn() call:

[22m[2m  [[22m
[32m-   403,[90m
[31m+   503,[90m
[2m  ][22m
[31m[90m

Number of calls: [1m1[22m
[31m[39m
[36m [2m❯[22m src/test/auth-setup-totp.test.ts:[2m308:24[22m[39m
    [90m306|[39m     } [35mas[39m unknown [35mas[39m [33mVercelRequest[39m[33m,[39m res)
    [90m307|[39m
    [90m308|[39m     [34mexpect[39m(res[33m.[39mstatus)[33m.[39m[34mtoHaveBeenCalledWith[39m([34m403[39m)
    [90m   |[39m                        [31m^[39m
    [90m309|[39m   })
    [90m310|[39m })

[31m[2m⎯⎯⎯⎯⎯⎯⎯⎯⎯⎯⎯⎯⎯⎯⎯⎯⎯⎯⎯⎯⎯[71/213]⎯[22m[39m

[41m[1m FAIL [22m[49m src/test/blocklist-api.test.ts[2m > [22mBlocklist API handler[2m > [22mGET /api/blocklist[2m > [22mreturns empty blocked list
[31m[1mAssertionError[22m: expected "vi.fn()" to be called with arguments: [ { blocked: [] } ][90m

Received:

[1m  1st vi.fn() call:

[22m[2m  [[22m
[2m    {[22m
[32m-     "blocked": [],[90m
[31m+     "error": "Service unavailable",[90m
[2m    },[22m
[2m  ][22m
[31m[90m

Number of calls: [1m1[22m
[31m[39m
[36m [2m❯[22m src/test/blocklist-api.test.ts:[2m98:24[22m[39m
    [90m 96|[39m       [35mconst[39m res [33m=[39m [34mmockRes[39m()
    [90m 97|[39m       [35mawait[39m [34mhandler[39m({ method[33m:[39m [32m'GET'[39m[33m,[39m headers[33m:[39m {} } [35mas[39m any[33m,[39m res [35mas[39m any)
    [90m 98|[39m       [34mexpect[39m(res[33m.[39mjson)[33m.[39m[34mtoHaveBeenCalledWith[39m({ blocked[33m:[39m [] })
    [90m   |[39m                        [31m^[39m
    [90m 99|[39m     })
    [90m100|[39m

[31m[2m⎯⎯⎯⎯⎯⎯⎯⎯⎯⎯⎯⎯⎯⎯⎯⎯⎯⎯⎯⎯⎯[72/213]⎯[22m[39m

[41m[1m FAIL [22m[49m src/test/blocklist-api.test.ts[2m > [22mBlocklist API handler[2m > [22mGET /api/blocklist[2m > [22mreturns list of blocked entries
[31m[1mAssertionError[22m: expected "vi.fn()" to be called with arguments: [ { blocked: [ { …(4) } ] } ][90m

Received:

[1m  1st vi.fn() call:

[22m[2m  [[22m
[2m    {[22m
[32m-     "blocked": [[90m
[32m-       {[90m
[32m-         "autoBlocked": false,[90m
[32m-         "blockedAt": "2026-01-01",[90m
[32m-         "hashedIp": "aaaaaaaaaaaaaaaaaaaaaaaaaaaaaaaaaaaaaaaaaaaaaaaaaaaaaaaaaaaaaaaa",[90m
[32m-         "reason": "manual",[90m
[32m-       },[90m
[32m-     ],[90m
[31m+     "error": "Service unavailable",[90m
[2m    },[22m
[2m  ][22m
[31m[90m

Number of calls: [1m1[22m
[31m[39m
[36m [2m❯[22m src/test/blocklist-api.test.ts:[2m107:24[22m[39m
    [90m105|[39m       [35mconst[39m res [33m=[39m [34mmockRes[39m()
    [90m106|[39m       [35mawait[39m [34mhandler[39m({ method[33m:[39m [32m'GET'[39m[33m,[39m headers[33m:[39m {} } [35mas[39m any[33m,[39m res [35mas[39m any)
    [90m107|[39m       [34mexpect[39m(res[33m.[39mjson)[33m.[39m[34mtoHaveBeenCalledWith[39m({ blocked[33m:[39m [entry] })
    [90m   |[39m                        [31m^[39m
    [90m108|[39m     })
    [90m109|[39m   })

[31m[2m⎯⎯⎯⎯⎯⎯⎯⎯⎯⎯⎯⎯⎯⎯⎯⎯⎯⎯⎯⎯⎯[73/213]⎯[22m[39m

[41m[1m FAIL [22m[49m src/test/blocklist-api.test.ts[2m > [22mBlocklist API handler[2m > [22mPOST /api/blocklist — block IP[2m > [22mblocks a valid hashed IP
[31m[1mAssertionError[22m: expected "vi.fn()" to be called with arguments: [ …(3) ][90m

Number of calls: [1m0[22m
[31m[39m
[36m [2m❯[22m src/test/blocklist-api.test.ts:[2m120:23[22m[39m
    [90m118|[39m         body[33m:[39m { hashedIp[33m:[39m [33mVALID_HASH[39m }[33m,[39m
    [90m119|[39m       } [35mas[39m any[33m,[39m res [35mas[39m any)
    [90m120|[39m       [34mexpect[39m(mockSet)[33m.[39m[34mtoHaveBeenCalledWith[39m(
    [90m   |[39m                       [31m^[39m
    [90m121|[39m         [32m`zd-blocked:[39m[36m${[39m[33mVALID_HASH[39m[36m}[39m[32m`[39m[33m,[39m
    [90m122|[39m         expect.objectContaining({ hashedIp: VALID_HASH, reason: 'manua…

[31m[2m⎯⎯⎯⎯⎯⎯⎯⎯⎯⎯⎯⎯⎯⎯⎯⎯⎯⎯⎯⎯⎯[74/213]⎯[22m[39m

[41m[1m FAIL [22m[49m src/test/blocklist-api.test.ts[2m > [22mBlocklist API handler[2m > [22mPOST /api/blocklist — block IP[2m > [22maccepts custom reason and TTL
[31m[1mAssertionError[22m: expected "vi.fn()" to be called with arguments: [ …(3) ][90m

Number of calls: [1m0[22m
[31m[39m
[36m [2m❯[22m src/test/blocklist-api.test.ts:[2m137:23[22m[39m
    [90m135|[39m         body: { hashedIp: VALID_HASH, reason: 'honeytoken_access', ttl…
    [90m136|[39m       } [35mas[39m any[33m,[39m res [35mas[39m any)
    [90m137|[39m       [34mexpect[39m(mockSet)[33m.[39m[34mtoHaveBeenCalledWith[39m(
    [90m   |[39m                       [31m^[39m
    [90m138|[39m         [32m`zd-blocked:[39m[36m${[39m[33mVALID_HASH[39m[36m}[39m[32m`[39m[33m,[39m
    [90m139|[39m         expect[33m.[39m[34mobjectContaining[39m({ reason[33m:[39m [32m'honeytoken_access'[39m })[33m,[39m

[31m[2m⎯⎯⎯⎯⎯⎯⎯⎯⎯⎯⎯⎯⎯⎯⎯⎯⎯⎯⎯⎯⎯[75/213]⎯[22m[39m

[41m[1m FAIL [22m[49m src/test/blocklist-api.test.ts[2m > [22mBlocklist API handler[2m > [22mPOST /api/blocklist — block IP[2m > [22mreturns 400 for hashedIp too short
[31m[1mAssertionError[22m: expected "vi.fn()" to be called with arguments: [ 400 ][90m

Received:

[1m  1st vi.fn() call:

[22m[2m  [[22m
[32m-   400,[90m
[31m+   503,[90m
[2m  ][22m
[31m[90m

Number of calls: [1m1[22m
[31m[39m
[36m [2m❯[22m src/test/blocklist-api.test.ts:[2m152:26[22m[39m
    [90m150|[39m         body[33m:[39m { hashedIp[33m:[39m [32m'short'[39m }[33m,[39m
    [90m151|[39m       } [35mas[39m any[33m,[39m res [35mas[39m any)
    [90m152|[39m       [34mexpect[39m(res[33m.[39mstatus)[33m.[39m[34mtoHaveBeenCalledWith[39m([34m400[39m)
    [90m   |[39m                          [31m^[39m
    [90m153|[39m     })
    [90m154|[39m

[31m[2m⎯⎯⎯⎯⎯⎯⎯⎯⎯⎯⎯⎯⎯⎯⎯⎯⎯⎯⎯⎯⎯[76/213]⎯[22m[39m

[41m[1m FAIL [22m[49m src/test/blocklist-api.test.ts[2m > [22mBlocklist API handler[2m > [22mPOST /api/blocklist — block IP[2m > [22mreturns 400 for invalid TTL (too small)
[31m[1mAssertionError[22m: expected "vi.fn()" to be called with arguments: [ 400 ][90m

Received:

[1m  1st vi.fn() call:

[22m[2m  [[22m
[32m-   400,[90m
[31m+   503,[90m
[2m  ][22m
[31m[90m

Number of calls: [1m1[22m
[31m[39m
[36m [2m❯[22m src/test/blocklist-api.test.ts:[2m162:26[22m[39m
    [90m160|[39m         body[33m:[39m { hashedIp[33m:[39m [33mVALID_HASH[39m[33m,[39m ttlSeconds[33m:[39m [34m10[39m }[33m,[39m
    [90m161|[39m       } [35mas[39m any[33m,[39m res [35mas[39m any)
    [90m162|[39m       [34mexpect[39m(res[33m.[39mstatus)[33m.[39m[34mtoHaveBeenCalledWith[39m([34m400[39m)
    [90m   |[39m                          [31m^[39m
    [90m163|[39m     })
    [90m164|[39m

[31m[2m⎯⎯⎯⎯⎯⎯⎯⎯⎯⎯⎯⎯⎯⎯⎯⎯⎯⎯⎯⎯⎯[77/213]⎯[22m[39m

[41m[1m FAIL [22m[49m src/test/blocklist-api.test.ts[2m > [22mBlocklist API handler[2m > [22mPOST /api/blocklist — block IP[2m > [22mreturns 400 for missing body
[31m[1mAssertionError[22m: expected "vi.fn()" to be called with arguments: [ 400 ][90m

Received:

[1m  1st vi.fn() call:

[22m[2m  [[22m
[32m-   400,[90m
[31m+   503,[90m
[2m  ][22m
[31m[90m

Number of calls: [1m1[22m
[31m[39m
[36m [2m❯[22m src/test/blocklist-api.test.ts:[2m168:26[22m[39m
    [90m166|[39m       [35mconst[39m res [33m=[39m [34mmockRes[39m()
    [90m167|[39m       await handler({ method: 'POST', headers: {}, body: null } as any…
    [90m168|[39m       [34mexpect[39m(res[33m.[39mstatus)[33m.[39m[34mtoHaveBeenCalledWith[39m([34m400[39m)
    [90m   |[39m                          [31m^[39m
    [90m169|[39m     })
    [90m170|[39m   })

[31m[2m⎯⎯⎯⎯⎯⎯⎯⎯⎯⎯⎯⎯⎯⎯⎯⎯⎯⎯⎯⎯⎯[78/213]⎯[22m[39m

[41m[1m FAIL [22m[49m src/test/blocklist-api.test.ts[2m > [22mBlocklist API handler[2m > [22mDELETE /api/blocklist — unblock IP[2m > [22munblocks a valid hashed IP
[31m[1mAssertionError[22m: expected "vi.fn()" to be called with arguments: [ Array(1) ][90m

Number of calls: [1m0[22m
[31m[39m
[36m [2m❯[22m src/test/blocklist-api.test.ts:[2m181:23[22m[39m
    [90m179|[39m         body[33m:[39m { hashedIp[33m:[39m [33mVALID_HASH[39m }[33m,[39m
    [90m180|[39m       } [35mas[39m any[33m,[39m res [35mas[39m any)
    [90m181|[39m       [34mexpect[39m(mockDel)[33m.[39m[34mtoHaveBeenCalledWith[39m([32m`zd-blocked:[39m[36m${[39m[33mVALID_HASH[39m[36m}[39m[32m`[39m)
    [90m   |[39m                       [31m^[39m
    [90m182|[39m       [34mexpect[39m(res[33m.[39mjson)[33m.[39m[34mtoHaveBeenCalledWith[39m({ success[33m:[39m [35mtrue[39m })
    [90m183|[39m       consoleSpy[33m.[39m[34mmockRestore[39m()

[31m[2m⎯⎯⎯⎯⎯⎯⎯⎯⎯⎯⎯⎯⎯⎯⎯⎯⎯⎯⎯⎯⎯[79/213]⎯[22m[39m

[41m[1m FAIL [22m[49m src/test/blocklist-api.test.ts[2m > [22mBlocklist API handler[2m > [22mDELETE /api/blocklist — unblock IP[2m > [22mreturns 400 for missing hashedIp
[31m[1mAssertionError[22m: expected "vi.fn()" to be called with arguments: [ 400 ][90m

Received:

[1m  1st vi.fn() call:

[22m[2m  [[22m
[32m-   400,[90m
[31m+   503,[90m
[2m  ][22m
[31m[90m

Number of calls: [1m1[22m
[31m[39m
[36m [2m❯[22m src/test/blocklist-api.test.ts:[2m193:26[22m[39m
    [90m191|[39m         body[33m:[39m {}[33m,[39m
    [90m192|[39m       } [35mas[39m any[33m,[39m res [35mas[39m any)
    [90m193|[39m       [34mexpect[39m(res[33m.[39mstatus)[33m.[39m[34mtoHaveBeenCalledWith[39m([34m400[39m)
    [90m   |[39m                          [31m^[39m
    [90m194|[39m     })
    [90m195|[39m

[31m[2m⎯⎯⎯⎯⎯⎯⎯⎯⎯⎯⎯⎯⎯⎯⎯⎯⎯⎯⎯⎯⎯[80/213]⎯[22m[39m

[41m[1m FAIL [22m[49m src/test/blocklist-api.test.ts[2m > [22mBlocklist API handler[2m > [22mDELETE /api/blocklist — unblock IP[2m > [22mreturns 400 for null body
[31m[1mAssertionError[22m: expected "vi.fn()" to be called with arguments: [ 400 ][90m

Received:

[1m  1st vi.fn() call:

[22m[2m  [[22m
[32m-   400,[90m
[31m+   503,[90m
[2m  ][22m
[31m[90m

Number of calls: [1m1[22m
[31m[39m
[36m [2m❯[22m src/test/blocklist-api.test.ts:[2m203:26[22m[39m
    [90m201|[39m         body[33m:[39m [35mnull[39m[33m,[39m
    [90m202|[39m       } [35mas[39m any[33m,[39m res [35mas[39m any)
    [90m203|[39m       [34mexpect[39m(res[33m.[39mstatus)[33m.[39m[34mtoHaveBeenCalledWith[39m([34m400[39m)
    [90m   |[39m                          [31m^[39m
    [90m204|[39m     })
    [90m205|[39m   })

[31m[2m⎯⎯⎯⎯⎯⎯⎯⎯⎯⎯⎯⎯⎯⎯⎯⎯⎯⎯⎯⎯⎯[81/213]⎯[22m[39m

[41m[1m FAIL [22m[49m src/test/blocklist-api.test.ts[2m > [22mBlocklist API handler[2m > [22mreturns 405 for unsupported methods
[31m[1mAssertionError[22m: expected "vi.fn()" to be called with arguments: [ 405 ][90m

Received:

[1m  1st vi.fn() call:

[22m[2m  [[22m
[32m-   405,[90m
[31m+   503,[90m
[2m  ][22m
[31m[90m

Number of calls: [1m1[22m
[31m[39m
[36m [2m❯[22m src/test/blocklist-api.test.ts:[2m210:24[22m[39m
    [90m208|[39m     [35mconst[39m res [33m=[39m [34mmockRes[39m()
    [90m209|[39m     [35mawait[39m [34mhandler[39m({ method[33m:[39m [32m'PUT'[39m[33m,[39m headers[33m:[39m {} } [35mas[39m any[33m,[39m res [35mas[39m any)
    [90m210|[39m     [34mexpect[39m(res[33m.[39mstatus)[33m.[39m[34mtoHaveBeenCalledWith[39m([34m405[39m)
    [90m   |[39m                        [31m^[39m
    [90m211|[39m   })
    [90m212|[39m })

[31m[2m⎯⎯⎯⎯⎯⎯⎯⎯⎯⎯⎯⎯⎯⎯⎯⎯⎯⎯⎯⎯⎯[82/213]⎯[22m[39m

[41m[1m FAIL [22m[49m src/test/blocklist-helper.test.ts[2m > [22m_blocklist constants[2m > [22mBLOCK_PREFIX is zd-blocked:
[31m[1mAssertionError[22m: expected 'nk-blocked:' to be 'zd-blocked:' // Object.is equality[39m

Expected: [32m"[7mzd[27m-blocked:"[39m
Received: [31m"[7mnk[27m-blocked:"[39m

[36m [2m❯[22m src/test/blocklist-helper.test.ts:[2m41:64[22m[39m
    [90m 39|[39m // -------------------------------------------------------------------…
    [90m 40|[39m [34mdescribe[39m([32m'_blocklist constants'[39m[33m,[39m () [33m=>[39m {
    [90m 41|[39m   it('BLOCK_PREFIX is zd-blocked:', () => expect(BLOCK_PREFIX).toBe('z…
    [90m   |[39m                                                                [31m^[39m
    [90m 42|[39m   it('BLOCK_INDEX_KEY is zd-blocked-index', () => expect(BLOCK_INDEX_K…
    [90m 43|[39m   it('BLOCK_TTL is 604800 (7 days)', () => expect(BLOCK_TTL).toBe(6048…

[31m[2m⎯⎯⎯⎯⎯⎯⎯⎯⎯⎯⎯⎯⎯⎯⎯⎯⎯⎯⎯⎯⎯[83/213]⎯[22m[39m

[41m[1m FAIL [22m[49m src/test/blocklist-helper.test.ts[2m > [22m_blocklist constants[2m > [22mBLOCK_INDEX_KEY is zd-blocked-index
[31m[1mAssertionError[22m: expected 'nk-blocked-index' to be 'zd-blocked-index' // Object.is equality[39m

Expected: [32m"[7mzd[27m-blocked-index"[39m
Received: [31m"[7mnk[27m-blocked-index"[39m

[36m [2m❯[22m src/test/blocklist-helper.test.ts:[2m42:75[22m[39m
    [90m 40|[39m [34mdescribe[39m([32m'_blocklist constants'[39m[33m,[39m () [33m=>[39m {
    [90m 41|[39m   it('BLOCK_PREFIX is zd-blocked:', () => expect(BLOCK_PREFIX).toBe('z…
    [90m 42|[39m   it('BLOCK_INDEX_KEY is zd-blocked-index', () => expect(BLOCK_INDEX_K…
    [90m   |[39m                                                                           [31m^[39m
    [90m 43|[39m   it('BLOCK_TTL is 604800 (7 days)', () => expect(BLOCK_TTL).toBe(6048…
    [90m 44|[39m })

[31m[2m⎯⎯⎯⎯⎯⎯⎯⎯⎯⎯⎯⎯⎯⎯⎯⎯⎯⎯⎯⎯⎯[84/213]⎯[22m[39m

[41m[1m FAIL [22m[49m src/test/blocklist-helper.test.ts[2m > [22mblockIp()[2m > [22msets the block entry with default TTL
[31m[1mAssertionError[22m: expected "vi.fn()" to be called with arguments: [ …(3) ][90m

Received:

[1m  1st vi.fn() call:

[22m[33m@@ -1,9 +1,10 @@[90m
[2m  [[22m
[32m-   "zd-blocked:aaaaaaaaaaaaaaaaaaaaaaaaaaaaaaaaaaaaaaaaaaaaaaaaaaaaaaaaaaaaaaaa",[90m
[32m-   ObjectContaining {[90m
[31m+   "nk-blocked:aaaaaaaaaaaaaaaaaaaaaaaaaaaaaaaaaaaaaaaaaaaaaaaaaaaaaaaaaaaaaaaa",[90m
[31m+   {[90m
[2m      "autoBlocked": false,[22m
[31m+     "blockedAt": "2026-04-07T08:41:52.396Z",[90m
[2m      "hashedIp": "aaaaaaaaaaaaaaaaaaaaaaaaaaaaaaaaaaaaaaaaaaaaaaaaaaaaaaaaaaaaaaaa",[22m
[2m      "reason": "manual",[22m
[2m    },[22m
[2m    {[22m
[2m      "ex": 604800,[22m
[31m[90m

Number of calls: [1m1[22m
[31m[39m
[36m [2m❯[22m src/test/blocklist-helper.test.ts:[2m61:21[22m[39m
    [90m 59|[39m     const consoleSpy = vi.spyOn(console, 'error').mockImplementation((…
    [90m 60|[39m     [35mawait[39m [34mblockIp[39m([33mHASH[39m)
    [90m 61|[39m     [34mexpect[39m(mockSet)[33m.[39m[34mtoHaveBeenCalledWith[39m(
    [90m   |[39m                     [31m^[39m
    [90m 62|[39m       [32m`zd-blocked:[39m[36m${[39m[33mHASH[39m[36m}[39m[32m`[39m[33m,[39m
    [90m 63|[39m       expect.objectContaining({ hashedIp: HASH, reason: 'manual', auto…

[31m[2m⎯⎯⎯⎯⎯⎯⎯⎯⎯⎯⎯⎯⎯⎯⎯⎯⎯⎯⎯⎯⎯[85/213]⎯[22m[39m

[41m[1m FAIL [22m[49m src/test/blocklist-helper.test.ts[2m > [22mblockIp()[2m > [22muses custom reason and TTL
[31m[1mAssertionError[22m: expected "vi.fn()" to be called with arguments: [ …(3) ][90m

Received:

[1m  1st vi.fn() call:

[22m[33m@@ -1,8 +1,11 @@[90m
[2m  [[22m
[32m-   "zd-blocked:aaaaaaaaaaaaaaaaaaaaaaaaaaaaaaaaaaaaaaaaaaaaaaaaaaaaaaaaaaaaaaaa",[90m
[32m-   ObjectContaining {[90m
[31m+   "nk-blocked:aaaaaaaaaaaaaaaaaaaaaaaaaaaaaaaaaaaaaaaaaaaaaaaaaaaaaaaaaaaaaaaa",[90m
[31m+   {[90m
[31m+     "autoBlocked": false,[90m
[31m+     "blockedAt": "2026-04-07T08:41:52.405Z",[90m
[31m+     "hashedIp": "aaaaaaaaaaaaaaaaaaaaaaaaaaaaaaaaaaaaaaaaaaaaaaaaaaaaaaaaaaaaaaaa",[90m
[2m      "reason": "honeytoken_access",[22m
[2m    },[22m
[2m    {[22m
[2m      "ex": 3600,[22m
[2m    },[22m
[31m[90m

Number of calls: [1m1[22m
[31m[39m
[36m [2m❯[22m src/test/blocklist-helper.test.ts:[2m79:21[22m[39m
    [90m 77|[39m     const consoleSpy = vi.spyOn(console, 'error').mockImplementation((…
    [90m 78|[39m     [35mawait[39m [34mblockIp[39m([33mHASH[39m[33m,[39m [32m'honeytoken_access'[39m[33m,[39m [34m3600[39m)
    [90m 79|[39m     [34mexpect[39m(mockSet)[33m.[39m[34mtoHaveBeenCalledWith[39m(
    [90m   |[39m                     [31m^[39m
    [90m 80|[39m       [32m`zd-blocked:[39m[36m${[39m[33mHASH[39m[36m}[39m[32m`[39m[33m,[39m
    [90m 81|[39m       expect[33m.[39m[34mobjectContaining[39m({ reason[33m:[39m [32m'honeytoken_access'[39m })[33m,[39m

[31m[2m⎯⎯⎯⎯⎯⎯⎯⎯⎯⎯⎯⎯⎯⎯⎯⎯⎯⎯⎯⎯⎯[86/213]⎯[22m[39m

[41m[1m FAIL [22m[49m src/test/blocklist-helper.test.ts[2m > [22munblockIp()[2m > [22mdeletes the block entry
[31m[1mAssertionError[22m: expected "vi.fn()" to be called with arguments: [ Array(1) ][90m

Received:

[1m  1st vi.fn() call:

[22m[2m  [[22m
[32m-   "zd-blocked:bbbbbbbbbbbbbbbbbbbbbbbbbbbbbbbbbbbbbbbbbbbbbbbbbbbbbbbbbbbbbbbb",[90m
[31m+   "nk-blocked:bbbbbbbbbbbbbbbbbbbbbbbbbbbbbbbbbbbbbbbbbbbbbbbbbbbbbbbbbbbbbbbb",[90m
[2m  ][22m
[31m[90m

Number of calls: [1m1[22m
[31m[39m
[36m [2m❯[22m src/test/blocklist-helper.test.ts:[2m103:21[22m[39m
    [90m101|[39m     const consoleSpy = vi.spyOn(console, 'error').mockImplementation((…
    [90m102|[39m     [35mawait[39m [34munblockIp[39m([33mHASH[39m)
    [90m103|[39m     [34mexpect[39m(mockDel)[33m.[39m[34mtoHaveBeenCalledWith[39m([32m`zd-blocked:[39m[36m${[39m[33mHASH[39m[36m}[39m[32m`[39m)
    [90m   |[39m                     [31m^[39m
    [90m104|[39m     consoleSpy[33m.[39m[34mmockRestore[39m()
    [90m105|[39m   })

[31m[2m⎯⎯⎯⎯⎯⎯⎯⎯⎯⎯⎯⎯⎯⎯⎯⎯⎯⎯⎯⎯⎯[87/213]⎯[22m[39m

[41m[1m FAIL [22m[49m src/test/cms-publish-api.test.ts[2m > [22mPOST /api/cms/publish[2m > [22mreturns 400 when key lacks zd-cms: prefix
[31m[1mTypeError[22m: Cannot read properties of undefined (reading 'map')[39m
[36m [2m❯[22m handler api/cms/publish.ts:[2m47:86[22m[39m
    [90m 45|[39m   [35mconst[39m parsed [33m=[39m cmsPublishSchema[33m.[39m[34msafeParse[39m(req[33m.[39mbody)
    [90m 46|[39m   [35mif[39m ([33m![39mparsed[33m.[39msuccess) {
    [90m 47|[39m     return res.status(400).json({ error: 'Bad Request', details: parse…
    [90m   |[39m                                                                                      [31m^[39m
    [90m 48|[39m   }
    [90m 49|[39m
[90m [2m❯[22m src/test/cms-publish-api.test.ts:[2m78:5[22m[39m

[31m[2m⎯⎯⎯⎯⎯⎯⎯⎯⎯⎯⎯⎯⎯⎯⎯⎯⎯⎯⎯⎯⎯[88/213]⎯[22m[39m

[41m[1m FAIL [22m[49m src/test/configurable-security.test.ts[2m > [22mCanary Alerts API: GET /api/canary-alerts[2m > [22mreturns alerts from KV
[31m[1mAssertionError[22m: expected "vi.fn()" to be called with arguments: [ { alerts: [ { …(3) }, { …(3) } ] } ][90m

Received:

[1m  1st vi.fn() call:

[22m[2m  [[22m
[2m    {[22m
[32m-     "alerts": [[90m
[32m-       {[90m
[32m-         "hashedIp": "hash1",[90m
[32m-         "timestamp": "2026-01-01T00:00:00Z",[90m
[32m-         "token": "abc123",[90m
[32m-       },[90m
[32m-       {[90m
[32m-         "hashedIp": "hash2",[90m
[32m-         "timestamp": "2026-01-02T00:00:00Z",[90m
[32m-         "token": "def456",[90m
[32m-       },[90m
[32m-     ],[90m
[31m+     "error": "Internal server error",[90m
[2m    },[22m
[2m  ][22m
[31m[90m

Number of calls: [1m1[22m
[31m[39m
[36m [2m❯[22m src/test/configurable-security.test.ts:[2m182:22[22m[39m
    [90m180|[39m     [35mconst[39m res [33m=[39m [34mmockRes[39m()
    [90m181|[39m     await canaryAlertsHandler({ method: 'GET', headers: {} } as unknow…
    [90m182|[39m     [34mexpect[39m(res[33m.[39mjson)[33m.[39m[34mtoHaveBeenCalledWith[39m({
    [90m   |[39m                      [31m^[39m
    [90m183|[39m       alerts[33m:[39m [
    [90m184|[39m         { token: 'abc123', hashedIp: 'hash1', timestamp: '2026-01-01T0…

[31m[2m⎯⎯⎯⎯⎯⎯⎯⎯⎯⎯⎯⎯⎯⎯⎯⎯⎯⎯⎯⎯⎯[89/213]⎯[22m[39m

[41m[1m FAIL [22m[49m src/test/configurable-security.test.ts[2m > [22mCanary Alerts API: GET /api/canary-alerts[2m > [22mreturns empty array when no alerts exist
[31m[1mAssertionError[22m: expected "vi.fn()" to be called with arguments: [ { alerts: [] } ][90m

Received:

[1m  1st vi.fn() call:

[22m[2m  [[22m
[2m    {[22m
[32m-     "alerts": [],[90m
[31m+     "error": "Internal server error",[90m
[2m    },[22m
[2m  ][22m
[31m[90m

Number of calls: [1m1[22m
[31m[39m
[36m [2m❯[22m src/test/configurable-security.test.ts:[2m194:22[22m[39m
    [90m192|[39m     [35mconst[39m res [33m=[39m [34mmockRes[39m()
    [90m193|[39m     await canaryAlertsHandler({ method: 'GET', headers: {} } as unknow…
    [90m194|[39m     [34mexpect[39m(res[33m.[39mjson)[33m.[39m[34mtoHaveBeenCalledWith[39m({ alerts[33m:[39m [] })
    [90m   |[39m                      [31m^[39m
    [90m195|[39m   })
    [90m196|[39m

[31m[2m⎯⎯⎯⎯⎯⎯⎯⎯⎯⎯⎯⎯⎯⎯⎯⎯⎯⎯⎯⎯⎯[90/213]⎯[22m[39m

[41m[1m FAIL [22m[49m src/test/contact-api.test.ts[2m > [22mContact API handler[2m > [22mOPTIONS returns 200
[31m[1mTypeError[22m: res.setHeader is not a function[39m
[36m [2m❯[22m setCorsHeaders api/contact.ts:[2m119:7[22m[39m
    [90m117|[39m
    [90m118|[39m [35mfunction[39m [34msetCorsHeaders[39m(res[33m:[39m [33mVercelResponse[39m)[33m:[39m [35mvoid[39m {
    [90m119|[39m   res[33m.[39m[34msetHeader[39m([32m'Access-Control-Allow-Origin'[39m[33m,[39m [33mCORS_ORIGIN[39m)
    [90m   |[39m       [31m^[39m
    [90m120|[39m   res[33m.[39m[34msetHeader[39m([32m'Access-Control-Allow-Methods'[39m[33m,[39m [32m'POST, OPTIONS'[39m)
    [90m121|[39m   res[33m.[39m[34msetHeader[39m([32m'Access-Control-Allow-Headers'[39m[33m,[39m [32m'Content-Type'[39m)
[90m [2m❯[22m handler api/contact.ts:[2m127:5[22m[39m
[90m [2m❯[22m src/test/contact-api.test.ts:[2m58:11[22m[39m

[31m[2m⎯⎯⎯⎯⎯⎯⎯⎯⎯⎯⎯⎯⎯⎯⎯⎯⎯⎯⎯⎯⎯[91/213]⎯[22m[39m

[41m[1m FAIL [22m[49m src/test/contact-api.test.ts[2m > [22mContact API handler[2m > [22mrejects non-POST methods
[31m[1mAssertionError[22m: expected "vi.fn()" to be called with arguments: [ 405 ][90m

Received:

[1m  1st vi.fn() call:

[22m[2m  [[22m
[32m-   405,[90m
[31m+   503,[90m
[2m  ][22m
[31m[90m

Number of calls: [1m1[22m
[31m[39m
[36m [2m❯[22m src/test/contact-api.test.ts:[2m66:24[22m[39m
    [90m 64|[39m     [35mconst[39m res [33m=[39m [34mmockRes[39m()
    [90m 65|[39m     await handler({ method: 'GET', body: {}, headers: {} } as any, res…
    [90m 66|[39m     [34mexpect[39m(res[33m.[39mstatus)[33m.[39m[34mtoHaveBeenCalledWith[39m([34m405[39m)
    [90m   |[39m                        [31m^[39m
    [90m 67|[39m   })
    [90m 68|[39m

[31m[2m⎯⎯⎯⎯⎯⎯⎯⎯⎯⎯⎯⎯⎯⎯⎯⎯⎯⎯⎯⎯⎯[92/213]⎯[22m[39m

[41m[1m FAIL [22m[49m src/test/contact-api.test.ts[2m > [22mContact API handler[2m > [22maccepts valid contact form submission
[31m[1mAssertionError[22m: expected "vi.fn()" to be called with arguments: [ 200 ][90m

Received:

[1m  1st vi.fn() call:

[22m[2m  [[22m
[32m-   200,[90m
[31m+   503,[90m
[2m  ][22m
[31m[90m

Number of calls: [1m1[22m
[31m[39m
[36m [2m❯[22m src/test/contact-api.test.ts:[2m79:24[22m[39m
    [90m 77|[39m       headers[33m:[39m { [32m'x-forwarded-for'[39m[33m:[39m [32m'1.2.3.4'[39m }[33m,[39m
    [90m 78|[39m     } [35mas[39m any[33m,[39m res [35mas[39m any)
    [90m 79|[39m     [34mexpect[39m(res[33m.[39mstatus)[33m.[39m[34mtoHaveBeenCalledWith[39m([34m200[39m)
    [90m   |[39m                        [31m^[39m
    [90m 80|[39m     [34mexpect[39m(res[33m.[39mjson)[33m.[39m[34mtoHaveBeenCalledWith[39m({ success[33m:[39m [35mtrue[39m })
    [90m 81|[39m     [34mexpect[39m(mockLpush)[33m.[39m[34mtoHaveBeenCalled[39m()

[31m[2m⎯⎯⎯⎯⎯⎯⎯⎯⎯⎯⎯⎯⎯⎯⎯⎯⎯⎯⎯⎯⎯[93/213]⎯[22m[39m

[41m[1m FAIL [22m[49m src/test/contact-api.test.ts[2m > [22mContact API handler[2m > [22mrejects submission with missing name
[31m[1mAssertionError[22m: expected "vi.fn()" to be called with arguments: [ 400 ][90m

Received:

[1m  1st vi.fn() call:

[22m[2m  [[22m
[32m-   400,[90m
[31m+   503,[90m
[2m  ][22m
[31m[90m

Number of calls: [1m1[22m
[31m[39m
[36m [2m❯[22m src/test/contact-api.test.ts:[2m91:24[22m[39m
    [90m 89|[39m       headers[33m:[39m { [32m'x-forwarded-for'[39m[33m:[39m [34muniqueIp[39m() }[33m,[39m
    [90m 90|[39m     } [35mas[39m any[33m,[39m res [35mas[39m any)
    [90m 91|[39m     [34mexpect[39m(res[33m.[39mstatus)[33m.[39m[34mtoHaveBeenCalledWith[39m([34m400[39m)
    [90m   |[39m                        [31m^[39m
    [90m 92|[39m   })
    [90m 93|[39m

[31m[2m⎯⎯⎯⎯⎯⎯⎯⎯⎯⎯⎯⎯⎯⎯⎯⎯⎯⎯⎯⎯⎯[94/213]⎯[22m[39m

[41m[1m FAIL [22m[49m src/test/contact-api.test.ts[2m > [22mContact API handler[2m > [22mrejects submission with invalid email
[31m[1mAssertionError[22m: expected "vi.fn()" to be called with arguments: [ 400 ][90m

Received:

[1m  1st vi.fn() call:

[22m[2m  [[22m
[32m-   400,[90m
[31m+   503,[90m
[2m  ][22m
[31m[90m

Number of calls: [1m1[22m
[31m[39m
[36m [2m❯[22m src/test/contact-api.test.ts:[2m101:24[22m[39m
    [90m 99|[39m       headers[33m:[39m { [32m'x-forwarded-for'[39m[33m:[39m [34muniqueIp[39m() }[33m,[39m
    [90m100|[39m     } [35mas[39m any[33m,[39m res [35mas[39m any)
    [90m101|[39m     [34mexpect[39m(res[33m.[39mstatus)[33m.[39m[34mtoHaveBeenCalledWith[39m([34m400[39m)
    [90m   |[39m                        [31m^[39m
    [90m102|[39m   })
    [90m103|[39m

[31m[2m⎯⎯⎯⎯⎯⎯⎯⎯⎯⎯⎯⎯⎯⎯⎯⎯⎯⎯⎯⎯⎯[95/213]⎯[22m[39m

[41m[1m FAIL [22m[49m src/test/contact-api.test.ts[2m > [22mContact API handler[2m > [22mrejects submission with empty message
[31m[1mAssertionError[22m: expected "vi.fn()" to be called with arguments: [ 400 ][90m

Received:

[1m  1st vi.fn() call:

[22m[2m  [[22m
[32m-   400,[90m
[31m+   503,[90m
[2m  ][22m
[31m[90m

Number of calls: [1m1[22m
[31m[39m
[36m [2m❯[22m src/test/contact-api.test.ts:[2m111:24[22m[39m
    [90m109|[39m       headers[33m:[39m { [32m'x-forwarded-for'[39m[33m:[39m [34muniqueIp[39m() }[33m,[39m
    [90m110|[39m     } [35mas[39m any[33m,[39m res [35mas[39m any)
    [90m111|[39m     [34mexpect[39m(res[33m.[39mstatus)[33m.[39m[34mtoHaveBeenCalledWith[39m([34m400[39m)
    [90m   |[39m                        [31m^[39m
    [90m112|[39m   })
    [90m113|[39m

[31m[2m⎯⎯⎯⎯⎯⎯⎯⎯⎯⎯⎯⎯⎯⎯⎯⎯⎯⎯⎯⎯⎯[96/213]⎯[22m[39m

[41m[1m FAIL [22m[49m src/test/contact-api.test.ts[2m > [22mContact API handler[2m > [22msilently accepts honeypot-filled submissions (returns 200 without storing)
[31m[1mAssertionError[22m: expected "vi.fn()" to be called with arguments: [ 200 ][90m

Received:

[1m  1st vi.fn() call:

[22m[2m  [[22m
[32m-   200,[90m
[31m+   503,[90m
[2m  ][22m
[31m[90m

Number of calls: [1m1[22m
[31m[39m
[36m [2m❯[22m src/test/contact-api.test.ts:[2m121:24[22m[39m
    [90m119|[39m       headers[33m:[39m { [32m'x-forwarded-for'[39m[33m:[39m [34muniqueIp[39m() }[33m,[39m
    [90m120|[39m     } [35mas[39m any[33m,[39m res [35mas[39m any)
    [90m121|[39m     [34mexpect[39m(res[33m.[39mstatus)[33m.[39m[34mtoHaveBeenCalledWith[39m([34m200[39m)
    [90m   |[39m                        [31m^[39m
    [90m122|[39m     [34mexpect[39m(res[33m.[39mjson)[33m.[39m[34mtoHaveBeenCalledWith[39m({ success[33m:[39m [35mtrue[39m })
    [90m123|[39m     [34mexpect[39m(mockLpush)[33m.[39mnot[33m.[39m[34mtoHaveBeenCalled[39m()

[31m[2m⎯⎯⎯⎯⎯⎯⎯⎯⎯⎯⎯⎯⎯⎯⎯⎯⎯⎯⎯⎯⎯[97/213]⎯[22m[39m

[41m[1m FAIL [22m[49m src/test/contact-api.test.ts[2m > [22mContact API handler[2m > [22mstores submission in Redis with correct key
[31m[1mAssertionError[22m: expected "vi.fn()" to be called with arguments: [ 'contact-submissions', Any<String> ][90m

Number of calls: [1m0[22m
[31m[39m
[36m [2m❯[22m src/test/contact-api.test.ts:[2m137:23[22m[39m
    [90m135|[39m       headers[33m:[39m { [32m'x-forwarded-for'[39m[33m:[39m ip }[33m,[39m
    [90m136|[39m     } [35mas[39m any[33m,[39m res [35mas[39m any)
    [90m137|[39m     expect(mockLpush).toHaveBeenCalledWith('contact-submissions', expe…
    [90m   |[39m                       [31m^[39m
    [90m138|[39m     [35mconst[39m storedData [33m=[39m [33mJSON[39m[33m.[39m[34mparse[39m(mockLpush[33m.[39mmock[33m.[39mcalls[[34m0[39m][[34m1[39m])
    [90m139|[39m     [34mexpect[39m(storedData[33m.[39mname)[33m.[39m[34mtoBe[39m([32m'Jane Doe'[39m)

[31m[2m⎯⎯⎯⎯⎯⎯⎯⎯⎯⎯⎯⎯⎯⎯⎯⎯⎯⎯⎯⎯⎯[98/213]⎯[22m[39m

[41m[1m FAIL [22m[49m src/test/contact-api.test.ts[2m > [22mContact API handler[2m > [22mtrims to 100 most recent submissions
[31m[1mAssertionError[22m: expected "vi.fn()" to be called with arguments: [ 'contact-submissions', +0, 99 ][90m

Number of calls: [1m0[22m
[31m[39m
[36m [2m❯[22m src/test/contact-api.test.ts:[2m156:23[22m[39m
    [90m154|[39m       headers[33m:[39m { [32m'x-forwarded-for'[39m[33m:[39m [34muniqueIp[39m() }[33m,[39m
    [90m155|[39m     } [35mas[39m any[33m,[39m res [35mas[39m any)
    [90m156|[39m     expect(mockLtrim).toHaveBeenCalledWith('contact-submissions', 0, 9…
    [90m   |[39m                       [31m^[39m
    [90m157|[39m   })
    [90m158|[39m

[31m[2m⎯⎯⎯⎯⎯⎯⎯⎯⎯⎯⎯⎯⎯⎯⎯⎯⎯⎯⎯⎯⎯[99/213]⎯[22m[39m

[41m[1m FAIL [22m[49m src/test/contact-api.test.ts[2m > [22mContact API handler[2m > [22mfalls back gracefully when Redis is not configured
[31m[1mAssertionError[22m: expected "vi.fn()" to be called with arguments: [ 200 ][90m

Received:

[1m  1st vi.fn() call:

[22m[2m  [[22m
[32m-   200,[90m
[31m+   503,[90m
[2m  ][22m
[31m[90m

Number of calls: [1m1[22m
[31m[39m
[36m [2m❯[22m src/test/contact-api.test.ts:[2m169:24[22m[39m
    [90m167|[39m       headers[33m:[39m { [32m'x-forwarded-for'[39m[33m:[39m [34muniqueIp[39m() }[33m,[39m
    [90m168|[39m     } [35mas[39m any[33m,[39m res [35mas[39m any)
    [90m169|[39m     [34mexpect[39m(res[33m.[39mstatus)[33m.[39m[34mtoHaveBeenCalledWith[39m([34m200[39m)
    [90m   |[39m                        [31m^[39m
    [90m170|[39m     [34mexpect[39m(res[33m.[39mjson)[33m.[39m[34mtoHaveBeenCalledWith[39m({ success[33m:[39m [35mtrue[39m })
    [90m171|[39m     [34mexpect[39m(mockLpush)[33m.[39mnot[33m.[39m[34mtoHaveBeenCalled[39m()

[31m[2m⎯⎯⎯⎯⎯⎯⎯⎯⎯⎯⎯⎯⎯⎯⎯⎯⎯⎯⎯⎯[100/213]⎯[22m[39m

[41m[1m FAIL [22m[49m src/test/contact-api.test.ts[2m > [22mContact API handler[2m > [22mreturns 500 when Redis throws
[31m[1mAssertionError[22m: expected "vi.fn()" to be called with arguments: [ 500 ][90m

Received:

[1m  1st vi.fn() call:

[22m[2m  [[22m
[32m-   500,[90m
[31m+   503,[90m
[2m  ][22m
[31m[90m

Number of calls: [1m1[22m
[31m[39m
[36m [2m❯[22m src/test/contact-api.test.ts:[2m184:24[22m[39m
    [90m182|[39m       headers[33m:[39m { [32m'x-forwarded-for'[39m[33m:[39m [34muniqueIp[39m() }[33m,[39m
    [90m183|[39m     } [35mas[39m any[33m,[39m res [35mas[39m any)
    [90m184|[39m     [34mexpect[39m(res[33m.[39mstatus)[33m.[39m[34mtoHaveBeenCalledWith[39m([34m500[39m)
    [90m   |[39m                        [31m^[39m
    [90m185|[39m     consoleSpy[33m.[39m[34mmockRestore[39m()
    [90m186|[39m   })

[31m[2m⎯⎯⎯⎯⎯⎯⎯⎯⎯⎯⎯⎯⎯⎯⎯⎯⎯⎯⎯⎯[101/213]⎯[22m[39m

[41m[1m FAIL [22m[49m src/test/contact-api.test.ts[2m > [22mContact API handler[2m > [22mrejects field exceeding max length
[31m[1mAssertionError[22m: expected "vi.fn()" to be called with arguments: [ 400 ][90m

Received:

[1m  1st vi.fn() call:

[22m[2m  [[22m
[32m-   400,[90m
[31m+   503,[90m
[2m  ][22m
[31m[90m

Number of calls: [1m1[22m
[31m[39m
[36m [2m❯[22m src/test/contact-api.test.ts:[2m195:24[22m[39m
    [90m193|[39m       headers[33m:[39m { [32m'x-forwarded-for'[39m[33m:[39m [34muniqueIp[39m() }[33m,[39m
    [90m194|[39m     } [35mas[39m any[33m,[39m res [35mas[39m any)
    [90m195|[39m     [34mexpect[39m(res[33m.[39mstatus)[33m.[39m[34mtoHaveBeenCalledWith[39m([34m400[39m)
    [90m   |[39m                        [31m^[39m
    [90m196|[39m   })
    [90m197|[39m

[31m[2m⎯⎯⎯⎯⎯⎯⎯⎯⎯⎯⎯⎯⎯⎯⎯⎯⎯⎯⎯⎯[102/213]⎯[22m[39m

[41m[1m FAIL [22m[49m src/test/contact-api.test.ts[2m > [22mContact API handler[2m > [22mrate limiting[2m > [22mallows up to 5 requests from the same IP
[31m[1mAssertionError[22m: expected "vi.fn()" to be called with arguments: [ 200 ][90m

Received:

[1m  1st vi.fn() call:

[22m[2m  [[22m
[32m-   200,[90m
[31m+   503,[90m
[2m  ][22m
[31m[90m

Number of calls: [1m1[22m
[31m[39m
[36m [2m❯[22m src/test/contact-api.test.ts:[2m214:28[22m[39m
    [90m212|[39m           headers[33m:[39m { [32m'x-forwarded-for'[39m[33m:[39m ip }[33m,[39m
    [90m213|[39m         } [35mas[39m any[33m,[39m res [35mas[39m any)
    [90m214|[39m         [34mexpect[39m(res[33m.[39mstatus)[33m.[39m[34mtoHaveBeenCalledWith[39m([34m200[39m)
    [90m   |[39m                            [31m^[39m
    [90m215|[39m       }
    [90m216|[39m

[31m[2m⎯⎯⎯⎯⎯⎯⎯⎯⎯⎯⎯⎯⎯⎯⎯⎯⎯⎯⎯⎯[103/213]⎯[22m[39m

[41m[1m FAIL [22m[49m src/test/denied-handler.test.ts[2m > [22mDenied handler: robots.txt access violation response[2m > [22muses _src query param as the reported path
[31m[1mAssertionError[22m: expected "error" to be called with arguments: [ '[ACCESS VIOLATION]', …(1) ][90m

Received:

[1m  1st error call:

[22m[2m  [[22m
[32m-   "[ACCESS VIOLATION]",[90m
[32m-   StringContaining "/phpmyadmin/index.php",[90m
[31m+   "[SECURITY:SCANNER_DETECTED]",[90m
[31m+   "{\"id\":\"48a8aa18df9672b6\",\"timestamp\":\"2026-04-07T08:41:46.320Z\",\"event\":\"SCANNER_DETECTED\",\"severity\":\"high\",\"hashedIp\":\"hashed-ip-test\",\"userAgent\":\"\",\"method\":\"POST\",\"url\":\"/api/denied\",\"countermeasure\":\"SCANNER_IDENTIFIED\",\"details\":{\"toolName\":\"Unknown Bot\",\"category\":\"UNKNOWN_BOT\",\"confidence\":\"high\",\"threatMultiplier\":1.5,\"signals\":[\"MISSING_ACCEPT_LANGUAGE\",\"MISSING_ACCEPT\",\"MISSING_USER_AGENT\"]}}",[90m
[2m  ][22m

[1m  2nd error call:

[22m[2m  [[22m
[32m-   "[ACCESS VIOLATION]",[90m
[32m-   StringContaining "/phpmyadmin/index.php",[90m
[31m+   "[SECURITY:ACCESS_VIOLATION]",[90m
[31m+   "{\"id\":\"d009e6322fea612f\",\"timestamp\":\"2026-04-07T08:41:46.320Z\",\"event\":\"ACCESS_VIOLATION\",\"severity\":\"warn\",\"hashedIp\":\"hashed-ip-test\",\"userAgent\":\"\",\"method\":\"POST\",\"url\":\"/phpmyadmin/index.php\",\"countermeasure\":\"TARPITTED\",\"threatScore\":5,\"threatLevel\":\"WARN\",\"details\":{\"scannerMultiplier\":1.5}}",[90m
[2m  ][22m
[31m[90m

Number of calls: [1m2[22m
[31m[39m
[36m [2m❯[22m src/test/denied-handler.test.ts:[2m166:24[22m[39m
    [90m164|[39m       res[33m,[39m
    [90m165|[39m     )
    [90m166|[39m     [34mexpect[39m(consoleSpy)[33m.[39m[34mtoHaveBeenCalledWith[39m(
    [90m   |[39m                        [31m^[39m
    [90m167|[39m       [32m'[ACCESS VIOLATION]'[39m[33m,[39m
    [90m168|[39m       expect[33m.[39m[34mstringContaining[39m([32m'/phpmyadmin/index.php'[39m)[33m,[39m

[31m[2m⎯⎯⎯⎯⎯⎯⎯⎯⎯⎯⎯⎯⎯⎯⎯⎯⎯⎯⎯⎯[104/213]⎯[22m[39m

[41m[1m FAIL [22m[49m src/test/drive-download.test.ts[2m > [22mDrive download API[2m > [22mredirects to Google Drive download URL with 307 status
[31m[1mAssertionError[22m: expected "vi.fn()" to be called with arguments: [ 307, …(1) ][90m

Number of calls: [1m0[22m
[31m[39m
[36m [2m❯[22m src/test/drive-download.test.ts:[2m66:26[22m[39m
    [90m 64|[39m     [35mconst[39m res [33m=[39m [34mmockRes[39m()
    [90m 65|[39m     await handler({ method: 'GET', query: { fileId: 'abc123' }, header…
    [90m 66|[39m     expect(res.redirect).toHaveBeenCalledWith(307, 'https://drive.goog…
    [90m   |[39m                          [31m^[39m
    [90m 67|[39m   })
    [90m 68|[39m

[31m[2m⎯⎯⎯⎯⎯⎯⎯⎯⎯⎯⎯⎯⎯⎯⎯⎯⎯⎯⎯⎯[105/213]⎯[22m[39m

[41m[1m FAIL [22m[49m src/test/drive-download.test.ts[2m > [22mDrive download API[2m > [22mproperly encodes fileId in redirect URL
[31m[1mAssertionError[22m: expected "vi.fn()" to be called with arguments: [ 307, …(1) ][90m

Number of calls: [1m0[22m
[31m[39m
[36m [2m❯[22m src/test/drive-download.test.ts:[2m72:26[22m[39m
    [90m 70|[39m     [35mconst[39m res [33m=[39m [34mmockRes[39m()
    [90m 71|[39m     await handler({ method: 'GET', query: { fileId: 'test_file-123' },…
    [90m 72|[39m     expect(res.redirect).toHaveBeenCalledWith(307, 'https://drive.goog…
    [90m   |[39m                          [31m^[39m
    [90m 73|[39m   })
    [90m 74|[39m

[31m[2m⎯⎯⎯⎯⎯⎯⎯⎯⎯⎯⎯⎯⎯⎯⎯⎯⎯⎯⎯⎯[106/213]⎯[22m[39m

[41m[1m FAIL [22m[49m src/test/drive-download.test.ts[2m > [22mDrive download API[2m > [22malways redirects regardless of file size
[31m[1mAssertionError[22m: expected "vi.fn()" to be called with arguments: [ 307, …(1) ][90m

Number of calls: [1m0[22m
[31m[39m
[36m [2m❯[22m src/test/drive-download.test.ts:[2m78:26[22m[39m
    [90m 76|[39m     [35mconst[39m res [33m=[39m [34mmockRes[39m()
    [90m 77|[39m     await handler({ method: 'GET', query: { fileId: 'largeFileId' }, h…
    [90m 78|[39m     expect(res.redirect).toHaveBeenCalledWith(307, 'https://drive.goog…
    [90m   |[39m                          [31m^[39m
    [90m 79|[39m   })
    [90m 80|[39m })

[31m[2m⎯⎯⎯⎯⎯⎯⎯⎯⎯⎯⎯⎯⎯⎯⎯⎯⎯⎯⎯⎯[107/213]⎯[22m[39m

[41m[1m FAIL [22m[49m src/test/drive-folder.test.ts[2m > [22mDrive folder API (Google Drive v3)[2m > [22mreturns 502 when Google API returns an error
[31m[1mAssertionError[22m: expected "vi.fn()" to be called with arguments: [ Array(1) ][90m

Received:

[1m  1st vi.fn() call:

[22m[2m  [[22m
[2m    {[22m
[32m-     "error": "Failed to list Drive folder",[90m
[31m+     "error": "Drive API returned 403",[90m
[2m    },[22m
[2m  ][22m
[31m[90m

Number of calls: [1m1[22m
[31m[39m
[36m [2m❯[22m src/test/drive-folder.test.ts:[2m142:22[22m[39m
    [90m140|[39m     await handler({ method: 'GET', query: { folderId: 'abc123' }, head…
    [90m141|[39m     [34mexpect[39m(res[33m.[39mstatus)[33m.[39m[34mtoHaveBeenCalledWith[39m([34m502[39m)
    [90m142|[39m     expect(res.json).toHaveBeenCalledWith({ error: 'Failed to list Dri…
    [90m   |[39m                      [31m^[39m
    [90m143|[39m   })
    [90m144|[39m

[31m[2m⎯⎯⎯⎯⎯⎯⎯⎯⎯⎯⎯⎯⎯⎯⎯⎯⎯⎯⎯⎯[108/213]⎯[22m[39m

[41m[1m FAIL [22m[49m src/test/drive-folder.test.ts[2m > [22mDrive folder API (Google Drive v3)[2m > [22mreturns 503 when GOOGLE_DRIVE_API_KEY is not set
[31m[1mAssertionError[22m: expected "vi.fn()" to be called with arguments: [ 503 ][90m

Received:

[1m  1st vi.fn() call:

[22m[2m  [[22m
[32m-   503,[90m
[31m+   500,[90m
[2m  ][22m
[31m[90m

Number of calls: [1m1[22m
[31m[39m
[36m [2m❯[22m src/test/drive-folder.test.ts:[2m182:24[22m[39m
    [90m180|[39m     [35mconst[39m res [33m=[39m [34mmockRes[39m()
    [90m181|[39m     await handler({ method: 'GET', query: { folderId: 'abc123' }, head…
    [90m182|[39m     [34mexpect[39m(res[33m.[39mstatus)[33m.[39m[34mtoHaveBeenCalledWith[39m([34m503[39m)
    [90m   |[39m                        [31m^[39m
    [90m183|[39m     expect(res.json).toHaveBeenCalledWith({ error: 'Service unavailabl…
    [90m184|[39m     [34mexpect[39m(mockFetch)[33m.[39mnot[33m.[39m[34mtoHaveBeenCalled[39m()

[31m[2m⎯⎯⎯⎯⎯⎯⎯⎯⎯⎯⎯⎯⎯⎯⎯⎯⎯⎯⎯⎯[109/213]⎯[22m[39m

[41m[1m FAIL [22m[49m src/test/entropy-injection.test.ts[2m > [22mEntropy Injection: triggerHoneytokenAlarm marks attacker[2m > [22mmarks the IP as an attacker when a honeytoken is triggered
[31m[1mError[22m: [vitest] No "getVercelGeoData" export is defined on the "../../api/_ratelimit.js" mock. Did you forget to return it from "vi.mock"?
If you need to partially mock a module, you can use "importOriginal" helper inside:
[39m
vi.mock(import("../../api/_ratelimit.js"), async (importOriginal) => {
  const actual = await importOriginal()
  return {
    ...actual,
    // your mocked methods
  }
})

[36m [2m❯[22m triggerHoneytokenAlarm api/_honeytokens.ts:[2m101:15[22m[39m
    [90m 99|[39m   [35mconst[39m hashedIp [33m=[39m [34mhashIp[39m(ip)
    [90m100|[39m   [35mconst[39m detectedAt [33m=[39m [35mnew[39m [33mDate[39m()[33m.[39m[34mtoISOString[39m()
    [90m101|[39m   [35mconst[39m geo [33m=[39m [34mgetVercelGeoData[39m(req)
    [90m   |[39m               [31m^[39m
    [90m102|[39m   [35mconst[39m sanitizedHeaders [33m=[39m [34msanitizeHeaders[39m(req[33m.[39mheaders)
    [90m103|[39m   const userAgent = (req.headers['user-agent'] as string || '').slice(…
[90m [2m❯[22m src/test/entropy-injection.test.ts:[2m153:11[22m[39m

[31m[2m⎯⎯⎯⎯⎯⎯⎯⎯⎯⎯⎯⎯⎯⎯⎯⎯⎯⎯⎯⎯[110/213]⎯[22m[39m

[41m[1m FAIL [22m[49m src/test/kv-api.test.ts[2m > [22mKV API handler[2m > [22mGET[2m > [22mreturns 400 when key is missing
[31m[1mAssertionError[22m: expected "vi.fn()" to be called with arguments: [ 400 ][90m

Received:

[1m  1st vi.fn() call:

[22m[2m  [[22m
[32m-   400,[90m
[31m+   503,[90m
[2m  ][22m
[31m[90m

Number of calls: [1m1[22m
[31m[39m
[36m [2m❯[22m src/test/kv-api.test.ts:[2m106:26[22m[39m
    [90m104|[39m       [35mconst[39m res [33m=[39m [34mmockRes[39m()
    [90m105|[39m       await handler({ method: 'GET', query: {}, body: {}, headers: {} …
    [90m106|[39m       [34mexpect[39m(res[33m.[39mstatus)[33m.[39m[34mtoHaveBeenCalledWith[39m([34m400[39m)
    [90m   |[39m                          [31m^[39m
    [90m107|[39m       expect(res.json).toHaveBeenCalledWith(expect.objectContaining({ …
    [90m108|[39m     })

[31m[2m⎯⎯⎯⎯⎯⎯⎯⎯⎯⎯⎯⎯⎯⎯⎯⎯⎯⎯⎯⎯[111/213]⎯[22m[39m

[41m[1m FAIL [22m[49m src/test/kv-api.test.ts[2m > [22mKV API handler[2m > [22mGET[2m > [22mreturns value for public key (zardonic-band-data)
[31m[1mAssertionError[22m: expected "vi.fn()" to be called with arguments: [ 'zardonic-band-data' ][90m

Number of calls: [1m0[22m
[31m[39m
[36m [2m❯[22m src/test/kv-api.test.ts:[2m114:25[22m[39m
    [90m112|[39m       [35mconst[39m res [33m=[39m [34mmockRes[39m()
    [90m113|[39m       await handler({ method: 'GET', query: { key: 'zardonic-band-data…
    [90m114|[39m       [34mexpect[39m(mockKvGet)[33m.[39m[34mtoHaveBeenCalledWith[39m([32m'zardonic-band-data'[39m)
    [90m   |[39m                         [31m^[39m
    [90m115|[39m       expect(res.json).toHaveBeenCalledWith({ value: { name: 'ZARDONIC…
    [90m116|[39m     })

[31m[2m⎯⎯⎯⎯⎯⎯⎯⎯⎯⎯⎯⎯⎯⎯⎯⎯⎯⎯⎯⎯[112/213]⎯[22m[39m

[41m[1m FAIL [22m[49m src/test/kv-api.test.ts[2m > [22mKV API handler[2m > [22mGET[2m > [22mreturns value for public key (zardonic-site-data) without session
[31m[1mAssertionError[22m: expected "vi.fn()" to be called with arguments: [ 'zardonic-site-data' ][90m

Number of calls: [1m0[22m
[31m[39m
[36m [2m❯[22m src/test/kv-api.test.ts:[2m123:25[22m[39m
    [90m121|[39m       [35mconst[39m res [33m=[39m [34mmockRes[39m()
    [90m122|[39m       await handler({ method: 'GET', query: { key: 'zardonic-site-data…
    [90m123|[39m       [34mexpect[39m(mockKvGet)[33m.[39m[34mtoHaveBeenCalledWith[39m([32m'zardonic-site-data'[39m)
    [90m   |[39m                         [31m^[39m
    [90m124|[39m       expect(res.json).toHaveBeenCalledWith({ value: { gigs: [], relea…
    [90m125|[39m     })

[31m[2m⎯⎯⎯⎯⎯⎯⎯⎯⎯⎯⎯⎯⎯⎯⎯⎯⎯⎯⎯⎯[113/213]⎯[22m[39m

[41m[1m FAIL [22m[49m src/test/kv-api.test.ts[2m > [22mKV API handler[2m > [22mGET[2m > [22mstrips terminalCommands from public zardonic-site-data reads
[31m[1mTypeError[22m: Cannot convert undefined or null to object[39m
[36m [2m❯[22m src/test/kv-api.test.ts:[2m133:33[22m[39m
    [90m131|[39m       await handler({ method: 'GET', query: { key: 'zardonic-site-data…
    [90m132|[39m       const responseValue = (vi.mocked(res.json).mock.calls[0][0] as {…
    [90m133|[39m       [34mexpect[39m(responseValue)[33m.[39mnot[33m.[39m[34mtoHaveProperty[39m([32m'terminalCommands'[39m)
    [90m   |[39m                                 [31m^[39m
    [90m134|[39m       [34mexpect[39m(responseValue)[33m.[39m[34mtoHaveProperty[39m([32m'gigs'[39m)
    [90m135|[39m     })

[31m[2m⎯⎯⎯⎯⎯⎯⎯⎯⎯⎯⎯⎯⎯⎯⎯⎯⎯⎯⎯⎯[114/213]⎯[22m[39m

[41m[1m FAIL [22m[49m src/test/kv-api.test.ts[2m > [22mKV API handler[2m > [22mGET[2m > [22mreturns 403 for non-public keys without session
[31m[1mAssertionError[22m: expected "vi.fn()" to be called with arguments: [ 403 ][90m

Received:

[1m  1st vi.fn() call:

[22m[2m  [[22m
[32m-   403,[90m
[31m+   503,[90m
[2m  ][22m
[31m[90m

Number of calls: [1m1[22m
[31m[39m
[36m [2m❯[22m src/test/kv-api.test.ts:[2m142:26[22m[39m
    [90m140|[39m       [35mconst[39m res [33m=[39m [34mmockRes[39m()
    [90m141|[39m       await handler({ method: 'GET', query: { key: 'private-key' }, bo…
    [90m142|[39m       [34mexpect[39m(res[33m.[39mstatus)[33m.[39m[34mtoHaveBeenCalledWith[39m([34m403[39m)
    [90m   |[39m                          [31m^[39m
    [90m143|[39m     })
    [90m144|[39m

[31m[2m⎯⎯⎯⎯⎯⎯⎯⎯⎯⎯⎯⎯⎯⎯⎯⎯⎯⎯⎯⎯[115/213]⎯[22m[39m

[41m[1m FAIL [22m[49m src/test/kv-api.test.ts[2m > [22mKV API handler[2m > [22mGET[2m > [22mreturns value for non-public key with valid session
[31m[1mAssertionError[22m: expected "vi.fn()" to be called with arguments: [ { value: { secret: 'data' } } ][90m

Received:

[1m  1st vi.fn() call:

[22m[2m  [[22m
[2m    {[22m
[32m-     "value": {[90m
[32m-       "secret": "data",[90m
[32m-     },[90m
[31m+     "error": "Service unavailable",[90m
[31m+     "message": "KV storage is not configured. Please set KV_REST_API_URL and KV_REST_API_TOKEN environment variables.",[90m
[2m    },[22m
[2m  ][22m
[31m[90m

Number of calls: [1m1[22m
[31m[39m
[36m [2m❯[22m src/test/kv-api.test.ts:[2m149:24[22m[39m
    [90m147|[39m       [35mconst[39m res [33m=[39m [34mmockRes[39m()
    [90m148|[39m       await handler({ method: 'GET', query: { key: 'private-key' }, bo…
    [90m149|[39m       expect(res.json).toHaveBeenCalledWith({ value: { secret: 'data' …
    [90m   |[39m                        [31m^[39m
    [90m150|[39m     })
    [90m151|[39m

[31m[2m⎯⎯⎯⎯⎯⎯⎯⎯⎯⎯⎯⎯⎯⎯⎯⎯⎯⎯⎯⎯[116/213]⎯[22m[39m

[41m[1m FAIL [22m[49m src/test/kv-api.test.ts[2m > [22mKV API handler[2m > [22mGET[2m > [22mreturns null when key does not exist (with session)
[31m[1mAssertionError[22m: expected "vi.fn()" to be called with arguments: [ { value: null } ][90m

Received:

[1m  1st vi.fn() call:

[22m[2m  [[22m
[2m    {[22m
[32m-     "value": null,[90m
[31m+     "error": "Service unavailable",[90m
[31m+     "message": "KV storage is not configured. Please set KV_REST_API_URL and KV_REST_API_TOKEN environment variables.",[90m
[2m    },[22m
[2m  ][22m
[31m[90m

Number of calls: [1m1[22m
[31m[39m
[36m [2m❯[22m src/test/kv-api.test.ts:[2m156:24[22m[39m
    [90m154|[39m       [35mconst[39m res [33m=[39m [34mmockRes[39m()
    [90m155|[39m       await handler({ method: 'GET', query: { key: 'nonexistent' }, bo…
    [90m156|[39m       [34mexpect[39m(res[33m.[39mjson)[33m.[39m[34mtoHaveBeenCalledWith[39m({ value[33m:[39m [35mnull[39m })
    [90m   |[39m                        [31m^[39m
    [90m157|[39m     })
    [90m158|[39m

[31m[2m⎯⎯⎯⎯⎯⎯⎯⎯⎯⎯⎯⎯⎯⎯⎯⎯⎯⎯⎯⎯[117/213]⎯[22m[39m

[41m[1m FAIL [22m[49m src/test/kv-api.test.ts[2m > [22mKV API handler[2m > [22mGET[2m > [22mreturns 500 when KV throws
[31m[1mAssertionError[22m: expected "vi.fn()" to be called with arguments: [ 500 ][90m

Received:

[1m  1st vi.fn() call:

[22m[2m  [[22m
[32m-   500,[90m
[31m+   503,[90m
[2m  ][22m
[31m[90m

Number of calls: [1m1[22m
[31m[39m
[36m [2m❯[22m src/test/kv-api.test.ts:[2m164:26[22m[39m
    [90m162|[39m       const consoleSpy = vi.spyOn(console, 'error').mockImplementation…
    [90m163|[39m       await handler({ method: 'GET', query: { key: 'some-key' }, body:…
    [90m164|[39m       [34mexpect[39m(res[33m.[39mstatus)[33m.[39m[34mtoHaveBeenCalledWith[39m([34m500[39m)
    [90m   |[39m                          [31m^[39m
    [90m165|[39m       consoleSpy[33m.[39m[34mmockRestore[39m()
    [90m166|[39m     })

[31m[2m⎯⎯⎯⎯⎯⎯⎯⎯⎯⎯⎯⎯⎯⎯⎯⎯⎯⎯⎯⎯[118/213]⎯[22m[39m

[41m[1m FAIL [22m[49m src/test/kv-api.test.ts[2m > [22mKV API handler[2m > [22mPOST[2m > [22mreturns 400 when body is missing
[31m[1mAssertionError[22m: expected "vi.fn()" to be called with arguments: [ 400 ][90m

Received:

[1m  1st vi.fn() call:

[22m[2m  [[22m
[32m-   400,[90m
[31m+   503,[90m
[2m  ][22m
[31m[90m

Number of calls: [1m1[22m
[31m[39m
[36m [2m❯[22m src/test/kv-api.test.ts:[2m173:26[22m[39m
    [90m171|[39m       [35mconst[39m res [33m=[39m [34mmockRes[39m()
    [90m172|[39m       await handler({ method: 'POST', query: {}, body: null, headers: …
    [90m173|[39m       [34mexpect[39m(res[33m.[39mstatus)[33m.[39m[34mtoHaveBeenCalledWith[39m([34m400[39m)
    [90m   |[39m                          [31m^[39m
    [90m174|[39m     })
    [90m175|[39m

[31m[2m⎯⎯⎯⎯⎯⎯⎯⎯⎯⎯⎯⎯⎯⎯⎯⎯⎯⎯⎯⎯[119/213]⎯[22m[39m

[41m[1m FAIL [22m[49m src/test/kv-api.test.ts[2m > [22mKV API handler[2m > [22mPOST[2m > [22mreturns 400 when key is missing from body
[31m[1mAssertionError[22m: expected "vi.fn()" to be called with arguments: [ 400 ][90m

Received:

[1m  1st vi.fn() call:

[22m[2m  [[22m
[32m-   400,[90m
[31m+   503,[90m
[2m  ][22m
[31m[90m

Number of calls: [1m1[22m
[31m[39m
[36m [2m❯[22m src/test/kv-api.test.ts:[2m179:26[22m[39m
    [90m177|[39m       [35mconst[39m res [33m=[39m [34mmockRes[39m()
    [90m178|[39m       await handler({ method: 'POST', query: {}, body: { value: 'x' },…
    [90m179|[39m       [34mexpect[39m(res[33m.[39mstatus)[33m.[39m[34mtoHaveBeenCalledWith[39m([34m400[39m)
    [90m   |[39m                          [31m^[39m
    [90m180|[39m     })
    [90m181|[39m

[31m[2m⎯⎯⎯⎯⎯⎯⎯⎯⎯⎯⎯⎯⎯⎯⎯⎯⎯⎯⎯⎯[120/213]⎯[22m[39m

[41m[1m FAIL [22m[49m src/test/kv-api.test.ts[2m > [22mKV API handler[2m > [22mPOST[2m > [22mreturns 400 when value is undefined
[31m[1mAssertionError[22m: expected "vi.fn()" to be called with arguments: [ 400 ][90m

Received:

[1m  1st vi.fn() call:

[22m[2m  [[22m
[32m-   400,[90m
[31m+   503,[90m
[2m  ][22m
[31m[90m

Number of calls: [1m1[22m
[31m[39m
[36m [2m❯[22m src/test/kv-api.test.ts:[2m185:26[22m[39m
    [90m183|[39m       [35mconst[39m res [33m=[39m [34mmockRes[39m()
    [90m184|[39m       await handler({ method: 'POST', query: {}, body: { key: 'test' }…
    [90m185|[39m       [34mexpect[39m(res[33m.[39mstatus)[33m.[39m[34mtoHaveBeenCalledWith[39m([34m400[39m)
    [90m   |[39m                          [31m^[39m
    [90m186|[39m     })
    [90m187|[39m

[31m[2m⎯⎯⎯⎯⎯⎯⎯⎯⎯⎯⎯⎯⎯⎯⎯⎯⎯⎯⎯⎯[121/213]⎯[22m[39m

[41m[1m FAIL [22m[49m src/test/kv-api.test.ts[2m > [22mKV API handler[2m > [22mPOST[2m > [22msaves value with valid session (transient key uses 90-day TTL)
[31m[1mAssertionError[22m: expected "vi.fn()" to be called with arguments: [ 'site-data', { name: 'test' }, …(1) ][90m

Number of calls: [1m0[22m
[31m[39m
[36m [2m❯[22m src/test/kv-api.test.ts:[2m198:25[22m[39m
    [90m196|[39m         headers[33m:[39m {}[33m,[39m
    [90m197|[39m       } as unknown as VercelRequest, res as unknown as unknown as Verc…
    [90m198|[39m       expect(mockKvSet).toHaveBeenCalledWith('site-data', { name: 'tes…
    [90m   |[39m                         [31m^[39m
    [90m199|[39m       [34mexpect[39m(res[33m.[39mjson)[33m.[39m[34mtoHaveBeenCalledWith[39m({ success[33m:[39m [35mtrue[39m })
    [90m200|[39m     })

[31m[2m⎯⎯⎯⎯⎯⎯⎯⎯⎯⎯⎯⎯⎯⎯⎯⎯⎯⎯⎯⎯[122/213]⎯[22m[39m

[41m[1m FAIL [22m[49m src/test/kv-api.test.ts[2m > [22mKV API handler[2m > [22mPOST[2m > [22msaves zardonic-site-data without TTL (persistent key)
[31m[1mAssertionError[22m: expected "vi.fn()" to be called with arguments: [ 'zardonic-site-data', …(1) ][90m

Number of calls: [1m0[22m
[31m[39m
[36m [2m❯[22m src/test/kv-api.test.ts:[2m212:25[22m[39m
    [90m210|[39m         headers[33m:[39m {}[33m,[39m
    [90m211|[39m       } as unknown as VercelRequest, res as unknown as unknown as Verc…
    [90m212|[39m       expect(mockKvSet).toHaveBeenCalledWith('zardonic-site-data', { g…
    [90m   |[39m                         [31m^[39m
    [90m213|[39m       [34mexpect[39m(res[33m.[39mjson)[33m.[39m[34mtoHaveBeenCalledWith[39m({ success[33m:[39m [35mtrue[39m })
    [90m214|[39m     })

[31m[2m⎯⎯⎯⎯⎯⎯⎯⎯⎯⎯⎯⎯⎯⎯⎯⎯⎯⎯⎯⎯[123/213]⎯[22m[39m

[41m[1m FAIL [22m[49m src/test/kv-api.test.ts[2m > [22mKV API handler[2m > [22mPOST[2m > [22msaves zardonic-band-data without TTL (persistent key)
[31m[1mAssertionError[22m: expected "vi.fn()" to be called with arguments: [ 'zardonic-band-data', …(1) ][90m

Number of calls: [1m0[22m
[31m[39m
[36m [2m❯[22m src/test/kv-api.test.ts:[2m226:25[22m[39m
    [90m224|[39m         headers[33m:[39m {}[33m,[39m
    [90m225|[39m       } as unknown as VercelRequest, res as unknown as unknown as Verc…
    [90m226|[39m       expect(mockKvSet).toHaveBeenCalledWith('zardonic-band-data', { n…
    [90m   |[39m                         [31m^[39m
    [90m227|[39m       [34mexpect[39m(res[33m.[39mjson)[33m.[39m[34mtoHaveBeenCalledWith[39m({ success[33m:[39m [35mtrue[39m })
    [90m228|[39m     })

[31m[2m⎯⎯⎯⎯⎯⎯⎯⎯⎯⎯⎯⎯⎯⎯⎯⎯⎯⎯⎯⎯[124/213]⎯[22m[39m

[41m[1m FAIL [22m[49m src/test/kv-api.test.ts[2m > [22mKV API handler[2m > [22mPOST[2m > [22mrejects write without valid session
[31m[1mAssertionError[22m: expected "vi.fn()" to be called with arguments: [ 403 ][90m

Received:

[1m  1st vi.fn() call:

[22m[2m  [[22m
[32m-   403,[90m
[31m+   503,[90m
[2m  ][22m
[31m[90m

Number of calls: [1m1[22m
[31m[39m
[36m [2m❯[22m src/test/kv-api.test.ts:[2m240:26[22m[39m
    [90m238|[39m         headers[33m:[39m {}[33m,[39m
    [90m239|[39m       } as unknown as VercelRequest, res as unknown as unknown as Verc…
    [90m240|[39m       [34mexpect[39m(res[33m.[39mstatus)[33m.[39m[34mtoHaveBeenCalledWith[39m([34m403[39m)
    [90m   |[39m                          [31m^[39m
    [90m241|[39m       [34mexpect[39m(mockKvSet)[33m.[39mnot[33m.[39m[34mtoHaveBeenCalled[39m()
    [90m242|[39m     })

[31m[2m⎯⎯⎯⎯⎯⎯⎯⎯⎯⎯⎯⎯⎯⎯⎯⎯⎯⎯⎯⎯[125/213]⎯[22m[39m

[41m[1m FAIL [22m[49m src/test/kv-api.test.ts[2m > [22mKV API handler[2m > [22mPOST[2m > [22madmin-password-hash key[2m > [22mallows initial password setup without session
[31m[1mAssertionError[22m: expected "vi.fn()" to be called with arguments: [ 'admin-password-hash', 'new-hash' ][90m

Number of calls: [1m0[22m
[31m[39m
[36m [2m❯[22m src/test/kv-api.test.ts:[2m256:27[22m[39m
    [90m254|[39m           headers[33m:[39m {}[33m,[39m
    [90m255|[39m         } as unknown as VercelRequest, res as unknown as unknown as Ve…
    [90m256|[39m         expect(mockKvSet).toHaveBeenCalledWith('admin-password-hash', …
    [90m   |[39m                           [31m^[39m
    [90m257|[39m         [34mexpect[39m(res[33m.[39mjson)[33m.[39m[34mtoHaveBeenCalledWith[39m({ success[33m:[39m [35mtrue[39m })
    [90m258|[39m       })

[31m[2m⎯⎯⎯⎯⎯⎯⎯⎯⎯⎯⎯⎯⎯⎯⎯⎯⎯⎯⎯⎯[126/213]⎯[22m[39m

[41m[1m FAIL [22m[49m src/test/kv-api.test.ts[2m > [22mKV API handler[2m > [22mPOST[2m > [22madmin-password-hash key[2m > [22mrejects password change without valid session
[31m[1mAssertionError[22m: expected "vi.fn()" to be called with arguments: [ 403 ][90m

Received:

[1m  1st vi.fn() call:

[22m[2m  [[22m
[32m-   403,[90m
[31m+   503,[90m
[2m  ][22m
[31m[90m

Number of calls: [1m1[22m
[31m[39m
[36m [2m❯[22m src/test/kv-api.test.ts:[2m270:28[22m[39m
    [90m268|[39m           headers[33m:[39m {}[33m,[39m
    [90m269|[39m         } as unknown as VercelRequest, res as unknown as unknown as Ve…
    [90m270|[39m         [34mexpect[39m(res[33m.[39mstatus)[33m.[39m[34mtoHaveBeenCalledWith[39m([34m403[39m)
    [90m   |[39m                            [31m^[39m
    [90m271|[39m         [34mexpect[39m(mockKvSet)[33m.[39mnot[33m.[39m[34mtoHaveBeenCalled[39m()
    [90m272|[39m       })

[31m[2m⎯⎯⎯⎯⎯⎯⎯⎯⎯⎯⎯⎯⎯⎯⎯⎯⎯⎯⎯⎯[127/213]⎯[22m[39m

[41m[1m FAIL [22m[49m src/test/kv-api.test.ts[2m > [22mKV API handler[2m > [22mreturns 405 for unsupported methods
[31m[1mAssertionError[22m: expected "vi.fn()" to be called with arguments: [ 405 ][90m

Received:

[1m  1st vi.fn() call:

[22m[2m  [[22m
[32m-   405,[90m
[31m+   503,[90m
[2m  ][22m
[31m[90m

Number of calls: [1m1[22m
[31m[39m
[36m [2m❯[22m src/test/kv-api.test.ts:[2m279:24[22m[39m
    [90m277|[39m     [35mconst[39m res [33m=[39m [34mmockRes[39m()
    [90m278|[39m     await handler({ method: 'DELETE', query: {}, body: {}, headers: {}…
    [90m279|[39m     [34mexpect[39m(res[33m.[39mstatus)[33m.[39m[34mtoHaveBeenCalledWith[39m([34m405[39m)
    [90m   |[39m                        [31m^[39m
    [90m280|[39m   })
    [90m281|[39m })

[31m[2m⎯⎯⎯⎯⎯⎯⎯⎯⎯⎯⎯⎯⎯⎯⎯⎯⎯⎯⎯⎯[128/213]⎯[22m[39m

[41m[1m FAIL [22m[49m src/test/rate-limit.test.ts[2m > [22mRate limiting integration[2m > [22mKV handler rate limiting[2m > [22mallows request when rate limit passes
[31m[1mAssertionError[22m: expected "vi.fn()" to be called with arguments: [ { value: { name: 'test' } } ][90m

Received:

[1m  1st vi.fn() call:

[22m[2m  [[22m
[2m    {[22m
[32m-     "value": {[90m
[32m-       "name": "test",[90m
[32m-     },[90m
[31m+     "error": "Forbidden",[90m
[2m    },[22m
[2m  ][22m
[31m[90m

Number of calls: [1m1[22m
[31m[39m
[36m [2m❯[22m src/test/rate-limit.test.ts:[2m81:24[22m[39m
    [90m 79|[39m       await kvHandler({ method: 'GET', query: { key: 'zardonic-band-da…
    [90m 80|[39m       [34mexpect[39m(mockApplyRateLimit)[33m.[39m[34mtoHaveBeenCalled[39m()
    [90m 81|[39m       expect(res.json).toHaveBeenCalledWith({ value: { name: 'test' } …
    [90m   |[39m                        [31m^[39m
    [90m 82|[39m     })
    [90m 83|[39m

[31m[2m⎯⎯⎯⎯⎯⎯⎯⎯⎯⎯⎯⎯⎯⎯⎯⎯⎯⎯⎯⎯[129/213]⎯[22m[39m

[41m[1m FAIL [22m[49m src/test/ratelimit.test.ts[2m > [22mgetClientIp()[2m > [22mhandles array x-forwarded-for (Vercel multi-value)
[31m[1mAssertionError[22m: expected '127.0.0.1' to be '10.1.2.3' // Object.is equality[39m

Expected: [32m"1[7m0.1.2.3[27m"[39m
Received: [31m"1[7m27.0.0.1[27m"[39m

[36m [2m❯[22m src/test/ratelimit.test.ts:[2m82:30[22m[39m
    [90m 80|[39m   [34mit[39m([32m'handles array x-forwarded-for (Vercel multi-value)'[39m[33m,[39m () [33m=>[39m {
    [90m 81|[39m     const req: any = { headers: { 'x-forwarded-for': ['10.1.2.3, 10.2.…
    [90m 82|[39m     [34mexpect[39m([34mgetClientIp[39m(req))[33m.[39m[34mtoBe[39m([32m'10.1.2.3'[39m)
    [90m   |[39m                              [31m^[39m
    [90m 83|[39m   })
    [90m 84|[39m

[31m[2m⎯⎯⎯⎯⎯⎯⎯⎯⎯⎯⎯⎯⎯⎯⎯⎯⎯⎯⎯⎯[130/213]⎯[22m[39m

[41m[1m FAIL [22m[49m src/test/ratelimit.test.ts[2m > [22mapplyRateLimit()[2m > [22mreturns false and sends 429 when rate limit is exceeded
[31m[1mAssertionError[22m: expected true to be false // Object.is equality[39m

[32m- Expected[39m
[31m+ Received[39m

[32m- false[39m
[31m+ true[39m

[36m [2m❯[22m src/test/ratelimit.test.ts:[2m124:20[22m[39m
    [90m122|[39m     [35mconst[39m res [33m=[39m [34mmockRes[39m()
    [90m123|[39m     [35mconst[39m result [33m=[39m [35mawait[39m [34mapplyRateLimit[39m(req[33m,[39m res)
    [90m124|[39m     [34mexpect[39m(result)[33m.[39m[34mtoBe[39m([35mfalse[39m)
    [90m   |[39m                    [31m^[39m
    [90m125|[39m     [34mexpect[39m(res[33m.[39mstatus)[33m.[39m[34mtoHaveBeenCalledWith[39m([34m429[39m)
    [90m126|[39m     [34mexpect[39m(res[33m.[39msetHeader)[33m.[39m[34mtoHaveBeenCalledWith[39m([32m'Retry-After'[39m[33m,[39m [32m'10'[39m)

[31m[2m⎯⎯⎯⎯⎯⎯⎯⎯⎯⎯⎯⎯⎯⎯⎯⎯⎯⎯⎯⎯[131/213]⎯[22m[39m

[41m[1m FAIL [22m[49m src/test/ratelimit.test.ts[2m > [22mapplyRateLimit()[2m > [22mreturns false and sends 503 when rate limit service throws (fail-closed)
[31m[1mAssertionError[22m: expected true to be false // Object.is equality[39m

[32m- Expected[39m
[31m+ Received[39m

[32m- false[39m
[31m+ true[39m

[36m [2m❯[22m src/test/ratelimit.test.ts:[2m136:20[22m[39m
    [90m134|[39m     [35mconst[39m res [33m=[39m [34mmockRes[39m()
    [90m135|[39m     [35mconst[39m result [33m=[39m [35mawait[39m [34mapplyRateLimit[39m(req[33m,[39m res)
    [90m136|[39m     [34mexpect[39m(result)[33m.[39m[34mtoBe[39m([35mfalse[39m)
    [90m   |[39m                    [31m^[39m
    [90m137|[39m     [34mexpect[39m(res[33m.[39mstatus)[33m.[39m[34mtoHaveBeenCalledWith[39m([34m503[39m)
    [90m138|[39m     consoleSpy[33m.[39m[34mmockRestore[39m()

[31m[2m⎯⎯⎯⎯⎯⎯⎯⎯⎯⎯⎯⎯⎯⎯⎯⎯⎯⎯⎯⎯[132/213]⎯[22m[39m

[41m[1m FAIL [22m[49m src/test/reset-password.test.ts[2m > [22mReset Password API handler[2m > [22mreturns 400 when email is missing
[31m[1mAssertionError[22m: expected "vi.fn()" to be called with arguments: [ ObjectContaining{…} ][90m

Received:

[1m  1st vi.fn() call:

[22m[2m  [[22m
[32m-   ObjectContaining {[90m
[32m-     "error": "Required",[90m
[31m+   {[90m
[31m+     "error": "Invalid input: expected string, received undefined",[90m
[2m    },[22m
[2m  ][22m
[31m[90m

Number of calls: [1m1[22m
[31m[39m
[36m [2m❯[22m src/test/reset-password.test.ts:[2m105:22[22m[39m
    [90m103|[39m     await handler({ method: 'POST', query: {}, body: {}, headers: {} }…
    [90m104|[39m     [34mexpect[39m(res[33m.[39mstatus)[33m.[39m[34mtoHaveBeenCalledWith[39m([34m400[39m)
    [90m105|[39m     expect(res.json).toHaveBeenCalledWith(expect.objectContaining({ er…
    [90m   |[39m                      [31m^[39m
    [90m106|[39m   })
    [90m107|[39m

[31m[2m⎯⎯⎯⎯⎯⎯⎯⎯⎯⎯⎯⎯⎯⎯⎯⎯⎯⎯⎯⎯[133/213]⎯[22m[39m

[41m[1m FAIL [22m[49m src/test/reset-password.test.ts[2m > [22mReset Password API handler[2m > [22mresets password when email matches
[31m[1mAssertionError[22m: expected "vi.fn()" to be called with arguments: [ 'admin-reset-token', …(2) ][90m

Number of calls: [1m0[22m
[31m[39m
[36m [2m❯[22m src/test/reset-password.test.ts:[2m112:23[22m[39m
    [90m110|[39m     [35mconst[39m res [33m=[39m [34mmockRes[39m()
    [90m111|[39m     await handler({ method: 'POST', query: {}, body: { email: 'admin@e…
    [90m112|[39m     expect(mockKvSet).toHaveBeenCalledWith('admin-reset-token', expect…
    [90m   |[39m                       [31m^[39m
    [90m113|[39m     expect(res.json).toHaveBeenCalledWith(expect.objectContaining({ su…
    [90m114|[39m   })

[31m[2m⎯⎯⎯⎯⎯⎯⎯⎯⎯⎯⎯⎯⎯⎯⎯⎯⎯⎯⎯⎯[134/213]⎯[22m[39m

[41m[1m FAIL [22m[49m src/test/reset-password.test.ts[2m > [22mReset Password API handler[2m > [22mresets password with case-insensitive email match
[31m[1mAssertionError[22m: expected "vi.fn()" to be called with arguments: [ 'admin-reset-token', …(2) ][90m

Number of calls: [1m0[22m
[31m[39m
[36m [2m❯[22m src/test/reset-password.test.ts:[2m120:23[22m[39m
    [90m118|[39m     [35mconst[39m res [33m=[39m [34mmockRes[39m()
    [90m119|[39m     await handler({ method: 'POST', query: {}, body: { email: 'Admin@E…
    [90m120|[39m     expect(mockKvSet).toHaveBeenCalledWith('admin-reset-token', expect…
    [90m   |[39m                       [31m^[39m
    [90m121|[39m     expect(res.json).toHaveBeenCalledWith(expect.objectContaining({ su…
    [90m122|[39m   })

[31m[2m⎯⎯⎯⎯⎯⎯⎯⎯⎯⎯⎯⎯⎯⎯⎯⎯⎯⎯⎯⎯[135/213]⎯[22m[39m

[41m[1m FAIL [22m[49m src/test/schemas.test.ts[2m > [22modesliQuerySchema[2m > [22mrejects lowercase userCountry
[31m[1mAssertionError[22m: expected true to be false // Object.is equality[39m

[32m- Expected[39m
[31m+ Received[39m

[32m- false[39m
[31m+ true[39m

[36m [2m❯[22m src/test/schemas.test.ts:[2m309:102[22m[39m
    [90m307|[39m
    [90m308|[39m   [34mit[39m([32m'rejects lowercase userCountry'[39m[33m,[39m () [33m=>[39m {
    [90m309|[39m     expect(odesliQuerySchema.safeParse({ url: 'https://spotify.com/x',…
    [90m   |[39m                                                                                                      [31m^[39m
    [90m310|[39m   })
    [90m311|[39m

[31m[2m⎯⎯⎯⎯⎯⎯⎯⎯⎯⎯⎯⎯⎯⎯⎯⎯⎯⎯⎯⎯[136/213]⎯[22m[39m

[41m[1m FAIL [22m[49m src/test/schemas.test.ts[2m > [22modesliQuerySchema[2m > [22mrejects 3-char userCountry
[31m[1mAssertionError[22m: expected true to be false // Object.is equality[39m

[32m- Expected[39m
[31m+ Received[39m

[32m- false[39m
[31m+ true[39m

[36m [2m❯[22m src/test/schemas.test.ts:[2m313:103[22m[39m
    [90m311|[39m
    [90m312|[39m   [34mit[39m([32m'rejects 3-char userCountry'[39m[33m,[39m () [33m=>[39m {
    [90m313|[39m     expect(odesliQuerySchema.safeParse({ url: 'https://spotify.com/x',…
    [90m   |[39m                                                                                                       [31m^[39m
    [90m314|[39m   })
    [90m315|[39m })

[31m[2m⎯⎯⎯⎯⎯⎯⎯⎯⎯⎯⎯⎯⎯⎯⎯⎯⎯⎯⎯⎯[137/213]⎯[22m[39m

[41m[1m FAIL [22m[49m src/test/schemas.test.ts[2m > [22mblockSchema[2m > [22maccepts valid hashedIp
[31m[1mTypeError[22m: Cannot read properties of undefined (reading 'safeParse')[39m
[36m [2m❯[22m src/test/schemas.test.ts:[2m368:27[22m[39m
    [90m366|[39m [34mdescribe[39m([32m'blockSchema'[39m[33m,[39m () [33m=>[39m {
    [90m367|[39m   [34mit[39m([32m'accepts valid hashedIp'[39m[33m,[39m () [33m=>[39m {
    [90m368|[39m     [35mconst[39m r [33m=[39m blockSchema[33m.[39m[34msafeParse[39m({ hashedIp[33m:[39m [32m'a'[39m[33m.[39m[34mrepeat[39m([34m64[39m) })
    [90m   |[39m                           [31m^[39m
    [90m369|[39m     [34mexpect[39m(r[33m.[39msuccess)[33m.[39m[34mtoBe[39m([35mtrue[39m)
    [90m370|[39m   })

[31m[2m⎯⎯⎯⎯⎯⎯⎯⎯⎯⎯⎯⎯⎯⎯⎯⎯⎯⎯⎯⎯[138/213]⎯[22m[39m

[41m[1m FAIL [22m[49m src/test/schemas.test.ts[2m > [22mblockSchema[2m > [22mapplies default reason "manual"
[31m[1mTypeError[22m: Cannot read properties of undefined (reading 'safeParse')[39m
[36m [2m❯[22m src/test/schemas.test.ts:[2m373:27[22m[39m
    [90m371|[39m
    [90m372|[39m   [34mit[39m([32m'applies default reason "manual"'[39m[33m,[39m () [33m=>[39m {
    [90m373|[39m     [35mconst[39m r [33m=[39m blockSchema[33m.[39m[34msafeParse[39m({ hashedIp[33m:[39m [32m'a'[39m[33m.[39m[34mrepeat[39m([34m64[39m) })
    [90m   |[39m                           [31m^[39m
    [90m374|[39m     [35mif[39m (r[33m.[39msuccess) [34mexpect[39m(r[33m.[39mdata[33m.[39mreason)[33m.[39m[34mtoBe[39m([32m'manual'[39m)
    [90m375|[39m   })

[31m[2m⎯⎯⎯⎯⎯⎯⎯⎯⎯⎯⎯⎯⎯⎯⎯⎯⎯⎯⎯⎯[139/213]⎯[22m[39m

[41m[1m FAIL [22m[49m src/test/schemas.test.ts[2m > [22mblockSchema[2m > [22mapplies default ttlSeconds 604800
[31m[1mTypeError[22m: Cannot read properties of undefined (reading 'safeParse')[39m
[36m [2m❯[22m src/test/schemas.test.ts:[2m378:27[22m[39m
    [90m376|[39m
    [90m377|[39m   [34mit[39m([32m'applies default ttlSeconds 604800'[39m[33m,[39m () [33m=>[39m {
    [90m378|[39m     [35mconst[39m r [33m=[39m blockSchema[33m.[39m[34msafeParse[39m({ hashedIp[33m:[39m [32m'a'[39m[33m.[39m[34mrepeat[39m([34m64[39m) })
    [90m   |[39m                           [31m^[39m
    [90m379|[39m     [35mif[39m (r[33m.[39msuccess) [34mexpect[39m(r[33m.[39mdata[33m.[39mttlSeconds)[33m.[39m[34mtoBe[39m([34m604800[39m)
    [90m380|[39m   })

[31m[2m⎯⎯⎯⎯⎯⎯⎯⎯⎯⎯⎯⎯⎯⎯⎯⎯⎯⎯⎯⎯[140/213]⎯[22m[39m

[41m[1m FAIL [22m[49m src/test/schemas.test.ts[2m > [22mblockSchema[2m > [22mrejects hashedIp too short
[31m[1mTypeError[22m: Cannot read properties of undefined (reading 'safeParse')[39m
[36m [2m❯[22m src/test/schemas.test.ts:[2m383:24[22m[39m
    [90m381|[39m
    [90m382|[39m   [34mit[39m([32m'rejects hashedIp too short'[39m[33m,[39m () [33m=>[39m {
    [90m383|[39m     expect(blockSchema.safeParse({ hashedIp: 'short' }).success).toBe(…
    [90m   |[39m                        [31m^[39m
    [90m384|[39m   })
    [90m385|[39m

[31m[2m⎯⎯⎯⎯⎯⎯⎯⎯⎯⎯⎯⎯⎯⎯⎯⎯⎯⎯⎯⎯[141/213]⎯[22m[39m

[41m[1m FAIL [22m[49m src/test/schemas.test.ts[2m > [22mblockSchema[2m > [22mrejects ttlSeconds below minimum
[31m[1mTypeError[22m: Cannot read properties of undefined (reading 'safeParse')[39m
[36m [2m❯[22m src/test/schemas.test.ts:[2m387:24[22m[39m
    [90m385|[39m
    [90m386|[39m   [34mit[39m([32m'rejects ttlSeconds below minimum'[39m[33m,[39m () [33m=>[39m {
    [90m387|[39m     expect(blockSchema.safeParse({ hashedIp: 'a'.repeat(64), ttlSecond…
    [90m   |[39m                        [31m^[39m
    [90m388|[39m   })
    [90m389|[39m

[31m[2m⎯⎯⎯⎯⎯⎯⎯⎯⎯⎯⎯⎯⎯⎯⎯⎯⎯⎯⎯⎯[142/213]⎯[22m[39m

[41m[1m FAIL [22m[49m src/test/schemas.test.ts[2m > [22mblockSchema[2m > [22mrejects ttlSeconds above maximum
[31m[1mTypeError[22m: Cannot read properties of undefined (reading 'safeParse')[39m
[36m [2m❯[22m src/test/schemas.test.ts:[2m391:24[22m[39m
    [90m389|[39m
    [90m390|[39m   [34mit[39m([32m'rejects ttlSeconds above maximum'[39m[33m,[39m () [33m=>[39m {
    [90m391|[39m     expect(blockSchema.safeParse({ hashedIp: 'a'.repeat(64), ttlSecond…
    [90m   |[39m                        [31m^[39m
    [90m392|[39m   })
    [90m393|[39m })

[31m[2m⎯⎯⎯⎯⎯⎯⎯⎯⎯⎯⎯⎯⎯⎯⎯⎯⎯⎯⎯⎯[143/213]⎯[22m[39m

[41m[1m FAIL [22m[49m src/test/schemas.test.ts[2m > [22munblockSchema[2m > [22maccepts valid hashedIp
[31m[1mTypeError[22m: Cannot read properties of undefined (reading 'safeParse')[39m
[36m [2m❯[22m src/test/schemas.test.ts:[2m397:26[22m[39m
    [90m395|[39m [34mdescribe[39m([32m'unblockSchema'[39m[33m,[39m () [33m=>[39m {
    [90m396|[39m   [34mit[39m([32m'accepts valid hashedIp'[39m[33m,[39m () [33m=>[39m {
    [90m397|[39m     expect(unblockSchema.safeParse({ hashedIp: 'a'.repeat(64) }).succe…
    [90m   |[39m                          [31m^[39m
    [90m398|[39m   })
    [90m399|[39m

[31m[2m⎯⎯⎯⎯⎯⎯⎯⎯⎯⎯⎯⎯⎯⎯⎯⎯⎯⎯⎯⎯[144/213]⎯[22m[39m

[41m[1m FAIL [22m[49m src/test/schemas.test.ts[2m > [22munblockSchema[2m > [22mrejects missing hashedIp
[31m[1mTypeError[22m: Cannot read properties of undefined (reading 'safeParse')[39m
[36m [2m❯[22m src/test/schemas.test.ts:[2m401:26[22m[39m
    [90m399|[39m
    [90m400|[39m   [34mit[39m([32m'rejects missing hashedIp'[39m[33m,[39m () [33m=>[39m {
    [90m401|[39m     [34mexpect[39m(unblockSchema[33m.[39m[34msafeParse[39m({})[33m.[39msuccess)[33m.[39m[34mtoBe[39m([35mfalse[39m)
    [90m   |[39m                          [31m^[39m
    [90m402|[39m   })
    [90m403|[39m })

[31m[2m⎯⎯⎯⎯⎯⎯⎯⎯⎯⎯⎯⎯⎯⎯⎯⎯⎯⎯⎯⎯[145/213]⎯[22m[39m

[41m[1m FAIL [22m[49m src/test/schemas.test.ts[2m > [22mgetProfileSchema[2m > [22maccepts empty query (lists all)
[31m[1mTypeError[22m: Cannot read properties of undefined (reading 'safeParse')[39m
[36m [2m❯[22m src/test/schemas.test.ts:[2m410:32[22m[39m
    [90m408|[39m [34mdescribe[39m([32m'getProfileSchema'[39m[33m,[39m () [33m=>[39m {
    [90m409|[39m   [34mit[39m([32m'accepts empty query (lists all)'[39m[33m,[39m () [33m=>[39m {
    [90m410|[39m     [35mconst[39m r [33m=[39m getProfileSchema[33m.[39m[34msafeParse[39m({})
    [90m   |[39m                                [31m^[39m
    [90m411|[39m     [34mexpect[39m(r[33m.[39msuccess)[33m.[39m[34mtoBe[39m([35mtrue[39m)
    [90m412|[39m     [35mif[39m (r[33m.[39msuccess) {

[31m[2m⎯⎯⎯⎯⎯⎯⎯⎯⎯⎯⎯⎯⎯⎯⎯⎯⎯⎯⎯⎯[146/213]⎯[22m[39m

[41m[1m FAIL [22m[49m src/test/schemas.test.ts[2m > [22mgetProfileSchema[2m > [22maccepts specific hashedIp
[31m[1mTypeError[22m: Cannot read properties of undefined (reading 'safeParse')[39m
[36m [2m❯[22m src/test/schemas.test.ts:[2m419:29[22m[39m
    [90m417|[39m
    [90m418|[39m   [34mit[39m([32m'accepts specific hashedIp'[39m[33m,[39m () [33m=>[39m {
    [90m419|[39m     expect(getProfileSchema.safeParse({ hashedIp: 'a'.repeat(64) }).su…
    [90m   |[39m                             [31m^[39m
    [90m420|[39m   })
    [90m421|[39m

[31m[2m⎯⎯⎯⎯⎯⎯⎯⎯⎯⎯⎯⎯⎯⎯⎯⎯⎯⎯⎯⎯[147/213]⎯[22m[39m

[41m[1m FAIL [22m[49m src/test/schemas.test.ts[2m > [22mgetProfileSchema[2m > [22maccepts custom limit/offset
[31m[1mTypeError[22m: Cannot read properties of undefined (reading 'safeParse')[39m
[36m [2m❯[22m src/test/schemas.test.ts:[2m423:32[22m[39m
    [90m421|[39m
    [90m422|[39m   [34mit[39m([32m'accepts custom limit/offset'[39m[33m,[39m () [33m=>[39m {
    [90m423|[39m     [35mconst[39m r [33m=[39m getProfileSchema[33m.[39m[34msafeParse[39m({ limit[33m:[39m [32m'10'[39m[33m,[39m offset[33m:[39m [32m'20'[39m })
    [90m   |[39m                                [31m^[39m
    [90m424|[39m     [34mexpect[39m(r[33m.[39msuccess)[33m.[39m[34mtoBe[39m([35mtrue[39m)
    [90m425|[39m     [35mif[39m (r[33m.[39msuccess) {

[31m[2m⎯⎯⎯⎯⎯⎯⎯⎯⎯⎯⎯⎯⎯⎯⎯⎯⎯⎯⎯⎯[148/213]⎯[22m[39m

[41m[1m FAIL [22m[49m src/test/schemas.test.ts[2m > [22mgetProfileSchema[2m > [22mrejects limit > 100
[31m[1mTypeError[22m: Cannot read properties of undefined (reading 'safeParse')[39m
[36m [2m❯[22m src/test/schemas.test.ts:[2m432:29[22m[39m
    [90m430|[39m
    [90m431|[39m   [34mit[39m([32m'rejects limit > 100'[39m[33m,[39m () [33m=>[39m {
    [90m432|[39m     expect(getProfileSchema.safeParse({ limit: '101' }).success).toBe(…
    [90m   |[39m                             [31m^[39m
    [90m433|[39m   })
    [90m434|[39m })

[31m[2m⎯⎯⎯⎯⎯⎯⎯⎯⎯⎯⎯⎯⎯⎯⎯⎯⎯⎯⎯⎯[149/213]⎯[22m[39m

[41m[1m FAIL [22m[49m src/test/schemas.test.ts[2m > [22mdeleteProfileSchema[2m > [22maccepts valid hashedIp
[31m[1mTypeError[22m: Cannot read properties of undefined (reading 'safeParse')[39m
[36m [2m❯[22m src/test/schemas.test.ts:[2m438:32[22m[39m
    [90m436|[39m [34mdescribe[39m([32m'deleteProfileSchema'[39m[33m,[39m () [33m=>[39m {
    [90m437|[39m   [34mit[39m([32m'accepts valid hashedIp'[39m[33m,[39m () [33m=>[39m {
    [90m438|[39m     expect(deleteProfileSchema.safeParse({ hashedIp: 'a'.repeat(64) })…
    [90m   |[39m                                [31m^[39m
    [90m439|[39m   })
    [90m440|[39m

[31m[2m⎯⎯⎯⎯⎯⎯⎯⎯⎯⎯⎯⎯⎯⎯⎯⎯⎯⎯⎯⎯[150/213]⎯[22m[39m

[41m[1m FAIL [22m[49m src/test/schemas.test.ts[2m > [22mdeleteProfileSchema[2m > [22mrejects missing hashedIp
[31m[1mTypeError[22m: Cannot read properties of undefined (reading 'safeParse')[39m
[36m [2m❯[22m src/test/schemas.test.ts:[2m442:32[22m[39m
    [90m440|[39m
    [90m441|[39m   [34mit[39m([32m'rejects missing hashedIp'[39m[33m,[39m () [33m=>[39m {
    [90m442|[39m     [34mexpect[39m(deleteProfileSchema[33m.[39m[34msafeParse[39m({})[33m.[39msuccess)[33m.[39m[34mtoBe[39m([35mfalse[39m)
    [90m   |[39m                                [31m^[39m
    [90m443|[39m   })
    [90m444|[39m })

[31m[2m⎯⎯⎯⎯⎯⎯⎯⎯⎯⎯⎯⎯⎯⎯⎯⎯⎯⎯⎯⎯[151/213]⎯[22m[39m

[41m[1m FAIL [22m[49m src/test/schemas.test.ts[2m > [22msecuritySettingsSchema[2m > [22maccepts empty object (all optional)
[31m[1mTypeError[22m: Cannot read properties of undefined (reading 'safeParse')[39m
[36m [2m❯[22m src/test/schemas.test.ts:[2m451:35[22m[39m
    [90m449|[39m [34mdescribe[39m([32m'securitySettingsSchema'[39m[33m,[39m () [33m=>[39m {
    [90m450|[39m   [34mit[39m([32m'accepts empty object (all optional)'[39m[33m,[39m () [33m=>[39m {
    [90m451|[39m     [34mexpect[39m(securitySettingsSchema[33m.[39m[34msafeParse[39m({})[33m.[39msuccess)[33m.[39m[34mtoBe[39m([35mtrue[39m)
    [90m   |[39m                                   [31m^[39m
    [90m452|[39m   })
    [90m453|[39m

[31m[2m⎯⎯⎯⎯⎯⎯⎯⎯⎯⎯⎯⎯⎯⎯⎯⎯⎯⎯⎯⎯[152/213]⎯[22m[39m

[41m[1m FAIL [22m[49m src/test/schemas.test.ts[2m > [22msecuritySettingsSchema[2m > [22maccepts valid boolean flags
[31m[1mTypeError[22m: Cannot read properties of undefined (reading 'safeParse')[39m
[36m [2m❯[22m src/test/schemas.test.ts:[2m455:35[22m[39m
    [90m453|[39m
    [90m454|[39m   [34mit[39m([32m'accepts valid boolean flags'[39m[33m,[39m () [33m=>[39m {
    [90m455|[39m     [34mexpect[39m(securitySettingsSchema[33m.[39m[34msafeParse[39m({
    [90m   |[39m                                   [31m^[39m
    [90m456|[39m       honeytokensEnabled[33m:[39m [35mtrue[39m[33m,[39m
    [90m457|[39m       rateLimitEnabled[33m:[39m [35mfalse[39m[33m,[39m

[31m[2m⎯⎯⎯⎯⎯⎯⎯⎯⎯⎯⎯⎯⎯⎯⎯⎯⎯⎯⎯⎯[153/213]⎯[22m[39m

[41m[1m FAIL [22m[49m src/test/schemas.test.ts[2m > [22msecuritySettingsSchema[2m > [22mrejects non-boolean flag
[31m[1mTypeError[22m: Cannot read properties of undefined (reading 'safeParse')[39m
[36m [2m❯[22m src/test/schemas.test.ts:[2m464:35[22m[39m
    [90m462|[39m
    [90m463|[39m   [34mit[39m([32m'rejects non-boolean flag'[39m[33m,[39m () [33m=>[39m {
    [90m464|[39m     expect(securitySettingsSchema.safeParse({ honeytokensEnabled: 'yes…
    [90m   |[39m                                   [31m^[39m
    [90m465|[39m   })
    [90m466|[39m

[31m[2m⎯⎯⎯⎯⎯⎯⎯⎯⎯⎯⎯⎯⎯⎯⎯⎯⎯⎯⎯⎯[154/213]⎯[22m[39m

[41m[1m FAIL [22m[49m src/test/schemas.test.ts[2m > [22msecuritySettingsSchema[2m > [22maccepts valid threshold
[31m[1mTypeError[22m: Cannot read properties of undefined (reading 'safeParse')[39m
[36m [2m❯[22m src/test/schemas.test.ts:[2m468:35[22m[39m
    [90m466|[39m
    [90m467|[39m   [34mit[39m([32m'accepts valid threshold'[39m[33m,[39m () [33m=>[39m {
    [90m468|[39m     expect(securitySettingsSchema.safeParse({ autoBlockThreshold: 20 }…
    [90m   |[39m                                   [31m^[39m
    [90m469|[39m   })
    [90m470|[39m

[31m[2m⎯⎯⎯⎯⎯⎯⎯⎯⎯⎯⎯⎯⎯⎯⎯⎯⎯⎯⎯⎯[155/213]⎯[22m[39m

[41m[1m FAIL [22m[49m src/test/schemas.test.ts[2m > [22msecuritySettingsSchema[2m > [22mrejects threshold below minimum (3)
[31m[1mTypeError[22m: Cannot read properties of undefined (reading 'safeParse')[39m
[36m [2m❯[22m src/test/schemas.test.ts:[2m472:35[22m[39m
    [90m470|[39m
    [90m471|[39m   [34mit[39m([32m'rejects threshold below minimum (3)'[39m[33m,[39m () [33m=>[39m {
    [90m472|[39m     expect(securitySettingsSchema.safeParse({ autoBlockThreshold: 2 })…
    [90m   |[39m                                   [31m^[39m
    [90m473|[39m   })
    [90m474|[39m

[31m[2m⎯⎯⎯⎯⎯⎯⎯⎯⎯⎯⎯⎯⎯⎯⎯⎯⎯⎯⎯⎯[156/213]⎯[22m[39m

[41m[1m FAIL [22m[49m src/test/schemas.test.ts[2m > [22msecuritySettingsSchema[2m > [22mrejects threshold above maximum (50)
[31m[1mTypeError[22m: Cannot read properties of undefined (reading 'safeParse')[39m
[36m [2m❯[22m src/test/schemas.test.ts:[2m476:35[22m[39m
    [90m474|[39m
    [90m475|[39m   [34mit[39m([32m'rejects threshold above maximum (50)'[39m[33m,[39m () [33m=>[39m {
    [90m476|[39m     expect(securitySettingsSchema.safeParse({ autoBlockThreshold: 51 }…
    [90m   |[39m                                   [31m^[39m
    [90m477|[39m   })
    [90m478|[39m

[31m[2m⎯⎯⎯⎯⎯⎯⎯⎯⎯⎯⎯⎯⎯⎯⎯⎯⎯⎯⎯⎯[157/213]⎯[22m[39m

[41m[1m FAIL [22m[49m src/test/schemas.test.ts[2m > [22msecuritySettingsSchema[2m > [22maccepts valid tarpitMinMs / tarpitMaxMs
[31m[1mTypeError[22m: Cannot read properties of undefined (reading 'safeParse')[39m
[36m [2m❯[22m src/test/schemas.test.ts:[2m480:35[22m[39m
    [90m478|[39m
    [90m479|[39m   [34mit[39m([32m'accepts valid tarpitMinMs / tarpitMaxMs'[39m[33m,[39m () [33m=>[39m {
    [90m480|[39m     expect(securitySettingsSchema.safeParse({ tarpitMinMs: 1000, tarpi…
    [90m   |[39m                                   [31m^[39m
    [90m481|[39m   })
    [90m482|[39m

[31m[2m⎯⎯⎯⎯⎯⎯⎯⎯⎯⎯⎯⎯⎯⎯⎯⎯⎯⎯⎯⎯[158/213]⎯[22m[39m

[41m[1m FAIL [22m[49m src/test/schemas.test.ts[2m > [22msecuritySettingsSchema[2m > [22mrejects tarpitMaxMs above 60000
[31m[1mTypeError[22m: Cannot read properties of undefined (reading 'safeParse')[39m
[36m [2m❯[22m src/test/schemas.test.ts:[2m484:35[22m[39m
    [90m482|[39m
    [90m483|[39m   [34mit[39m([32m'rejects tarpitMaxMs above 60000'[39m[33m,[39m () [33m=>[39m {
    [90m484|[39m     expect(securitySettingsSchema.safeParse({ tarpitMaxMs: 70000 }).su…
    [90m   |[39m                                   [31m^[39m
    [90m485|[39m   })
    [90m486|[39m })

[31m[2m⎯⎯⎯⎯⎯⎯⎯⎯⎯⎯⎯⎯⎯⎯⎯⎯⎯⎯⎯⎯[159/213]⎯[22m[39m

[41m[1m FAIL [22m[49m src/test/security-incidents-api.test.ts[2m > [22mSecurity Incidents API handler[2m > [22mGET /api/security-incidents[2m > [22mreturns empty incidents list when no alerts stored
[31m[1mAssertionError[22m: expected "vi.fn()" to be called with arguments: [ { incidents: [] } ][90m

Received:

[1m  1st vi.fn() call:

[22m[2m  [[22m
[2m    {[22m
[32m-     "incidents": [],[90m
[31m+     "error": "Service unavailable",[90m
[31m+     "message": "KV storage is not configured.",[90m
[2m    },[22m
[2m  ][22m
[31m[90m

Number of calls: [1m1[22m
[31m[39m
[36m [2m❯[22m src/test/security-incidents-api.test.ts:[2m88:24[22m[39m
    [90m 86|[39m       [35mconst[39m res [33m=[39m [34mmockRes[39m()
    [90m 87|[39m       [35mawait[39m [34mhandler[39m({ method[33m:[39m [32m'GET'[39m[33m,[39m headers[33m:[39m {} } [35mas[39m any[33m,[39m res [35mas[39m any)
    [90m 88|[39m       [34mexpect[39m(res[33m.[39mjson)[33m.[39m[34mtoHaveBeenCalledWith[39m({ incidents[33m:[39m [] })
    [90m   |[39m                        [31m^[39m
    [90m 89|[39m     })
    [90m 90|[39m

[31m[2m⎯⎯⎯⎯⎯⎯⎯⎯⎯⎯⎯⎯⎯⎯⎯⎯⎯⎯⎯⎯[160/213]⎯[22m[39m

[41m[1m FAIL [22m[49m src/test/security-incidents-api.test.ts[2m > [22mSecurity Incidents API handler[2m > [22mGET /api/security-incidents[2m > [22mreturns parsed JSON incidents
[31m[1mAssertionError[22m: expected "vi.fn()" to be called with arguments: [ { incidents: [ { …(3) } ] } ][90m

Received:

[1m  1st vi.fn() call:

[22m[2m  [[22m
[2m    {[22m
[32m-     "incidents": [[90m
[32m-       {[90m
[32m-         "hashedIp": "abc",[90m
[32m-         "key": "admin_backup",[90m
[32m-         "timestamp": "2026-01-01",[90m
[32m-       },[90m
[32m-     ],[90m
[31m+     "error": "Service unavailable",[90m
[31m+     "message": "KV storage is not configured.",[90m
[2m    },[22m
[2m  ][22m
[31m[90m

Number of calls: [1m1[22m
[31m[39m
[36m [2m❯[22m src/test/security-incidents-api.test.ts:[2m96:24[22m[39m
    [90m 94|[39m       [35mconst[39m res [33m=[39m [34mmockRes[39m()
    [90m 95|[39m       [35mawait[39m [34mhandler[39m({ method[33m:[39m [32m'GET'[39m[33m,[39m headers[33m:[39m {} } [35mas[39m any[33m,[39m res [35mas[39m any)
    [90m 96|[39m       [34mexpect[39m(res[33m.[39mjson)[33m.[39m[34mtoHaveBeenCalledWith[39m({ incidents[33m:[39m [entry] })
    [90m   |[39m                        [31m^[39m
    [90m 97|[39m     })
    [90m 98|[39m

[31m[2m⎯⎯⎯⎯⎯⎯⎯⎯⎯⎯⎯⎯⎯⎯⎯⎯⎯⎯⎯⎯[161/213]⎯[22m[39m

[41m[1m FAIL [22m[49m src/test/security-incidents-api.test.ts[2m > [22mSecurity Incidents API handler[2m > [22mGET /api/security-incidents[2m > [22mgracefully handles malformed JSON entries
[31m[1mAssertionError[22m: Target cannot be null or undefined.[39m
[36m [2m❯[22m src/test/security-incidents-api.test.ts:[2m104:30[22m[39m
    [90m102|[39m       [35mawait[39m [34mhandler[39m({ method[33m:[39m [32m'GET'[39m[33m,[39m headers[33m:[39m {} } [35mas[39m any[33m,[39m res [35mas[39m any)
    [90m103|[39m       const call = vi.mocked(res.json).mock.calls[0][0] as { incidents…
    [90m104|[39m       [34mexpect[39m(call[33m.[39mincidents)[33m.[39m[34mtoHaveLength[39m([34m2[39m)
    [90m   |[39m                              [31m^[39m
    [90m105|[39m     })
    [90m106|[39m   })

[31m[2m⎯⎯⎯⎯⎯⎯⎯⎯⎯⎯⎯⎯⎯⎯⎯⎯⎯⎯⎯⎯[162/213]⎯[22m[39m

[41m[1m FAIL [22m[49m src/test/security-incidents-api.test.ts[2m > [22mSecurity Incidents API handler[2m > [22mDELETE /api/security-incidents[2m > [22mclears the honeytoken alerts list
[31m[1mAssertionError[22m: expected "vi.fn()" to be called with arguments: [ 'zd-honeytoken-alerts' ][90m

Number of calls: [1m0[22m
[31m[39m
[36m [2m❯[22m src/test/security-incidents-api.test.ts:[2m112:23[22m[39m
    [90m110|[39m       [35mconst[39m res [33m=[39m [34mmockRes[39m()
    [90m111|[39m       await handler({ method: 'DELETE', headers: {} } as any, res as a…
    [90m112|[39m       [34mexpect[39m(mockDel)[33m.[39m[34mtoHaveBeenCalledWith[39m([32m'zd-honeytoken-alerts'[39m)
    [90m   |[39m                       [31m^[39m
    [90m113|[39m       [34mexpect[39m(res[33m.[39mjson)[33m.[39m[34mtoHaveBeenCalledWith[39m({ success[33m:[39m [35mtrue[39m })
    [90m114|[39m     })

[31m[2m⎯⎯⎯⎯⎯⎯⎯⎯⎯⎯⎯⎯⎯⎯⎯⎯⎯⎯⎯⎯[163/213]⎯[22m[39m

[41m[1m FAIL [22m[49m src/test/security-incidents-api.test.ts[2m > [22mSecurity Incidents API handler[2m > [22mreturns 405 for unsupported methods
[31m[1mAssertionError[22m: expected "vi.fn()" to be called with arguments: [ 405 ][90m

Received:

[1m  1st vi.fn() call:

[22m[2m  [[22m
[32m-   405,[90m
[31m+   503,[90m
[2m  ][22m
[31m[90m

Number of calls: [1m1[22m
[31m[39m
[36m [2m❯[22m src/test/security-incidents-api.test.ts:[2m120:24[22m[39m
    [90m118|[39m     [35mconst[39m res [33m=[39m [34mmockRes[39m()
    [90m119|[39m     [35mawait[39m [34mhandler[39m({ method[33m:[39m [32m'PATCH'[39m[33m,[39m headers[33m:[39m {} } [35mas[39m any[33m,[39m res [35mas[39m any)
    [90m120|[39m     [34mexpect[39m(res[33m.[39mstatus)[33m.[39m[34mtoHaveBeenCalledWith[39m([34m405[39m)
    [90m   |[39m                        [31m^[39m
    [90m121|[39m   })
    [90m122|[39m })

[31m[2m⎯⎯⎯⎯⎯⎯⎯⎯⎯⎯⎯⎯⎯⎯⎯⎯⎯⎯⎯⎯[164/213]⎯[22m[39m

[41m[1m FAIL [22m[49m src/test/security-settings-api.test.ts[2m > [22mSecurity Settings API handler[2m > [22mGET /api/security-settings[2m > [22mreturns full defaults when nothing stored
[31m[1mAssertionError[22m: expected "vi.fn()" to be called with arguments: [ { settings: { …(15) } } ][90m

Received:

[1m  1st vi.fn() call:

[22m[2m  [[22m
[2m    {[22m
[32m-     "settings": {[90m
[32m-       "alertingEnabled": false,[90m
[32m-       "autoBlockThreshold": 12,[90m
[32m-       "entropyInjectionEnabled": true,[90m
[32m-       "hardBlockEnabled": true,[90m
[32m-       "honeytokensEnabled": true,[90m
[32m-       "maxAlertsStored": 500,[90m
[32m-       "rateLimitEnabled": true,[90m
[32m-       "robotsTrapEnabled": true,[90m
[32m-       "sessionBindingEnabled": true,[90m
[32m-       "sessionTtlSeconds": 14400,[90m
[32m-       "suspiciousUaBlockingEnabled": true,[90m
[32m-       "tarpitMaxMs": 8000,[90m
[32m-       "tarpitMinMs": 3000,[90m
[32m-       "threatScoringEnabled": true,[90m
[32m-       "zipBombEnabled": false,[90m
[32m-     },[90m
[31m+     "error": "Service unavailable",[90m
[31m+     "message": "KV storage is not configured.",[90m
[2m    },[22m
[2m  ][22m
[31m[90m

Number of calls: [1m1[22m
[31m[39m
[36m [2m❯[22m src/test/security-settings-api.test.ts:[2m100:24[22m[39m
    [90m 98|[39m       [35mconst[39m res [33m=[39m [34mmockRes[39m()
    [90m 99|[39m       [35mawait[39m [34mhandler[39m({ method[33m:[39m [32m'GET'[39m[33m,[39m headers[33m:[39m {} } [35mas[39m any[33m,[39m res [35mas[39m any)
    [90m100|[39m       [34mexpect[39m(res[33m.[39mjson)[33m.[39m[34mtoHaveBeenCalledWith[39m({ settings[33m:[39m [33mDEFAULTS[39m })
    [90m   |[39m                        [31m^[39m
    [90m101|[39m     })
    [90m102|[39m

[31m[2m⎯⎯⎯⎯⎯⎯⎯⎯⎯⎯⎯⎯⎯⎯⎯⎯⎯⎯⎯⎯[165/213]⎯[22m[39m

[41m[1m FAIL [22m[49m src/test/security-settings-api.test.ts[2m > [22mSecurity Settings API handler[2m > [22mGET /api/security-settings[2m > [22mmerges stored partial settings with defaults
[31m[1mAssertionError[22m: expected "vi.fn()" to be called with arguments: [ { settings: { …(15) } } ][90m

Received:

[1m  1st vi.fn() call:

[22m[2m  [[22m
[2m    {[22m
[32m-     "settings": {[90m
[32m-       "alertingEnabled": true,[90m
[32m-       "autoBlockThreshold": 12,[90m
[32m-       "entropyInjectionEnabled": true,[90m
[32m-       "hardBlockEnabled": true,[90m
[32m-       "honeytokensEnabled": true,[90m
[32m-       "maxAlertsStored": 500,[90m
[32m-       "rateLimitEnabled": true,[90m
[32m-       "robotsTrapEnabled": true,[90m
[32m-       "sessionBindingEnabled": true,[90m
[32m-       "sessionTtlSeconds": 14400,[90m
[32m-       "suspiciousUaBlockingEnabled": true,[90m
[32m-       "tarpitMaxMs": 8000,[90m
[32m-       "tarpitMinMs": 3000,[90m
[32m-       "threatScoringEnabled": true,[90m
[32m-       "zipBombEnabled": true,[90m
[32m-     },[90m
[31m+     "error": "Service unavailable",[90m
[31m+     "message": "KV storage is not configured.",[90m
[2m    },[22m
[2m  ][22m
[31m[90m

Number of calls: [1m1[22m
[31m[39m
[36m [2m❯[22m src/test/security-settings-api.test.ts:[2m107:24[22m[39m
    [90m105|[39m       [35mconst[39m res [33m=[39m [34mmockRes[39m()
    [90m106|[39m       [35mawait[39m [34mhandler[39m({ method[33m:[39m [32m'GET'[39m[33m,[39m headers[33m:[39m {} } [35mas[39m any[33m,[39m res [35mas[39m any)
    [90m107|[39m       [34mexpect[39m(res[33m.[39mjson)[33m.[39m[34mtoHaveBeenCalledWith[39m({
    [90m   |[39m                        [31m^[39m
    [90m108|[39m         settings: { ...DEFAULTS, zipBombEnabled: true, alertingEnabled…
    [90m109|[39m       })

[31m[2m⎯⎯⎯⎯⎯⎯⎯⎯⎯⎯⎯⎯⎯⎯⎯⎯⎯⎯⎯⎯[166/213]⎯[22m[39m

[41m[1m FAIL [22m[49m src/test/security-settings-api.test.ts[2m > [22mSecurity Settings API handler[2m > [22mPOST /api/security-settings[2m > [22mstores updated settings
[31m[1mAssertionError[22m: expected "vi.fn()" to be called with arguments: [ 'zd-security-settings', …(1) ][90m

Number of calls: [1m0[22m
[31m[39m
[36m [2m❯[22m src/test/security-settings-api.test.ts:[2m122:23[22m[39m
    [90m120|[39m         body[33m:[39m { zipBombEnabled[33m:[39m [35mtrue[39m }[33m,[39m
    [90m121|[39m       } [35mas[39m any[33m,[39m res [35mas[39m any)
    [90m122|[39m       [34mexpect[39m(mockSet)[33m.[39m[34mtoHaveBeenCalledWith[39m(
    [90m   |[39m                       [31m^[39m
    [90m123|[39m         [32m'zd-security-settings'[39m[33m,[39m
    [90m124|[39m         expect[33m.[39m[34mobjectContaining[39m({ zipBombEnabled[33m:[39m [35mtrue[39m })

[31m[2m⎯⎯⎯⎯⎯⎯⎯⎯⎯⎯⎯⎯⎯⎯⎯⎯⎯⎯⎯⎯[167/213]⎯[22m[39m

[41m[1m FAIL [22m[49m src/test/security-settings-api.test.ts[2m > [22mSecurity Settings API handler[2m > [22mPOST /api/security-settings[2m > [22mreturns 400 for invalid payload (wrong type)
[31m[1mAssertionError[22m: expected "vi.fn()" to be called with arguments: [ 400 ][90m

Received:

[1m  1st vi.fn() call:

[22m[2m  [[22m
[32m-   400,[90m
[31m+   503,[90m
[2m  ][22m
[31m[90m

Number of calls: [1m1[22m
[31m[39m
[36m [2m❯[22m src/test/security-settings-api.test.ts:[2m136:26[22m[39m
    [90m134|[39m         body[33m:[39m { autoBlockThreshold[33m:[39m [32m'not-a-number'[39m }[33m,[39m
    [90m135|[39m       } [35mas[39m any[33m,[39m res [35mas[39m any)
    [90m136|[39m       [34mexpect[39m(res[33m.[39mstatus)[33m.[39m[34mtoHaveBeenCalledWith[39m([34m400[39m)
    [90m   |[39m                          [31m^[39m
    [90m137|[39m     })
    [90m138|[39m

[31m[2m⎯⎯⎯⎯⎯⎯⎯⎯⎯⎯⎯⎯⎯⎯⎯⎯⎯⎯⎯⎯[168/213]⎯[22m[39m

[41m[1m FAIL [22m[49m src/test/security-settings-api.test.ts[2m > [22mSecurity Settings API handler[2m > [22mPOST /api/security-settings[2m > [22mreturns 400 for invalid threshold out of range
[31m[1mAssertionError[22m: expected "vi.fn()" to be called with arguments: [ 400 ][90m

Received:

[1m  1st vi.fn() call:

[22m[2m  [[22m
[32m-   400,[90m
[31m+   503,[90m
[2m  ][22m
[31m[90m

Number of calls: [1m1[22m
[31m[39m
[36m [2m❯[22m src/test/security-settings-api.test.ts:[2m146:26[22m[39m
    [90m144|[39m         body[33m:[39m { autoBlockThreshold[33m:[39m [34m999[39m }[33m,[39m
    [90m145|[39m       } [35mas[39m any[33m,[39m res [35mas[39m any)
    [90m146|[39m       [34mexpect[39m(res[33m.[39mstatus)[33m.[39m[34mtoHaveBeenCalledWith[39m([34m400[39m)
    [90m   |[39m                          [31m^[39m
    [90m147|[39m     })
    [90m148|[39m

[31m[2m⎯⎯⎯⎯⎯⎯⎯⎯⎯⎯⎯⎯⎯⎯⎯⎯⎯⎯⎯⎯[169/213]⎯[22m[39m

[41m[1m FAIL [22m[49m src/test/security-settings-api.test.ts[2m > [22mSecurity Settings API handler[2m > [22mPOST /api/security-settings[2m > [22mreturns 400 when body is missing
[31m[1mAssertionError[22m: expected "vi.fn()" to be called with arguments: [ 400 ][90m

Received:

[1m  1st vi.fn() call:

[22m[2m  [[22m
[32m-   400,[90m
[31m+   503,[90m
[2m  ][22m
[31m[90m

Number of calls: [1m1[22m
[31m[39m
[36m [2m❯[22m src/test/security-settings-api.test.ts:[2m152:26[22m[39m
    [90m150|[39m       [35mconst[39m res [33m=[39m [34mmockRes[39m()
    [90m151|[39m       await handler({ method: 'POST', headers: {}, body: null } as any…
    [90m152|[39m       [34mexpect[39m(res[33m.[39mstatus)[33m.[39m[34mtoHaveBeenCalledWith[39m([34m400[39m)
    [90m   |[39m                          [31m^[39m
    [90m153|[39m     })
    [90m154|[39m

[31m[2m⎯⎯⎯⎯⎯⎯⎯⎯⎯⎯⎯⎯⎯⎯⎯⎯⎯⎯⎯⎯[170/213]⎯[22m[39m

[41m[1m FAIL [22m[49m src/test/security-settings-api.test.ts[2m > [22mSecurity Settings API handler[2m > [22mPOST /api/security-settings[2m > [22mmerges updated settings with existing stored values
[31m[1mAssertionError[22m: expected "vi.fn()" to be called with arguments: [ 'zd-security-settings', …(1) ][90m

Number of calls: [1m0[22m
[31m[39m
[36m [2m❯[22m src/test/security-settings-api.test.ts:[2m163:23[22m[39m
    [90m161|[39m         body[33m:[39m { alertingEnabled[33m:[39m [35mtrue[39m }[33m,[39m
    [90m162|[39m       } [35mas[39m any[33m,[39m res [35mas[39m any)
    [90m163|[39m       [34mexpect[39m(mockSet)[33m.[39m[34mtoHaveBeenCalledWith[39m(
    [90m   |[39m                       [31m^[39m
    [90m164|[39m         [32m'zd-security-settings'[39m[33m,[39m
    [90m165|[39m         expect.objectContaining({ zipBombEnabled: true, alertingEnable…

[31m[2m⎯⎯⎯⎯⎯⎯⎯⎯⎯⎯⎯⎯⎯⎯⎯⎯⎯⎯⎯⎯[171/213]⎯[22m[39m

[41m[1m FAIL [22m[49m src/test/security-settings-api.test.ts[2m > [22mSecurity Settings API handler[2m > [22mreturns 405 for unsupported methods
[31m[1mAssertionError[22m: expected "vi.fn()" to be called with arguments: [ 405 ][90m

Received:

[1m  1st vi.fn() call:

[22m[2m  [[22m
[32m-   405,[90m
[31m+   503,[90m
[2m  ][22m
[31m[90m

Number of calls: [1m1[22m
[31m[39m
[36m [2m❯[22m src/test/security-settings-api.test.ts:[2m173:24[22m[39m
    [90m171|[39m     [35mconst[39m res [33m=[39m [34mmockRes[39m()
    [90m172|[39m     [35mawait[39m [34mhandler[39m({ method[33m:[39m [32m'DELETE'[39m[33m,[39m headers[33m:[39m {} } [35mas[39m any[33m,[39m res [35mas[39m any)
    [90m173|[39m     [34mexpect[39m(res[33m.[39mstatus)[33m.[39m[34mtoHaveBeenCalledWith[39m([34m405[39m)
    [90m   |[39m                        [31m^[39m
    [90m174|[39m   })
    [90m175|[39m })

[31m[2m⎯⎯⎯⎯⎯⎯⎯⎯⎯⎯⎯⎯⎯⎯⎯⎯⎯⎯⎯⎯[172/213]⎯[22m[39m

[41m[1m FAIL [22m[49m src/test/security.test.ts[2m > [22mSecurity: KV API key validation[2m > [22mrejects GET with overly long key
[31m[1mAssertionError[22m: expected "vi.fn()" to be called with arguments: [ 400 ][90m

Received:

[1m  1st vi.fn() call:

[22m[2m  [[22m
[32m-   400,[90m
[31m+   503,[90m
[2m  ][22m
[31m[90m

Number of calls: [1m1[22m
[31m[39m
[36m [2m❯[22m src/test/security.test.ts:[2m104:24[22m[39m
    [90m102|[39m     [35mconst[39m res [33m=[39m [34mmockRes[39m()
    [90m103|[39m     await kvHandler({ method: 'GET', query: { key: 'a'.repeat(201) }, …
    [90m104|[39m     [34mexpect[39m(res[33m.[39mstatus)[33m.[39m[34mtoHaveBeenCalledWith[39m([34m400[39m)
    [90m   |[39m                        [31m^[39m
    [90m105|[39m     expect(res.json).toHaveBeenCalledWith(expect.objectContaining({ er…
    [90m106|[39m   })

[31m[2m⎯⎯⎯⎯⎯⎯⎯⎯⎯⎯⎯⎯⎯⎯⎯⎯⎯⎯⎯⎯[173/213]⎯[22m[39m

[41m[1m FAIL [22m[49m src/test/security.test.ts[2m > [22mSecurity: KV API key validation[2m > [22mrejects GET with key containing newline characters
[31m[1mAssertionError[22m: expected "vi.fn()" to be called with arguments: [ 400 ][90m

Received:

[1m  1st vi.fn() call:

[22m[2m  [[22m
[32m-   400,[90m
[31m+   503,[90m
[2m  ][22m
[31m[90m

Number of calls: [1m1[22m
[31m[39m
[36m [2m❯[22m src/test/security.test.ts:[2m111:24[22m[39m
    [90m109|[39m     [35mconst[39m res [33m=[39m [34mmockRes[39m()
    [90m110|[39m     await kvHandler({ method: 'GET', query: { key: 'test\nkey' }, body…
    [90m111|[39m     [34mexpect[39m(res[33m.[39mstatus)[33m.[39m[34mtoHaveBeenCalledWith[39m([34m400[39m)
    [90m   |[39m                        [31m^[39m
    [90m112|[39m     expect(res.json).toHaveBeenCalledWith(expect.objectContaining({ er…
    [90m113|[39m   })

[31m[2m⎯⎯⎯⎯⎯⎯⎯⎯⎯⎯⎯⎯⎯⎯⎯⎯⎯⎯⎯⎯[174/213]⎯[22m[39m

[41m[1m FAIL [22m[49m src/test/security.test.ts[2m > [22mSecurity: KV API key validation[2m > [22mrejects GET with key containing carriage return
[31m[1mAssertionError[22m: expected "vi.fn()" to be called with arguments: [ 400 ][90m

Received:

[1m  1st vi.fn() call:

[22m[2m  [[22m
[32m-   400,[90m
[31m+   503,[90m
[2m  ][22m
[31m[90m

Number of calls: [1m1[22m
[31m[39m
[36m [2m❯[22m src/test/security.test.ts:[2m118:24[22m[39m
    [90m116|[39m     [35mconst[39m res [33m=[39m [34mmockRes[39m()
    [90m117|[39m     await kvHandler({ method: 'GET', query: { key: 'test\rkey' }, body…
    [90m118|[39m     [34mexpect[39m(res[33m.[39mstatus)[33m.[39m[34mtoHaveBeenCalledWith[39m([34m400[39m)
    [90m   |[39m                        [31m^[39m
    [90m119|[39m   })
    [90m120|[39m

[31m[2m⎯⎯⎯⎯⎯⎯⎯⎯⎯⎯⎯⎯⎯⎯⎯⎯⎯⎯⎯⎯[175/213]⎯[22m[39m

[41m[1m FAIL [22m[49m src/test/security.test.ts[2m > [22mSecurity: KV API key validation[2m > [22mrejects GET with key containing null byte
[31m[1mAssertionError[22m: expected "vi.fn()" to be called with arguments: [ 400 ][90m

Received:

[1m  1st vi.fn() call:

[22m[2m  [[22m
[32m-   400,[90m
[31m+   503,[90m
[2m  ][22m
[31m[90m

Number of calls: [1m1[22m
[31m[39m
[36m [2m❯[22m src/test/security.test.ts:[2m124:24[22m[39m
    [90m122|[39m     [35mconst[39m res [33m=[39m [34mmockRes[39m()
    [90m123|[39m     await kvHandler({ method: 'GET', query: { key: 'test\0key' }, body…
    [90m124|[39m     [34mexpect[39m(res[33m.[39mstatus)[33m.[39m[34mtoHaveBeenCalledWith[39m([34m400[39m)
    [90m   |[39m                        [31m^[39m
    [90m125|[39m   })
    [90m126|[39m

[31m[2m⎯⎯⎯⎯⎯⎯⎯⎯⎯⎯⎯⎯⎯⎯⎯⎯⎯⎯⎯⎯[176/213]⎯[22m[39m

[41m[1m FAIL [22m[49m src/test/security.test.ts[2m > [22mSecurity: KV API key validation[2m > [22mrejects POST with overly long key
[31m[1mAssertionError[22m: expected "vi.fn()" to be called with arguments: [ 400 ][90m

Received:

[1m  1st vi.fn() call:

[22m[2m  [[22m
[32m-   400,[90m
[31m+   503,[90m
[2m  ][22m
[31m[90m

Number of calls: [1m1[22m
[31m[39m
[36m [2m❯[22m src/test/security.test.ts:[2m130:24[22m[39m
    [90m128|[39m     [35mconst[39m res [33m=[39m [34mmockRes[39m()
    [90m129|[39m     await kvHandler({ method: 'POST', query: {}, body: { key: 'a'.repe…
    [90m130|[39m     [34mexpect[39m(res[33m.[39mstatus)[33m.[39m[34mtoHaveBeenCalledWith[39m([34m400[39m)
    [90m   |[39m                        [31m^[39m
    [90m131|[39m     expect(res.json).toHaveBeenCalledWith(expect.objectContaining({ er…
    [90m132|[39m   })

[31m[2m⎯⎯⎯⎯⎯⎯⎯⎯⎯⎯⎯⎯⎯⎯⎯⎯⎯⎯⎯⎯[177/213]⎯[22m[39m

[41m[1m FAIL [22m[49m src/test/security.test.ts[2m > [22mSecurity: KV API key validation[2m > [22mrejects POST with key containing newline
[31m[1mAssertionError[22m: expected "vi.fn()" to be called with arguments: [ 400 ][90m

Received:

[1m  1st vi.fn() call:

[22m[2m  [[22m
[32m-   400,[90m
[31m+   503,[90m
[2m  ][22m
[31m[90m

Number of calls: [1m1[22m
[31m[39m
[36m [2m❯[22m src/test/security.test.ts:[2m137:24[22m[39m
    [90m135|[39m     [35mconst[39m res [33m=[39m [34mmockRes[39m()
    [90m136|[39m     await kvHandler({ method: 'POST', query: {}, body: { key: 'test\nk…
    [90m137|[39m     [34mexpect[39m(res[33m.[39mstatus)[33m.[39m[34mtoHaveBeenCalledWith[39m([34m400[39m)
    [90m   |[39m                        [31m^[39m
    [90m138|[39m   })
    [90m139|[39m

[31m[2m⎯⎯⎯⎯⎯⎯⎯⎯⎯⎯⎯⎯⎯⎯⎯⎯⎯⎯⎯⎯[178/213]⎯[22m[39m

[41m[1m FAIL [22m[49m src/test/security.test.ts[2m > [22mSecurity: KV API key validation[2m > [22mrejects POST writes to analytics key prefix
[31m[1mAssertionError[22m: expected "vi.fn()" to be called with arguments: [ 403 ][90m

Received:

[1m  1st vi.fn() call:

[22m[2m  [[22m
[32m-   403,[90m
[31m+   503,[90m
[2m  ][22m
[31m[90m

Number of calls: [1m1[22m
[31m[39m
[36m [2m❯[22m src/test/security.test.ts:[2m144:24[22m[39m
    [90m142|[39m     [35mconst[39m res [33m=[39m [34mmockRes[39m()
    [90m143|[39m     await kvHandler({ method: 'POST', query: {}, body: { key: 'nk-anal…
    [90m144|[39m     [34mexpect[39m(res[33m.[39mstatus)[33m.[39m[34mtoHaveBeenCalledWith[39m([34m403[39m)
    [90m   |[39m                        [31m^[39m
    [90m145|[39m     [34mexpect[39m(mockKvSet)[33m.[39mnot[33m.[39m[34mtoHaveBeenCalled[39m()
    [90m146|[39m   })

[31m[2m⎯⎯⎯⎯⎯⎯⎯⎯⎯⎯⎯⎯⎯⎯⎯⎯⎯⎯⎯⎯[179/213]⎯[22m[39m

[41m[1m FAIL [22m[49m src/test/security.test.ts[2m > [22mSecurity: KV API key validation[2m > [22mrejects POST writes to heatmap key prefix
[31m[1mAssertionError[22m: expected "vi.fn()" to be called with arguments: [ 403 ][90m

Received:

[1m  1st vi.fn() call:

[22m[2m  [[22m
[32m-   403,[90m
[31m+   503,[90m
[2m  ][22m
[31m[90m

Number of calls: [1m1[22m
[31m[39m
[36m [2m❯[22m src/test/security.test.ts:[2m152:24[22m[39m
    [90m150|[39m     [35mconst[39m res [33m=[39m [34mmockRes[39m()
    [90m151|[39m     await kvHandler({ method: 'POST', query: {}, body: { key: 'nk-heat…
    [90m152|[39m     [34mexpect[39m(res[33m.[39mstatus)[33m.[39m[34mtoHaveBeenCalledWith[39m([34m403[39m)
    [90m   |[39m                        [31m^[39m
    [90m153|[39m     [34mexpect[39m(mockKvSet)[33m.[39mnot[33m.[39m[34mtoHaveBeenCalled[39m()
    [90m154|[39m   })

[31m[2m⎯⎯⎯⎯⎯⎯⎯⎯⎯⎯⎯⎯⎯⎯⎯⎯⎯⎯⎯⎯[180/213]⎯[22m[39m

[41m[1m FAIL [22m[49m src/test/security.test.ts[2m > [22mSecurity: KV API key validation[2m > [22mrejects POST writes to image cache key prefix
[31m[1mAssertionError[22m: expected "vi.fn()" to be called with arguments: [ 403 ][90m

Received:

[1m  1st vi.fn() call:

[22m[2m  [[22m
[32m-   403,[90m
[31m+   503,[90m
[2m  ][22m
[31m[90m

Number of calls: [1m1[22m
[31m[39m
[36m [2m❯[22m src/test/security.test.ts:[2m160:24[22m[39m
    [90m158|[39m     [35mconst[39m res [33m=[39m [34mmockRes[39m()
    [90m159|[39m     await kvHandler({ method: 'POST', query: {}, body: { key: 'img-cac…
    [90m160|[39m     [34mexpect[39m(res[33m.[39mstatus)[33m.[39m[34mtoHaveBeenCalledWith[39m([34m403[39m)
    [90m   |[39m                        [31m^[39m
    [90m161|[39m     [34mexpect[39m(mockKvSet)[33m.[39mnot[33m.[39m[34mtoHaveBeenCalled[39m()
    [90m162|[39m   })

[31m[2m⎯⎯⎯⎯⎯⎯⎯⎯⎯⎯⎯⎯⎯⎯⎯⎯⎯⎯⎯⎯[181/213]⎯[22m[39m

[41m[1m FAIL [22m[49m src/test/security.test.ts[2m > [22mSecurity: KV API key validation[2m > [22mallows POST writes to legitimate keys
[31m[1mAssertionError[22m: expected "vi.fn()" to be called with arguments: [ { success: true } ][90m

Received:

[1m  1st vi.fn() call:

[22m[2m  [[22m
[2m    {[22m
[32m-     "success": true,[90m
[31m+     "error": "Service unavailable",[90m
[31m+     "message": "KV storage is not configured. Please set KV_REST_API_URL and KV_REST_API_TOKEN environment variables.",[90m
[2m    },[22m
[2m  ][22m
[31m[90m

Number of calls: [1m1[22m
[31m[39m
[36m [2m❯[22m src/test/security.test.ts:[2m170:22[22m[39m
    [90m168|[39m     [35mconst[39m res [33m=[39m [34mmockRes[39m()
    [90m169|[39m     await kvHandler({ method: 'POST', query: {}, body: { key: 'band-da…
    [90m170|[39m     [34mexpect[39m(res[33m.[39mjson)[33m.[39m[34mtoHaveBeenCalledWith[39m({ success[33m:[39m [35mtrue[39m })
    [90m   |[39m                      [31m^[39m
    [90m171|[39m   })
    [90m172|[39m })

[31m[2m⎯⎯⎯⎯⎯⎯⎯⎯⎯⎯⎯⎯⎯⎯⎯⎯⎯⎯⎯⎯[182/213]⎯[22m[39m

[41m[1m FAIL [22m[49m src/test/security.test.ts[2m > [22mSecurity: Honeytoken detection[2m > [22mreturns 403 with taunting message when accessing a honeytoken key via GET
[31m[1mAssertionError[22m: expected "vi.fn()" to be called with arguments: [ 403 ][90m

Received:

[1m  1st vi.fn() call:

[22m[2m  [[22m
[32m-   403,[90m
[31m+   503,[90m
[2m  ][22m
[31m[90m

Number of calls: [1m1[22m
[31m[39m
[36m [2m❯[22m src/test/security.test.ts:[2m330:24[22m[39m
    [90m328|[39m     [35mconst[39m res [33m=[39m [34mmockRes[39m()
    [90m329|[39m     await kvHandler({ method: 'GET', query: { key: 'admin_backup' }, b…
    [90m330|[39m     [34mexpect[39m(res[33m.[39mstatus)[33m.[39m[34mtoHaveBeenCalledWith[39m([34m403[39m)
    [90m   |[39m                        [31m^[39m
    [90m331|[39m     expect(res.json).toHaveBeenCalledWith(expect.objectContaining({ er…
    [90m332|[39m     [34mexpect[39m(triggerHoneytokenAlarm)[33m.[39m[34mtoHaveBeenCalled[39m()

[31m[2m⎯⎯⎯⎯⎯⎯⎯⎯⎯⎯⎯⎯⎯⎯⎯⎯⎯⎯⎯⎯[183/213]⎯[22m[39m

[41m[1m FAIL [22m[49m src/test/security.test.ts[2m > [22mSecurity: Honeytoken detection[2m > [22mreturns 403 with taunting message when writing to a honeytoken key via POST
[31m[1mAssertionError[22m: expected "vi.fn()" to be called with arguments: [ 403 ][90m

Received:

[1m  1st vi.fn() call:

[22m[2m  [[22m
[32m-   403,[90m
[31m+   503,[90m
[2m  ][22m
[31m[90m

Number of calls: [1m1[22m
[31m[39m
[36m [2m❯[22m src/test/security.test.ts:[2m347:24[22m[39m
    [90m345|[39m       headers[33m:[39m {}[33m,[39m
    [90m346|[39m     } as unknown as VercelRequest, res as unknown as unknown as Vercel…
    [90m347|[39m     [34mexpect[39m(res[33m.[39mstatus)[33m.[39m[34mtoHaveBeenCalledWith[39m([34m403[39m)
    [90m   |[39m                        [31m^[39m
    [90m348|[39m     expect(res.json).toHaveBeenCalledWith(expect.objectContaining({ er…
    [90m349|[39m     [34mexpect[39m(triggerHoneytokenAlarm)[33m.[39m[34mtoHaveBeenCalled[39m()

[31m[2m⎯⎯⎯⎯⎯⎯⎯⎯⎯⎯⎯⎯⎯⎯⎯⎯⎯⎯⎯⎯[184/213]⎯[22m[39m

[41m[1m FAIL [22m[49m src/test/security.test.ts[2m > [22mSecurity: Entropy injection for flagged attackers[2m > [22minjects entropy headers and defense headers when the request comes from a flagged attacker
[31m[1mAssertionError[22m: expected "vi.fn()" to be called with arguments: [ { value: { name: 'test' } } ][90m

Received:

[1m  1st vi.fn() call:

[22m[2m  [[22m
[2m    {[22m
[32m-     "value": {[90m
[32m-       "name": "test",[90m
[32m-     },[90m
[31m+     "error": "Service unavailable",[90m
[31m+     "message": "KV storage is not configured. Please set KV_REST_API_URL and KV_REST_API_TOKEN environment variables.",[90m
[2m    },[22m
[2m  ][22m
[31m[90m

Number of calls: [1m1[22m
[31m[39m
[36m [2m❯[22m src/test/security.test.ts:[2m375:22[22m[39m
    [90m373|[39m     [34mexpect[39m(setDefenseHeaders)[33m.[39m[34mtoHaveBeenCalledWith[39m(res)
    [90m374|[39m     [90m// Should still return the normal response[39m
    [90m375|[39m     [34mexpect[39m(res[33m.[39mjson)[33m.[39m[34mtoHaveBeenCalledWith[39m({ value[33m:[39m { name[33m:[39m [32m'test'[39m } })
    [90m   |[39m                      [31m^[39m
    [90m376|[39m   })
    [90m377|[39m

[31m[2m⎯⎯⎯⎯⎯⎯⎯⎯⎯⎯⎯⎯⎯⎯⎯⎯⎯⎯⎯⎯[185/213]⎯[22m[39m

[41m[1m FAIL [22m[49m src/test/spotify-api.test.ts[2m > [22mSpotify API handler — validation[2m > [22mreturns 400 for invalid action
[31m[1mTypeError[22m: Cannot read properties of undefined (reading 'safeParse')[39m
[36m [2m❯[22m validate api/_schemas.ts:[2m230:25[22m[39m
    [90m228|[39m   input[33m:[39m unknown[33m,[39m
    [90m229|[39m )[33m:[39m { success[33m:[39m [35mtrue[39m[33m;[39m data[33m:[39m [33mT[39m } [33m|[39m { success[33m:[39m [35mfalse[39m[33m;[39m error[33m:[39m string } {
    [90m230|[39m   [35mconst[39m result [33m=[39m schema[33m.[39m[34msafeParse[39m(input)
    [90m   |[39m                         [31m^[39m
    [90m231|[39m   [35mif[39m (result[33m.[39msuccess) {
    [90m232|[39m     [35mreturn[39m { success[33m:[39m [35mtrue[39m[33m,[39m data[33m:[39m result[33m.[39mdata }
[90m [2m❯[22m handler api/spotify.ts:[2m80:18[22m[39m
[90m [2m❯[22m src/test/spotify-api.test.ts:[2m117:5[22m[39m

[31m[2m⎯⎯⎯⎯⎯⎯⎯⎯⎯⎯⎯⎯⎯⎯⎯⎯⎯⎯⎯⎯[186/213]⎯[22m[39m

[41m[1m FAIL [22m[49m src/test/spotify-api.test.ts[2m > [22mSpotify API handler — validation[2m > [22mreturns 400 when action=artist but id is missing
[31m[1mTypeError[22m: Cannot read properties of undefined (reading 'safeParse')[39m
[36m [2m❯[22m validate api/_schemas.ts:[2m230:25[22m[39m
    [90m228|[39m   input[33m:[39m unknown[33m,[39m
    [90m229|[39m )[33m:[39m { success[33m:[39m [35mtrue[39m[33m;[39m data[33m:[39m [33mT[39m } [33m|[39m { success[33m:[39m [35mfalse[39m[33m;[39m error[33m:[39m string } {
    [90m230|[39m   [35mconst[39m result [33m=[39m schema[33m.[39m[34msafeParse[39m(input)
    [90m   |[39m                         [31m^[39m
    [90m231|[39m   [35mif[39m (result[33m.[39msuccess) {
    [90m232|[39m     [35mreturn[39m { success[33m:[39m [35mtrue[39m[33m,[39m data[33m:[39m result[33m.[39mdata }
[90m [2m❯[22m handler api/spotify.ts:[2m80:18[22m[39m
[90m [2m❯[22m src/test/spotify-api.test.ts:[2m124:5[22m[39m

[31m[2m⎯⎯⎯⎯⎯⎯⎯⎯⎯⎯⎯⎯⎯⎯⎯⎯⎯⎯⎯⎯[187/213]⎯[22m[39m

[41m[1m FAIL [22m[49m src/test/spotify-api.test.ts[2m > [22mSpotify API handler — validation[2m > [22mreturns 400 when action=top-tracks but id is missing
[31m[1mTypeError[22m: Cannot read properties of undefined (reading 'safeParse')[39m
[36m [2m❯[22m validate api/_schemas.ts:[2m230:25[22m[39m
    [90m228|[39m   input[33m:[39m unknown[33m,[39m
    [90m229|[39m )[33m:[39m { success[33m:[39m [35mtrue[39m[33m;[39m data[33m:[39m [33mT[39m } [33m|[39m { success[33m:[39m [35mfalse[39m[33m;[39m error[33m:[39m string } {
    [90m230|[39m   [35mconst[39m result [33m=[39m schema[33m.[39m[34msafeParse[39m(input)
    [90m   |[39m                         [31m^[39m
    [90m231|[39m   [35mif[39m (result[33m.[39msuccess) {
    [90m232|[39m     [35mreturn[39m { success[33m:[39m [35mtrue[39m[33m,[39m data[33m:[39m result[33m.[39mdata }
[90m [2m❯[22m handler api/spotify.ts:[2m80:18[22m[39m
[90m [2m❯[22m src/test/spotify-api.test.ts:[2m131:5[22m[39m

[31m[2m⎯⎯⎯⎯⎯⎯⎯⎯⎯⎯⎯⎯⎯⎯⎯⎯⎯⎯⎯⎯[188/213]⎯[22m[39m

[41m[1m FAIL [22m[49m src/test/spotify-api.test.ts[2m > [22mSpotify API handler — validation[2m > [22mreturns 400 when action=albums but id is missing
[31m[1mTypeError[22m: Cannot read properties of undefined (reading 'safeParse')[39m
[36m [2m❯[22m validate api/_schemas.ts:[2m230:25[22m[39m
    [90m228|[39m   input[33m:[39m unknown[33m,[39m
    [90m229|[39m )[33m:[39m { success[33m:[39m [35mtrue[39m[33m;[39m data[33m:[39m [33mT[39m } [33m|[39m { success[33m:[39m [35mfalse[39m[33m;[39m error[33m:[39m string } {
    [90m230|[39m   [35mconst[39m result [33m=[39m schema[33m.[39m[34msafeParse[39m(input)
    [90m   |[39m                         [31m^[39m
    [90m231|[39m   [35mif[39m (result[33m.[39msuccess) {
    [90m232|[39m     [35mreturn[39m { success[33m:[39m [35mtrue[39m[33m,[39m data[33m:[39m result[33m.[39mdata }
[90m [2m❯[22m handler api/spotify.ts:[2m80:18[22m[39m
[90m [2m❯[22m src/test/spotify-api.test.ts:[2m137:5[22m[39m

[31m[2m⎯⎯⎯⎯⎯⎯⎯⎯⎯⎯⎯⎯⎯⎯⎯⎯⎯⎯⎯⎯[189/213]⎯[22m[39m

[41m[1m FAIL [22m[49m src/test/spotify-api.test.ts[2m > [22mSpotify API handler — validation[2m > [22mreturns 400 when action=search but query is missing
[31m[1mTypeError[22m: Cannot read properties of undefined (reading 'safeParse')[39m
[36m [2m❯[22m validate api/_schemas.ts:[2m230:25[22m[39m
    [90m228|[39m   input[33m:[39m unknown[33m,[39m
    [90m229|[39m )[33m:[39m { success[33m:[39m [35mtrue[39m[33m;[39m data[33m:[39m [33mT[39m } [33m|[39m { success[33m:[39m [35mfalse[39m[33m;[39m error[33m:[39m string } {
    [90m230|[39m   [35mconst[39m result [33m=[39m schema[33m.[39m[34msafeParse[39m(input)
    [90m   |[39m                         [31m^[39m
    [90m231|[39m   [35mif[39m (result[33m.[39msuccess) {
    [90m232|[39m     [35mreturn[39m { success[33m:[39m [35mtrue[39m[33m,[39m data[33m:[39m result[33m.[39mdata }
[90m [2m❯[22m handler api/spotify.ts:[2m80:18[22m[39m
[90m [2m❯[22m src/test/spotify-api.test.ts:[2m143:5[22m[39m

[31m[2m⎯⎯⎯⎯⎯⎯⎯⎯⎯⎯⎯⎯⎯⎯⎯⎯⎯⎯⎯⎯[190/213]⎯[22m[39m

[41m[1m FAIL [22m[49m src/test/spotify-api.test.ts[2m > [22mSpotify API handler — action: artist[2m > [22mfetches artist data and returns 200 with Cache-Control header
[31m[1mTypeError[22m: Cannot read properties of undefined (reading 'safeParse')[39m
[36m [2m❯[22m validate api/_schemas.ts:[2m230:25[22m[39m
    [90m228|[39m   input[33m:[39m unknown[33m,[39m
    [90m229|[39m )[33m:[39m { success[33m:[39m [35mtrue[39m[33m;[39m data[33m:[39m [33mT[39m } [33m|[39m { success[33m:[39m [35mfalse[39m[33m;[39m error[33m:[39m string } {
    [90m230|[39m   [35mconst[39m result [33m=[39m schema[33m.[39m[34msafeParse[39m(input)
    [90m   |[39m                         [31m^[39m
    [90m231|[39m   [35mif[39m (result[33m.[39msuccess) {
    [90m232|[39m     [35mreturn[39m { success[33m:[39m [35mtrue[39m[33m,[39m data[33m:[39m result[33m.[39mdata }
[90m [2m❯[22m handler api/spotify.ts:[2m80:18[22m[39m
[90m [2m❯[22m src/test/spotify-api.test.ts:[2m167:5[22m[39m

[31m[2m⎯⎯⎯⎯⎯⎯⎯⎯⎯⎯⎯⎯⎯⎯⎯⎯⎯⎯⎯⎯[191/213]⎯[22m[39m

[41m[1m FAIL [22m[49m src/test/spotify-api.test.ts[2m > [22mSpotify API handler — action: artist[2m > [22mreturns Spotify API error status on upstream failure
[31m[1mTypeError[22m: Cannot read properties of undefined (reading 'safeParse')[39m
[36m [2m❯[22m validate api/_schemas.ts:[2m230:25[22m[39m
    [90m228|[39m   input[33m:[39m unknown[33m,[39m
    [90m229|[39m )[33m:[39m { success[33m:[39m [35mtrue[39m[33m;[39m data[33m:[39m [33mT[39m } [33m|[39m { success[33m:[39m [35mfalse[39m[33m;[39m error[33m:[39m string } {
    [90m230|[39m   [35mconst[39m result [33m=[39m schema[33m.[39m[34msafeParse[39m(input)
    [90m   |[39m                         [31m^[39m
    [90m231|[39m   [35mif[39m (result[33m.[39msuccess) {
    [90m232|[39m     [35mreturn[39m { success[33m:[39m [35mtrue[39m[33m,[39m data[33m:[39m result[33m.[39mdata }
[90m [2m❯[22m handler api/spotify.ts:[2m80:18[22m[39m
[90m [2m❯[22m src/test/spotify-api.test.ts:[2m188:5[22m[39m

[31m[2m⎯⎯⎯⎯⎯⎯⎯⎯⎯⎯⎯⎯⎯⎯⎯⎯⎯⎯⎯⎯[192/213]⎯[22m[39m

[41m[1m FAIL [22m[49m src/test/spotify-api.test.ts[2m > [22mSpotify API handler — action: top-tracks[2m > [22mfetches top tracks with default US market
[31m[1mTypeError[22m: Cannot read properties of undefined (reading 'safeParse')[39m
[36m [2m❯[22m validate api/_schemas.ts:[2m230:25[22m[39m
    [90m228|[39m   input[33m:[39m unknown[33m,[39m
    [90m229|[39m )[33m:[39m { success[33m:[39m [35mtrue[39m[33m;[39m data[33m:[39m [33mT[39m } [33m|[39m { success[33m:[39m [35mfalse[39m[33m;[39m error[33m:[39m string } {
    [90m230|[39m   [35mconst[39m result [33m=[39m schema[33m.[39m[34msafeParse[39m(input)
    [90m   |[39m                         [31m^[39m
    [90m231|[39m   [35mif[39m (result[33m.[39msuccess) {
    [90m232|[39m     [35mreturn[39m { success[33m:[39m [35mtrue[39m[33m,[39m data[33m:[39m result[33m.[39mdata }
[90m [2m❯[22m handler api/spotify.ts:[2m80:18[22m[39m
[90m [2m❯[22m src/test/spotify-api.test.ts:[2m211:5[22m[39m

[31m[2m⎯⎯⎯⎯⎯⎯⎯⎯⎯⎯⎯⎯⎯⎯⎯⎯⎯⎯⎯⎯[193/213]⎯[22m[39m

[41m[1m FAIL [22m[49m src/test/spotify-api.test.ts[2m > [22mSpotify API handler — action: top-tracks[2m > [22muses provided market parameter
[31m[1mTypeError[22m: Cannot read properties of undefined (reading 'safeParse')[39m
[36m [2m❯[22m validate api/_schemas.ts:[2m230:25[22m[39m
    [90m228|[39m   input[33m:[39m unknown[33m,[39m
    [90m229|[39m )[33m:[39m { success[33m:[39m [35mtrue[39m[33m;[39m data[33m:[39m [33mT[39m } [33m|[39m { success[33m:[39m [35mfalse[39m[33m;[39m error[33m:[39m string } {
    [90m230|[39m   [35mconst[39m result [33m=[39m schema[33m.[39m[34msafeParse[39m(input)
    [90m   |[39m                         [31m^[39m
    [90m231|[39m   [35mif[39m (result[33m.[39msuccess) {
    [90m232|[39m     [35mreturn[39m { success[33m:[39m [35mtrue[39m[33m,[39m data[33m:[39m result[33m.[39mdata }
[90m [2m❯[22m handler api/spotify.ts:[2m80:18[22m[39m
[90m [2m❯[22m src/test/spotify-api.test.ts:[2m224:5[22m[39m

[31m[2m⎯⎯⎯⎯⎯⎯⎯⎯⎯⎯⎯⎯⎯⎯⎯⎯⎯⎯⎯⎯[194/213]⎯[22m[39m

[41m[1m FAIL [22m[49m src/test/spotify-api.test.ts[2m > [22mSpotify API handler — action: albums[2m > [22mfetches albums for an artist
[31m[1mTypeError[22m: Cannot read properties of undefined (reading 'safeParse')[39m
[36m [2m❯[22m validate api/_schemas.ts:[2m230:25[22m[39m
    [90m228|[39m   input[33m:[39m unknown[33m,[39m
    [90m229|[39m )[33m:[39m { success[33m:[39m [35mtrue[39m[33m;[39m data[33m:[39m [33mT[39m } [33m|[39m { success[33m:[39m [35mfalse[39m[33m;[39m error[33m:[39m string } {
    [90m230|[39m   [35mconst[39m result [33m=[39m schema[33m.[39m[34msafeParse[39m(input)
    [90m   |[39m                         [31m^[39m
    [90m231|[39m   [35mif[39m (result[33m.[39msuccess) {
    [90m232|[39m     [35mreturn[39m { success[33m:[39m [35mtrue[39m[33m,[39m data[33m:[39m result[33m.[39mdata }
[90m [2m❯[22m handler api/spotify.ts:[2m80:18[22m[39m
[90m [2m❯[22m src/test/spotify-api.test.ts:[2m247:5[22m[39m

[31m[2m⎯⎯⎯⎯⎯⎯⎯⎯⎯⎯⎯⎯⎯⎯⎯⎯⎯⎯⎯⎯[195/213]⎯[22m[39m

[41m[1m FAIL [22m[49m src/test/spotify-api.test.ts[2m > [22mSpotify API handler — action: search[2m > [22msearches for an artist by name
[31m[1mTypeError[22m: Cannot read properties of undefined (reading 'safeParse')[39m
[36m [2m❯[22m validate api/_schemas.ts:[2m230:25[22m[39m
    [90m228|[39m   input[33m:[39m unknown[33m,[39m
    [90m229|[39m )[33m:[39m { success[33m:[39m [35mtrue[39m[33m;[39m data[33m:[39m [33mT[39m } [33m|[39m { success[33m:[39m [35mfalse[39m[33m;[39m error[33m:[39m string } {
    [90m230|[39m   [35mconst[39m result [33m=[39m schema[33m.[39m[34msafeParse[39m(input)
    [90m   |[39m                         [31m^[39m
    [90m231|[39m   [35mif[39m (result[33m.[39msuccess) {
    [90m232|[39m     [35mreturn[39m { success[33m:[39m [35mtrue[39m[33m,[39m data[33m:[39m result[33m.[39mdata }
[90m [2m❯[22m handler api/spotify.ts:[2m80:18[22m[39m
[90m [2m❯[22m src/test/spotify-api.test.ts:[2m272:5[22m[39m

[31m[2m⎯⎯⎯⎯⎯⎯⎯⎯⎯⎯⎯⎯⎯⎯⎯⎯⎯⎯⎯⎯[196/213]⎯[22m[39m

[41m[1m FAIL [22m[49m src/test/spotify-api.test.ts[2m > [22mSpotify API handler — token caching[2m > [22muses cached token from Redis when available
[31m[1mTypeError[22m: Cannot read properties of undefined (reading 'safeParse')[39m
[36m [2m❯[22m validate api/_schemas.ts:[2m230:25[22m[39m
    [90m228|[39m   input[33m:[39m unknown[33m,[39m
    [90m229|[39m )[33m:[39m { success[33m:[39m [35mtrue[39m[33m;[39m data[33m:[39m [33mT[39m } [33m|[39m { success[33m:[39m [35mfalse[39m[33m;[39m error[33m:[39m string } {
    [90m230|[39m   [35mconst[39m result [33m=[39m schema[33m.[39m[34msafeParse[39m(input)
    [90m   |[39m                         [31m^[39m
    [90m231|[39m   [35mif[39m (result[33m.[39msuccess) {
    [90m232|[39m     [35mreturn[39m { success[33m:[39m [35mtrue[39m[33m,[39m data[33m:[39m result[33m.[39mdata }
[90m [2m❯[22m handler api/spotify.ts:[2m80:18[22m[39m
[90m [2m❯[22m src/test/spotify-api.test.ts:[2m297:5[22m[39m

[31m[2m⎯⎯⎯⎯⎯⎯⎯⎯⎯⎯⎯⎯⎯⎯⎯⎯⎯⎯⎯⎯[197/213]⎯[22m[39m

[41m[1m FAIL [22m[49m src/test/spotify-api.test.ts[2m > [22mSpotify API handler — token caching[2m > [22mfetches and caches a new token when cache is empty
[31m[1mTypeError[22m: Cannot read properties of undefined (reading 'safeParse')[39m
[36m [2m❯[22m validate api/_schemas.ts:[2m230:25[22m[39m
    [90m228|[39m   input[33m:[39m unknown[33m,[39m
    [90m229|[39m )[33m:[39m { success[33m:[39m [35mtrue[39m[33m;[39m data[33m:[39m [33mT[39m } [33m|[39m { success[33m:[39m [35mfalse[39m[33m;[39m error[33m:[39m string } {
    [90m230|[39m   [35mconst[39m result [33m=[39m schema[33m.[39m[34msafeParse[39m(input)
    [90m   |[39m                         [31m^[39m
    [90m231|[39m   [35mif[39m (result[33m.[39msuccess) {
    [90m232|[39m     [35mreturn[39m { success[33m:[39m [35mtrue[39m[33m,[39m data[33m:[39m result[33m.[39mdata }
[90m [2m❯[22m handler api/spotify.ts:[2m80:18[22m[39m
[90m [2m❯[22m src/test/spotify-api.test.ts:[2m317:5[22m[39m

[31m[2m⎯⎯⎯⎯⎯⎯⎯⎯⎯⎯⎯⎯⎯⎯⎯⎯⎯⎯⎯⎯[198/213]⎯[22m[39m

[41m[1m FAIL [22m[49m src/test/spotify-api.test.ts[2m > [22mSpotify API handler — token caching[2m > [22mstill works when Redis set fails
[31m[1mTypeError[22m: Cannot read properties of undefined (reading 'safeParse')[39m
[36m [2m❯[22m validate api/_schemas.ts:[2m230:25[22m[39m
    [90m228|[39m   input[33m:[39m unknown[33m,[39m
    [90m229|[39m )[33m:[39m { success[33m:[39m [35mtrue[39m[33m;[39m data[33m:[39m [33mT[39m } [33m|[39m { success[33m:[39m [35mfalse[39m[33m;[39m error[33m:[39m string } {
    [90m230|[39m   [35mconst[39m result [33m=[39m schema[33m.[39m[34msafeParse[39m(input)
    [90m   |[39m                         [31m^[39m
    [90m231|[39m   [35mif[39m (result[33m.[39msuccess) {
    [90m232|[39m     [35mreturn[39m { success[33m:[39m [35mtrue[39m[33m,[39m data[33m:[39m result[33m.[39mdata }
[90m [2m❯[22m handler api/spotify.ts:[2m80:18[22m[39m
[90m [2m❯[22m src/test/spotify-api.test.ts:[2m337:5[22m[39m

[31m[2m⎯⎯⎯⎯⎯⎯⎯⎯⎯⎯⎯⎯⎯⎯⎯⎯⎯⎯⎯⎯[199/213]⎯[22m[39m

[41m[1m FAIL [22m[49m src/test/spotify-api.test.ts[2m > [22mSpotify API handler — error handling[2m > [22mreturns 502 when token fetch throws
[31m[1mTypeError[22m: Cannot read properties of undefined (reading 'safeParse')[39m
[36m [2m❯[22m validate api/_schemas.ts:[2m230:25[22m[39m
    [90m228|[39m   input[33m:[39m unknown[33m,[39m
    [90m229|[39m )[33m:[39m { success[33m:[39m [35mtrue[39m[33m;[39m data[33m:[39m [33mT[39m } [33m|[39m { success[33m:[39m [35mfalse[39m[33m;[39m error[33m:[39m string } {
    [90m230|[39m   [35mconst[39m result [33m=[39m schema[33m.[39m[34msafeParse[39m(input)
    [90m   |[39m                         [31m^[39m
    [90m231|[39m   [35mif[39m (result[33m.[39msuccess) {
    [90m232|[39m     [35mreturn[39m { success[33m:[39m [35mtrue[39m[33m,[39m data[33m:[39m result[33m.[39mdata }
[90m [2m❯[22m handler api/spotify.ts:[2m80:18[22m[39m
[90m [2m❯[22m src/test/spotify-api.test.ts:[2m358:5[22m[39m

[31m[2m⎯⎯⎯⎯⎯⎯⎯⎯⎯⎯⎯⎯⎯⎯⎯⎯⎯⎯⎯⎯[200/213]⎯[22m[39m

[41m[1m FAIL [22m[49m src/test/spotify-api.test.ts[2m > [22mSpotify API handler — error handling[2m > [22mreturns 502 when token response is non-ok
[31m[1mTypeError[22m: Cannot read properties of undefined (reading 'safeParse')[39m
[36m [2m❯[22m validate api/_schemas.ts:[2m230:25[22m[39m
    [90m228|[39m   input[33m:[39m unknown[33m,[39m
    [90m229|[39m )[33m:[39m { success[33m:[39m [35mtrue[39m[33m;[39m data[33m:[39m [33mT[39m } [33m|[39m { success[33m:[39m [35mfalse[39m[33m;[39m error[33m:[39m string } {
    [90m230|[39m   [35mconst[39m result [33m=[39m schema[33m.[39m[34msafeParse[39m(input)
    [90m   |[39m                         [31m^[39m
    [90m231|[39m   [35mif[39m (result[33m.[39msuccess) {
    [90m232|[39m     [35mreturn[39m { success[33m:[39m [35mtrue[39m[33m,[39m data[33m:[39m result[33m.[39mdata }
[90m [2m❯[22m handler api/spotify.ts:[2m80:18[22m[39m
[90m [2m❯[22m src/test/spotify-api.test.ts:[2m370:5[22m[39m

[31m[2m⎯⎯⎯⎯⎯⎯⎯⎯⎯⎯⎯⎯⎯⎯⎯⎯⎯⎯⎯⎯[201/213]⎯[22m[39m

[41m[1m FAIL [22m[49m src/test/terminal-api.test.ts[2m > [22mTerminal API handler[2m > [22mreturns matching command output
[31m[1mAssertionError[22m: expected "vi.fn()" to be called with arguments: [ { found: true, …(3) } ][90m

Received:

[1m  1st vi.fn() call:

[22m[2m  [[22m
[2m    {[22m
[32m-     "fileName": null,[90m
[32m-     "fileUrl": null,[90m
[32m-     "found": true,[90m
[32m-     "output": [[90m
[32m-       "STATUS: ACTIVE",[90m
[32m-       "LEVEL: CLASSIFIED",[90m
[32m-     ],[90m
[31m+     "error": "Internal server error",[90m
[2m    },[22m
[2m  ][22m
[31m[90m

Number of calls: [1m1[22m
[31m[39m
[36m [2m❯[22m src/test/terminal-api.test.ts:[2m85:22[22m[39m
    [90m 83|[39m     [35mconst[39m res [33m=[39m [34mmockRes[39m()
    [90m 84|[39m     await handler({ method: 'POST', body: { command: 'status' }, heade…
    [90m 85|[39m     [34mexpect[39m(res[33m.[39mjson)[33m.[39m[34mtoHaveBeenCalledWith[39m({
    [90m   |[39m                      [31m^[39m
    [90m 86|[39m       found[33m:[39m [35mtrue[39m[33m,[39m
    [90m 87|[39m       output[33m:[39m [[32m'STATUS: ACTIVE'[39m[33m,[39m [32m'LEVEL: CLASSIFIED'[39m][33m,[39m

[31m[2m⎯⎯⎯⎯⎯⎯⎯⎯⎯⎯⎯⎯⎯⎯⎯⎯⎯⎯⎯⎯[202/213]⎯[22m[39m

[41m[1m FAIL [22m[49m src/test/terminal-api.test.ts[2m > [22mTerminal API handler[2m > [22mreturns file info when command has fileUrl
[31m[1mAssertionError[22m: expected "vi.fn()" to be called with arguments: [ { found: true, …(3) } ][90m

Received:

[1m  1st vi.fn() call:

[22m[2m  [[22m
[2m    {[22m
[32m-     "fileName": "secret.zip",[90m
[32m-     "fileUrl": "https://example.com/secret.zip",[90m
[32m-     "found": true,[90m
[32m-     "output": [[90m
[32m-       "DECRYPTING...",[90m
[32m-     ],[90m
[31m+     "error": "Internal server error",[90m
[2m    },[22m
[2m  ][22m
[31m[90m

Number of calls: [1m1[22m
[31m[39m
[36m [2m❯[22m src/test/terminal-api.test.ts:[2m97:22[22m[39m
    [90m 95|[39m     [35mconst[39m res [33m=[39m [34mmockRes[39m()
    [90m 96|[39m     await handler({ method: 'POST', body: { command: 'secret' }, heade…
    [90m 97|[39m     [34mexpect[39m(res[33m.[39mjson)[33m.[39m[34mtoHaveBeenCalledWith[39m({
    [90m   |[39m                      [31m^[39m
    [90m 98|[39m       found[33m:[39m [35mtrue[39m[33m,[39m
    [90m 99|[39m       output[33m:[39m [[32m'DECRYPTING...'[39m][33m,[39m

[31m[2m⎯⎯⎯⎯⎯⎯⎯⎯⎯⎯⎯⎯⎯⎯⎯⎯⎯⎯⎯⎯[203/213]⎯[22m[39m

[41m[1m FAIL [22m[49m src/test/terminal-api.test.ts[2m > [22mTerminal API handler[2m > [22mreturns found: false for unknown command
[31m[1mAssertionError[22m: expected "vi.fn()" to be called with arguments: [ { found: false } ][90m

Received:

[1m  1st vi.fn() call:

[22m[2m  [[22m
[2m    {[22m
[32m-     "found": false,[90m
[31m+     "error": "Internal server error",[90m
[2m    },[22m
[2m  ][22m
[31m[90m

Number of calls: [1m1[22m
[31m[39m
[36m [2m❯[22m src/test/terminal-api.test.ts:[2m109:22[22m[39m
    [90m107|[39m     [35mconst[39m res [33m=[39m [34mmockRes[39m()
    [90m108|[39m     await handler({ method: 'POST', body: { command: 'nonexistent' }, …
    [90m109|[39m     [34mexpect[39m(res[33m.[39mjson)[33m.[39m[34mtoHaveBeenCalledWith[39m({ found[33m:[39m [35mfalse[39m })
    [90m   |[39m                      [31m^[39m
    [90m110|[39m   })
    [90m111|[39m

[31m[2m⎯⎯⎯⎯⎯⎯⎯⎯⎯⎯⎯⎯⎯⎯⎯⎯⎯⎯⎯⎯[204/213]⎯[22m[39m

[41m[1m FAIL [22m[49m src/test/terminal-api.test.ts[2m > [22mTerminal API handler[2m > [22mhelp returns only names and descriptions, not outputs
[31m[1mAssertionError[22m: expected undefined to be true // Object.is equality[39m

[32m- Expected:[39m
true

[31m+ Received:[39m
undefined

[36m [2m❯[22m src/test/terminal-api.test.ts:[2m117:28[22m[39m
    [90m115|[39m     await handler({ method: 'POST', body: { command: 'help' }, headers…
    [90m116|[39m     [35mconst[39m response [33m=[39m res[33m.[39mjson[33m.[39mmock[33m.[39mcalls[[34m0[39m][[34m0[39m]
    [90m117|[39m     [34mexpect[39m(response[33m.[39mfound)[33m.[39m[34mtoBe[39m([35mtrue[39m)
    [90m   |[39m                            [31m^[39m
    [90m118|[39m     [34mexpect[39m(response[33m.[39mlisting)[33m.[39m[34mtoHaveLength[39m([34m2[39m)
    [90m119|[39m     expect(response.listing[0]).toEqual({ name: 'status', description:…

[31m[2m⎯⎯⎯⎯⎯⎯⎯⎯⎯⎯⎯⎯⎯⎯⎯⎯⎯⎯⎯⎯[205/213]⎯[22m[39m

[41m[1m FAIL [22m[49m src/test/terminal-api.test.ts[2m > [22mTerminal API handler[2m > [22mreturns found: false when band-data has no terminalCommands
[31m[1mAssertionError[22m: expected "vi.fn()" to be called with arguments: [ { found: false } ][90m

Received:

[1m  1st vi.fn() call:

[22m[2m  [[22m
[2m    {[22m
[32m-     "found": false,[90m
[31m+     "error": "Internal server error",[90m
[2m    },[22m
[2m  ][22m
[31m[90m

Number of calls: [1m1[22m
[31m[39m
[36m [2m❯[22m src/test/terminal-api.test.ts:[2m130:22[22m[39m
    [90m128|[39m     [35mconst[39m res [33m=[39m [34mmockRes[39m()
    [90m129|[39m     await handler({ method: 'POST', body: { command: 'status' }, heade…
    [90m130|[39m     [34mexpect[39m(res[33m.[39mjson)[33m.[39m[34mtoHaveBeenCalledWith[39m({ found[33m:[39m [35mfalse[39m })
    [90m   |[39m                      [31m^[39m
    [90m131|[39m   })
    [90m132|[39m

[31m[2m⎯⎯⎯⎯⎯⎯⎯⎯⎯⎯⎯⎯⎯⎯⎯⎯⎯⎯⎯⎯[206/213]⎯[22m[39m

[41m[1m FAIL [22m[49m src/test/terminal-api.test.ts[2m > [22mTerminal API handler[2m > [22mreturns found: false when band-data is null
[31m[1mAssertionError[22m: expected "vi.fn()" to be called with arguments: [ { found: false } ][90m

Received:

[1m  1st vi.fn() call:

[22m[2m  [[22m
[2m    {[22m
[32m-     "found": false,[90m
[31m+     "error": "Internal server error",[90m
[2m    },[22m
[2m  ][22m
[31m[90m

Number of calls: [1m1[22m
[31m[39m
[36m [2m❯[22m src/test/terminal-api.test.ts:[2m137:22[22m[39m
    [90m135|[39m     [35mconst[39m res [33m=[39m [34mmockRes[39m()
    [90m136|[39m     await handler({ method: 'POST', body: { command: 'status' }, heade…
    [90m137|[39m     [34mexpect[39m(res[33m.[39mjson)[33m.[39m[34mtoHaveBeenCalledWith[39m({ found[33m:[39m [35mfalse[39m })
    [90m   |[39m                      [31m^[39m
    [90m138|[39m   })
    [90m139|[39m

[31m[2m⎯⎯⎯⎯⎯⎯⎯⎯⎯⎯⎯⎯⎯⎯⎯⎯⎯⎯⎯⎯[207/213]⎯[22m[39m

[41m[1m FAIL [22m[49m src/test/threat-score.test.ts[2m > [22mincrementThreatScore()[2m > [22mcalls incrby with the given points
[31m[1mAssertionError[22m: expected "vi.fn()" to be called with arguments: [ 'zd-threat:hashxyz', 5 ][90m

Received:

[1m  1st vi.fn() call:

[22m[2m  [[22m
[32m-   "zd-threat:hashxyz",[90m
[31m+   "nk-threat:hashxyz",[90m
[2m    5,[22m
[2m  ][22m
[31m[90m

Number of calls: [1m1[22m
[31m[39m
[36m [2m❯[22m src/test/threat-score.test.ts:[2m86:24[22m[39m
    [90m 84|[39m   [34mit[39m([32m'calls incrby with the given points'[39m[33m,[39m [35masync[39m () [33m=>[39m {
    [90m 85|[39m     [35mawait[39m [34mincrementThreatScore[39m([32m'hashxyz'[39m[33m,[39m [32m'honeytoken_access'[39m[33m,[39m [34m5[39m)
    [90m 86|[39m     [34mexpect[39m(mockIncrby)[33m.[39m[34mtoHaveBeenCalledWith[39m([32m'zd-threat:hashxyz'[39m[33m,[39m [34m5[39m)
    [90m   |[39m                        [31m^[39m
    [90m 87|[39m   })
    [90m 88|[39m

[31m[2m⎯⎯⎯⎯⎯⎯⎯⎯⎯⎯⎯⎯⎯⎯⎯⎯⎯⎯⎯⎯[208/213]⎯[22m[39m

[41m[1m FAIL [22m[49m src/test/threat-score.test.ts[2m > [22mincrementThreatScore()[2m > [22msets TTL on the threat key
[31m[1mAssertionError[22m: expected "vi.fn()" to be called with arguments: [ 'zd-threat:hashxyz', 3600 ][90m

Received:

[1m  1st vi.fn() call:

[22m[2m  [[22m
[32m-   "zd-threat:hashxyz",[90m
[31m+   "nk-threat:hashxyz",[90m
[2m    3600,[22m
[2m  ][22m
[31m[90m

Number of calls: [1m1[22m
[31m[39m
[36m [2m❯[22m src/test/threat-score.test.ts:[2m91:24[22m[39m
    [90m 89|[39m   [34mit[39m([32m'sets TTL on the threat key'[39m[33m,[39m [35masync[39m () [33m=>[39m {
    [90m 90|[39m     [35mawait[39m [34mincrementThreatScore[39m([32m'hashxyz'[39m[33m,[39m [32m'test'[39m[33m,[39m [34m1[39m)
    [90m 91|[39m     [34mexpect[39m(mockExpire)[33m.[39m[34mtoHaveBeenCalledWith[39m([32m'zd-threat:hashxyz'[39m[33m,[39m [34m3600[39m)
    [90m   |[39m                        [31m^[39m
    [90m 92|[39m   })
    [90m 93|[39m

[31m[2m⎯⎯⎯⎯⎯⎯⎯⎯⎯⎯⎯⎯⎯⎯⎯⎯⎯⎯⎯⎯[209/213]⎯[22m[39m

[41m[1m FAIL [22m[49m src/test/threat-score.test.ts[2m > [22mincrementThreatScore()[2m > [22mauto-blocks when score reaches BLOCK threshold
[31m[1mAssertionError[22m: expected "vi.fn()" to be called with arguments: [ 'zd-blocked:hashxyz', …(2) ][90m

Received:

[1m  1st vi.fn() call:

[22m[2m  [[22m
[32m-   "zd-blocked:hashxyz",[90m
[32m-   ObjectContaining {[90m
[31m+   "nk-blocked:hashxyz",[90m
[31m+   {[90m
[2m      "autoBlocked": true,[22m
[31m+     "blockedAt": "2026-04-07T08:41:51.172Z",[90m
[31m+     "reason": "honeytoken_access",[90m
[31m+     "score": 12,[90m
[2m    },[22m
[2m    {[22m
[2m      "ex": 604800,[22m
[2m    },[22m
[2m  ][22m
[31m[90m

Number of calls: [1m1[22m
[31m[39m
[36m [2m❯[22m src/test/threat-score.test.ts:[2m99:21[22m[39m
    [90m 97|[39m     const result = await incrementThreatScore('hashxyz', 'honeytoken_a…
    [90m 98|[39m     [34mexpect[39m(result[33m.[39mlevel)[33m.[39m[34mtoBe[39m([32m'BLOCK'[39m)
    [90m 99|[39m     [34mexpect[39m(mockSet)[33m.[39m[34mtoHaveBeenCalledWith[39m(
    [90m   |[39m                     [31m^[39m
    [90m100|[39m       [32m'zd-blocked:hashxyz'[39m[33m,[39m
    [90m101|[39m       expect[33m.[39m[34mobjectContaining[39m({ autoBlocked[33m:[39m [35mtrue[39m })[33m,[39m

[31m[2m⎯⎯⎯⎯⎯⎯⎯⎯⎯⎯⎯⎯⎯⎯⎯⎯⎯⎯⎯⎯[210/213]⎯[22m[39m

[41m[1m FAIL [22m[49m src/test/use-kv.test.ts[2m > [22museKV[2m > [22mreturns undefined initially and then the default value when API returns nothing
[31m[1mAssertionError[22m: expected { foo: 'bar' } to be undefined[39m

[32m- Expected:[39m
undefined

[31m+ Received:[39m
{
  "foo": "bar",
}

[36m [2m❯[22m src/test/use-kv.test.ts:[2m23:31[22m[39m
    [90m 21|[39m
    [90m 22|[39m     [90m// Initially undefined and not loaded[39m
    [90m 23|[39m     [34mexpect[39m(result[33m.[39mcurrent[[34m0[39m])[33m.[39m[34mtoBeUndefined[39m()
    [90m   |[39m                               [31m^[39m
    [90m 24|[39m     [34mexpect[39m(result[33m.[39mcurrent[[34m2[39m])[33m.[39m[34mtoBe[39m([35mfalse[39m)
    [90m 25|[39m

[31m[2m⎯⎯⎯⎯⎯⎯⎯⎯⎯⎯⎯⎯⎯⎯⎯⎯⎯⎯⎯⎯[211/213]⎯[22m[39m

[41m[1m FAIL [22m[49m src/test/use-kv.test.ts[2m > [22museKV[2m > [22msends x-session-token and credentials on authenticated POST
[31m[1mAssertionError[22m: expected undefined to be 'my-session-token' // Object.is equality

Ignored nodes: comments, script, style
[36m<html>[31m
  [36m<head />[31m
  [36m<body>[31m
    [36m<div />[31m
  [36m</body>[31m
[36m</html>[31m[39m

[32m- Expected:[39m
"my-session-token"

[31m+ Received:[39m
undefined

[36m [2m❯[22m src/test/use-kv.test.ts:[2m131:42[22m[39m
    [90m129|[39m       [35mconst[39m opts [33m=[39m postCalls[[34m0[39m][[34m1[39m] [35mas[39m [33mRequestInit[39m
    [90m130|[39m       [35mconst[39m headers [33m=[39m opts[33m.[39mheaders [35mas[39m [33mRecord[39m[33m<[39mstring[33m,[39m string[33m>[39m
    [90m131|[39m       [34mexpect[39m(headers[[32m'x-session-token'[39m])[33m.[39m[34mtoBe[39m([32m'my-session-token'[39m)
    [90m   |[39m                                          [31m^[39m
    [90m132|[39m       [34mexpect[39m(opts[33m.[39mcredentials)[33m.[39m[34mtoBe[39m([32m'same-origin'[39m)
    [90m133|[39m     })
[90m [2m❯[22m runWithExpensiveErrorDiagnosticsDisabled node_modules/@testing-library/dom/dist/config.js:[2m47:12[22m[39m
[90m [2m❯[22m checkCallback node_modules/@testing-library/dom/dist/wait-for.js:[2m124:77[22m[39m
[90m [2m❯[22m Timeout.checkRealTimersCallback node_modules/@testing-library/dom/dist/wait-for.js:[2m118:16[22m[39m

[31m[2m⎯⎯⎯⎯⎯⎯⎯⎯⎯⎯⎯⎯⎯⎯⎯⎯⎯⎯⎯⎯[212/213]⎯[22m[39m

[41m[1m FAIL [22m[49m src/test/use-kv.test.ts[2m > [22museKV[2m > [22mdoes not POST when no admin token is present
[31m[1mAssertionError[22m: expected [ [ '/api/kv', …(1) ] ] to have a length of +0 but got 1[39m

[32m- Expected[39m
[31m+ Received[39m

[32m- 0[39m
[31m+ 1[39m

[36m [2m❯[22m src/test/use-kv.test.ts:[2m151:23[22m[39m
    [90m149|[39m       (call) [33m=>[39m call[[34m1[39m] [33m&&[39m (call[[34m1[39m] [35mas[39m [33mRequestInit[39m)[33m.[39mmethod [33m===[39m [32m'POST'[39m
    [90m150|[39m     )
    [90m151|[39m     [34mexpect[39m(postCalls)[33m.[39m[34mtoHaveLength[39m([34m0[39m)
    [90m   |[39m                       [31m^[39m
    [90m152|[39m   })
    [90m153|[39m

[31m[2m⎯⎯⎯⎯⎯⎯⎯⎯⎯⎯⎯⎯⎯⎯⎯⎯⎯⎯⎯⎯[213/213]⎯[22m[39m


[2m Test Files [22m [1m[31m27 failed[39m[22m[2m | [22m[1m[32m46 passed[39m[22m[90m (73)[39m
[2m      Tests [22m [1m[31m212 failed[39m[22m[2m | [22m[1m[32m783 passed[39m[22m[90m (995)[39m
[2m   Start at [22m 08:41:37
[2m   Duration [22m 50.24s[2m (transform 3.43s, setup 6.42s, import 17.19s, tests 42.21s, environment 68.40s)[22m
